CSV file path provided: /artifacts/runs/20260927T165742Z-k8s/KPI_Metrics.csv
CSV cell file path constructed: /artifacts/runs/20260927T165742Z-k8s/KPI_Metrics_Cells.csv
[UTIL]: Setting the config -c file to /tmp/flexric.conf
[UTIL]: Setting path -p for the shared libraries to /opt/oai/sm/
[xAapp]: Initializing ... 
[xApp]: nearRT-RIC IP Address = 172.30.27.10, PORT = 36422
[E2 AGENT]: Opening plugin from path = /opt/oai/sm/librlc_sm.so 
[E2 AGENT]: Opening plugin from path = /opt/oai/sm/libmac_sm.so 
[E2 AGENT]: Opening plugin from path = /opt/oai/sm/librc_sm.so 
[E2 AGENT]: Opening plugin from path = /opt/oai/sm/libpdcp_sm.so 
[E2 AGENT]: Opening plugin from path = /opt/oai/sm/libslice_sm.so 
[E2 AGENT]: Opening plugin from path = /opt/oai/sm/libkpm_sm.so 
[E2 AGENT]: Opening plugin from path = /opt/oai/sm/libtc_sm.so 
[E2 AGENT]: Opening plugin from path = /opt/oai/sm/libgtp_sm.so 
[NEAR-RIC]: Loading SM ID = 143 with def = RLC_STATS_V0 
[NEAR-RIC]: Loading SM ID = 142 with def = MAC_STATS_V0 
[NEAR-RIC]: Loading SM ID = 3 with def = ORAN-E2SM-RC 
[NEAR-RIC]: Loading SM ID = 144 with def = PDCP_STATS_V0 
[NEAR-RIC]: Loading SM ID = 145 with def = SLICE_STATS_V0 
[NEAR-RIC]: Loading SM ID = 2 with def = ORAN-E2SM-KPM 
[NEAR-RIC]: Loading SM ID = 146 with def = TC_STATS_V0 
[NEAR-RIC]: Loading SM ID = 148 with def = GTP_STATS_V0 
[xApp]: E42 SETUP-REQUEST tx
[xApp]: E42 SETUP-RESPONSE rx 
[xApp]: xApp ID = 9 
Connected E2 nodes = 1
[xApp] Using S-NSSAI SST=1 SD=ffffff (env SST/SD can override)
[xApp]: E42 RIC SUBSCRIPTION REQUEST tx RAN_FUNC_ID 2 RIC_REQ_ID 1 
[xApp]: SUBSCRIPTION RESPONSE rx
[xApp]: Successfully subscribed to RAN_FUNC_ID 2 
[xApp]: E42 RIC SUBSCRIPTION REQUEST tx RAN_FUNC_ID 2 RIC_REQ_ID 2 
[xApp]: SUBSCRIPTION RESPONSE rx
[xApp]: Successfully subscribed to RAN_FUNC_ID 2 

      1 KPM ind_msg latency = 7 [ms]
CSV cell header written to file: /artifacts/runs/20260927T165742Z-k8s/KPI_Metrics_Cells.csv
Skipping first sample to avoid incorrect initial values.

      2 KPM ind_msg latency = 6 [ms]
CSV cell line written to file: /artifacts/runs/20260927T165742Z-k8s/KPI_Metrics_Cells.csv
Samples collected = 1

      3 KPM ind_msg latency = 7 [ms]
CSV cell line written to file: /artifacts/runs/20260927T165742Z-k8s/KPI_Metrics_Cells.csv
Samples collected = 2

      4 KPM ind_msg latency = 1 [ms]
UE ID type = gNB, amf_ue_ngap_id = 3
ran_ue_id = 1
CSV header written to file: /artifacts/runs/20260927T165742Z-k8s/KPI_Metrics.csv
CSV line written to file: /artifacts/runs/20260927T165742Z-k8s/KPI_Metrics.csv
Samples collected = 3

      5 KPM ind_msg latency = 6 [ms]
CSV cell line written to file: /artifacts/runs/20260927T165742Z-k8s/KPI_Metrics_Cells.csv
Samples collected = 4

      6 KPM ind_msg latency = 1 [ms]
UE ID type = gNB, amf_ue_ngap_id = 3
ran_ue_id = 1
CSV line written to file: /artifacts/runs/20260927T165742Z-k8s/KPI_Metrics.csv
Samples collected = 5

      7 KPM ind_msg latency = 6 [ms]
CSV cell line written to file: /artifacts/runs/20260927T165742Z-k8s/KPI_Metrics_Cells.csv
Samples collected = 6

      8 KPM ind_msg latency = 0 [ms]
UE ID type = gNB, amf_ue_ngap_id = 3
ran_ue_id = 1
CSV line written to file: /artifacts/runs/20260927T165742Z-k8s/KPI_Metrics.csv
Samples collected = 7

      9 KPM ind_msg latency = 6 [ms]
CSV cell line written to file: /artifacts/runs/20260927T165742Z-k8s/KPI_Metrics_Cells.csv
Samples collected = 8

     10 KPM ind_msg latency = 0 [ms]
UE ID type = gNB, amf_ue_ngap_id = 3
ran_ue_id = 1
CSV line written to file: /artifacts/runs/20260927T165742Z-k8s/KPI_Metrics.csv
Samples collected = 9

     11 KPM ind_msg latency = 6 [ms]
CSV cell line written to file: /artifacts/runs/20260927T165742Z-k8s/KPI_Metrics_Cells.csv
Samples collected = 10

     12 KPM ind_msg latency = 0 [ms]
UE ID type = gNB, amf_ue_ngap_id = 3
ran_ue_id = 1
CSV line written to file: /artifacts/runs/20260927T165742Z-k8s/KPI_Metrics.csv
Samples collected = 11

     13 KPM ind_msg latency = 6 [ms]
CSV cell line written to file: /artifacts/runs/20260927T165742Z-k8s/KPI_Metrics_Cells.csv
Samples collected = 12

     14 KPM ind_msg latency = 1 [ms]
UE ID type = gNB, amf_ue_ngap_id = 3
ran_ue_id = 1
CSV line written to file: /artifacts/runs/20260927T165742Z-k8s/KPI_Metrics.csv
Samples collected = 13

     15 KPM ind_msg latency = 7 [ms]
CSV cell line written to file: /artifacts/runs/20260927T165742Z-k8s/KPI_Metrics_Cells.csv
Samples collected = 14

     16 KPM ind_msg latency = 0 [ms]
UE ID type = gNB, amf_ue_ngap_id = 3
ran_ue_id = 1
CSV line written to file: /artifacts/runs/20260927T165742Z-k8s/KPI_Metrics.csv
Samples collected = 15

     17 KPM ind_msg latency = 7 [ms]
CSV cell line written to file: /artifacts/runs/20260927T165742Z-k8s/KPI_Metrics_Cells.csv
Samples collected = 16

     18 KPM ind_msg latency = 0 [ms]
UE ID type = gNB, amf_ue_ngap_id = 3
ran_ue_id = 1
CSV line written to file: /artifacts/runs/20260927T165742Z-k8s/KPI_Metrics.csv
Samples collected = 17

     19 KPM ind_msg latency = 6 [ms]
CSV cell line written to file: /artifacts/runs/20260927T165742Z-k8s/KPI_Metrics_Cells.csv
Samples collected = 18

     20 KPM ind_msg latency = 0 [ms]
UE ID type = gNB, amf_ue_ngap_id = 3
ran_ue_id = 1
CSV line written to file: /artifacts/runs/20260927T165742Z-k8s/KPI_Metrics.csv
Samples collected = 19

     21 KPM ind_msg latency = 6 [ms]
CSV cell line written to file: /artifacts/runs/20260927T165742Z-k8s/KPI_Metrics_Cells.csv
Samples collected = 20

     22 KPM ind_msg latency = 0 [ms]
UE ID type = gNB, amf_ue_ngap_id = 3
ran_ue_id = 1
CSV line written to file: /artifacts/runs/20260927T165742Z-k8s/KPI_Metrics.csv
Samples collected = 21

     23 KPM ind_msg latency = 7 [ms]
CSV cell line written to file: /artifacts/runs/20260927T165742Z-k8s/KPI_Metrics_Cells.csv
Samples collected = 22

     24 KPM ind_msg latency = 0 [ms]
UE ID type = gNB, amf_ue_ngap_id = 3
ran_ue_id = 1
CSV line written to file: /artifacts/runs/20260927T165742Z-k8s/KPI_Metrics.csv
Samples collected = 23

     25 KPM ind_msg latency = 5 [ms]
CSV cell line written to file: /artifacts/runs/20260927T165742Z-k8s/KPI_Metrics_Cells.csv
Samples collected = 24

     26 KPM ind_msg latency = 0 [ms]
UE ID type = gNB, amf_ue_ngap_id = 3
ran_ue_id = 1
CSV line written to file: /artifacts/runs/20260927T165742Z-k8s/KPI_Metrics.csv
Samples collected = 25

     27 KPM ind_msg latency = 9 [ms]
CSV cell line written to file: /artifacts/runs/20260927T165742Z-k8s/KPI_Metrics_Cells.csv
Samples collected = 26

     28 KPM ind_msg latency = 0 [ms]
UE ID type = gNB, amf_ue_ngap_id = 3
ran_ue_id = 1
CSV line written to file: /artifacts/runs/20260927T165742Z-k8s/KPI_Metrics.csv
Samples collected = 27

     29 KPM ind_msg latency = 6 [ms]
CSV cell line written to file: /artifacts/runs/20260927T165742Z-k8s/KPI_Metrics_Cells.csv
Samples collected = 28

     30 KPM ind_msg latency = 0 [ms]
UE ID type = gNB, amf_ue_ngap_id = 3
ran_ue_id = 1
CSV line written to file: /artifacts/runs/20260927T165742Z-k8s/KPI_Metrics.csv
Samples collected = 29

     31 KPM ind_msg latency = 6 [ms]
CSV cell line written to file: /artifacts/runs/20260927T165742Z-k8s/KPI_Metrics_Cells.csv
Samples collected = 30

     32 KPM ind_msg latency = 1 [ms]
UE ID type = gNB, amf_ue_ngap_id = 3
ran_ue_id = 1
CSV line written to file: /artifacts/runs/20260927T165742Z-k8s/KPI_Metrics.csv
Samples collected = 31

     33 KPM ind_msg latency = 12 [ms]
CSV cell line written to file: /artifacts/runs/20260927T165742Z-k8s/KPI_Metrics_Cells.csv
Samples collected = 32

     34 KPM ind_msg latency = 1 [ms]
UE ID type = gNB, amf_ue_ngap_id = 3
ran_ue_id = 1
CSV line written to file: /artifacts/runs/20260927T165742Z-k8s/KPI_Metrics.csv
Samples collected = 33

     35 KPM ind_msg latency = 23 [ms]
CSV cell line written to file: /artifacts/runs/20260927T165742Z-k8s/KPI_Metrics_Cells.csv
Samples collected = 34

     36 KPM ind_msg latency = 0 [ms]
UE ID type = gNB, amf_ue_ngap_id = 3
ran_ue_id = 1
CSV line written to file: /artifacts/runs/20260927T165742Z-k8s/KPI_Metrics.csv
Samples collected = 35

     37 KPM ind_msg latency = 6 [ms]
CSV cell line written to file: /artifacts/runs/20260927T165742Z-k8s/KPI_Metrics_Cells.csv
