CMDLINE: "/opt/oai/bin/nr-uesoftmodem" "-O" "/config/ue.conf" "--rfsim" "--rfsimulator.serveraddr" "10.99.23.202" "--rfsimulator.options" "chanmod" "-r" "106" "--numerology" "1" "--band" "78" "-C" "3619200000" 
[UTIL]   running in SA mode (no --phy-test, --do-ra, --nsa option present)
[0m[UTIL]   threadCreate() for Tpool0_-1: creating thread with affinity ffffffff, priority 97
[0m[UTIL]   threadCreate() for Tpool1_-1: creating thread with affinity ffffffff, priority 97
[0m[UTIL]   threadCreate() for Tpool2_-1: creating thread with affinity ffffffff, priority 97
[0m[UTIL]   threadCreate() for Tpool3_-1: creating thread with affinity ffffffff, priority 97
[0m[UTIL]   threadCreate() for Tpool4_-1: creating thread with affinity ffffffff, priority 97
[0m[UTIL]   threadCreate() for Tpool5_-1: creating thread with affinity ffffffff, priority 97
[0m[UTIL]   threadCreate() for Tpool6_-1: creating thread with affinity ffffffff, priority 97
[0m[UTIL]   threadCreate() for Tpool7_-1: creating thread with affinity ffffffff, priority 97
[0m[OPT]    OPT disabled
[0m[HW]     Version: Branch:  Abrev. Hash:  Date: 
[0m[NR_RRC] create TASK_RRC_NRUE 
[0m[UTIL]   threadCreate() for TASK_RRC_NRUE: creating thread with affinity ffffffff, priority 50
[0m[UTIL]   threadCreate() for TASK_NAS_NRUE: creating thread with affinity ffffffff, priority 50
[0m[SIM]    UICC simulation: IMSI=[REDACTED], IMEISV=6754567890123413, Ki=[REDACTED], OPc=[REDACTED]
[0m[SIM]    overriding potential uicc0.dnn/nssai_sst/nssai_sd from uicc0.pdu_sessions
[0m[SIM]    will request PDU session ID 1, type 1, DNN nist-dnn, NSSAI 1.ffffff
[0m[NR_MAC] [UE0] Initializing MAC
[0m[NR_MAC] Initializing dl and ul config_request. num_slots = 20
[0m[RLC]    Activated srb0 for UE 0
[0m[UTIL]   threadCreate() for time source iq samples: creating thread with affinity ffffffff, priority 2
[0m[UTIL]   time manager configuration: [time source: iq_samples] [mode: standalone] [server IP: 127.0.0.1} [server port: 7374] (server IP/port not used)
[0m[PHY]    Set UE nb_rx_antenna 1, nb_tx_antenna 1, threequarter_fs 0, ofdm_offset_divisor 8
[0m[PHY]    SA init parameters. DL freq 3619200000 UL offset 0 SSB numerology 1 N_RB_DL 106
[0m[PHY]    Init: N_RB_DL 106, first_carrier_offset 1412, nb_prefix_samples 144,nb_prefix_samples0 176, ofdm_symbol_size 2048
[0m[93m[PHY]    samples_per_subframe 61440/per second 61440000, wCP 57344
[0m[PHY]    Set UE_fo_compensation 0, UE_scan_carrier 0, UE_no_timing_correction 0 
, chest-freq 0, chest-time 0
[0m[UTIL]   threadCreate() for SYNC__actor: creating thread with affinity ffffffff, priority 97
[0m[UTIL]   threadCreate() for DL__actor: creating thread with affinity ffffffff, priority 97
[0m[UTIL]   threadCreate() for DL__actor: creating thread with affinity ffffffff, priority 97
[0m[UTIL]   threadCreate() for DL__actor: creating thread with affinity ffffffff, priority 97
[0m[UTIL]   threadCreate() for DL__actor: creating thread with affinity ffffffff, priority 97
[0m[UTIL]   threadCreate() for UL__actor: creating thread with affinity ffffffff, priority 97
[0m[UTIL]   threadCreate() for UL__actor: creating thread with affinity ffffffff, priority 97
[0m[PHY]    Initializing UE vars for gNB TXant 1, UE RXant 1
[0m[PHY]    prs_config configuration NOT found..!! Skipped configuring UE for the PRS reception
[0m[PHY]    HW: Configuring ru_id 0, sample_rate 61440000.000000, tx/rx num_channels 1/1, duplex_mode TDD
[0m[PHY]    HW: Configuring channel 0 (rf_chain 0): setting tx_freq 3619200000 Hz, rx_freq 3619200000 Hz, tune_offset 0
[0m[PHY]    HW: Configuring channel 0 (rf_chain 0): setting tx_gain 0, rx_gain 110
[0m[UTIL]   threadCreate() for ru_start_thread: creating thread with affinity ffffffff, priority 97
[0m[93m[HW]     Warning: rfsimulator parameters should be provided as array elements!
[0m[OCM]    Channel Model (inside of new_channel_desc_scm)=23

[0m[OCM]    [CHANNEL] Getting new channel descriptor, nb_tx 1, nb_rx 1, nb_taps 1, channel_length 1
[0m[OCM]    Model rfsimu_channel_enB0 type AWGN allocated from config file, list modellist_rfsimu_1
[0m[OCM]    Channel Model (inside of new_channel_desc_scm)=23

[0m[OCM]    [CHANNEL] Getting new channel descriptor, nb_tx 1, nb_rx 1, nb_taps 1, channel_length 1
[0m[OCM]    Model rfsimu_channel_enB1 type AWGN allocated from config file, list modellist_rfsimu_1
[0m[OCM]    Channel Model (inside of new_channel_desc_scm)=23

[0m[OCM]    [CHANNEL] Getting new channel descriptor, nb_tx 1, nb_rx 1, nb_taps 1, channel_length 1
[0m[OCM]    Model rfsimu_channel_ue0 type AWGN allocated from config file, list modellist_rfsimu_1
[0m[OCM]    Channel Model (inside of new_channel_desc_scm)=23

[0m[OCM]    [CHANNEL] Getting new channel descriptor, nb_tx 1, nb_rx 1, nb_taps 1, channel_length 1
[0m[OCM]    Model rfsimu_channel_du1 type AWGN allocated from config file, list modellist_rfsimu_1
[0m[OCM]    Channel Model (inside of new_channel_desc_scm)=23

[0m[OCM]    [CHANNEL] Getting new channel descriptor, nb_tx 1, nb_rx 1, nb_taps 1, channel_length 1
[0m[OCM]    Model rfsimu_channel_du2 type AWGN allocated from config file, list modellist_rfsimu_1
[0m[OCM]    Channel Model (inside of new_channel_desc_scm)=23

[0m[OCM]    [CHANNEL] Getting new channel descriptor, nb_tx 1, nb_rx 1, nb_taps 1, channel_length 1
[0m[OCM]    Model rfsimu_channel_du3 type AWGN allocated from config file, list modellist_rfsimu_1
[0m[HW]     Running as client: will connect to a rfsimulator server side
[0m[HW]     [RAU] has loaded RFSIMULATOR device.
[0m[HW]     Trying to connect to 10.99.23.202:4043
[0m[HW]     Connection to 10.99.23.202:4043 established
[0m[HW]     Random channel rfsimu_channel_enB0 in rfsimulator activated
[0m[32m[HW]     RFsim: Number of antennas changed from 0 to 1
[0m[PHY]    Intializing UE Threads for instance 0 ...
[0m[UTIL]   threadCreate() for UEthread_0: creating thread with affinity ffffffff, priority 97
[0m[UTIL]   threadCreate() for L1_UE_stats_0: creating thread with affinity ffffffff, priority 1
[0m[93m[PHY]    SSB position provided
[0m[93m[NR_PHY] Starting sync detection
[0m[PHY]    [UE thread Synch] Running Initial Synch 
[0m[NR_PHY] Starting cell search with center freq: 3619200000, bandwidth: 106. Scanning for 1 number of GSCN.
[0m[NR_PHY] Scanning GSCN: 0, with SSB offset: 516, SSB Freq: 0.000000
[0m[32m[PHY]    Initial sync: pbch decoded sucessfully, ssb index 0
[0m[PHY]    pbch rx ok. rsrp:51 dB/RE, adjust_rxgain:-1 dB
[0m[NR_PHY] Cell Detected with GSCN: 0, SSB SC offset: 516, SSB Ref: 0.000000, PSS Corr peak: 96 dB, PSS Corr Average: 66
[0m[PHY]    [UE0] In synch, rx_offset 0 samples
[0m[PHY]    [UE 0] Measured Carrier Frequency offset -19 Hz
[0m[32m[PHY]    Initial sync successful, PCI: 0
[0m[PHY]    HW: Configuring channel 0 (rf_chain 0): setting tx_freq 3619199981 Hz, rx_freq 3619199981 Hz, tune_offset 0
[0m[PHY]    Got synch: hw_slot_offset 0, carrier off -19 Hz
[0m[NR_RRC] [UE 0] BCCH update: phyCellID 0->0, arfcn_ssb 0->641280
[0m[32m[PHY]    UE synchronized! decoded_frame_rx=596 UE->init_sync_frame=1 trashed_frames=10
[0m[PHY]    Resynchronizing RX by 0 samples
[0m[HW]     received write reorder clear context
[0m[PHY]    max_pos_acc = 0, shiftForNextFrame = 0
[0m[32m[NR_RRC] SIB1 decoded
[0m[NR_MAC] [UE 0] Initial cell selection: dl_frequency=3600120 kHz (from command-line, band=78, scs=1)
[0m[NR_MAC] Initial cell selection: uplink_frequency=3600120 kHz (from dl_frequency=3600120 kHz)
[0m[NR_MAC] TDD period index = 6, based on the sum of dl_UL_TransmissionPeriodicity from Pattern1 (5.000000 ms) and Pattern2 (0.000000 ms): Total = 5.000000 ms
[0m[NR_MAC] Set TDD configuration period to: 8 DL slots, 3 UL slots, 10 slots per period (NR_TDD_UL_DL_Pattern is 7 DL slots, 2 UL slots, 6 DL symbols, 4 UL symbols)
[0m[NR_MAC] Configured 1 TDD patterns (total slots: pattern1 = 10, pattern2 = 0)
[0m[PHY]    N_TA_offset changed from 0 to 800
[0m[MAC]    Initialization of 4-Step CBRA procedure
[0m[NR_MAC] [UE 0] selected PRACH occasion: start_symbol 8 fdm 0 slot 19 format 162
[0m[NR_MAC] PRACH scheduler: Selected RO Frame 609, Slot 19, Symbol 8, Fdm 0
[0m[PHY]    PRACH [UE 0] in frame.slot 609.19, placing PRACH in position 2828, Msg1/MsgA-Preamble frequency start 0 (k1 0), preamble_offset 9, first_nonzero_root_idx 0, preambleIndex = 39
[0m[PHY]    [UE 0] RAR-Msg2 decoded
[0m[NR_MAC] [UE 0][RAPROC][RA-RNTI 0113] Got BI RAR subPDU 5 ms
[0m[NR_MAC] [UE 0][RAPROC][RA-RNTI 0113] Got RAPID RAR subPDU
[0m[32m[NR_MAC] [UE 0][RAPROC][610.10] Found RAR with the intended RAPID 39
[0m[93m[MAC]    received TA command 31
[0m[32m[NR_MAC] [RAPROC][610.19] RA-Msg3 transmitted
[0m[32m[NR_MAC] [UE 0][611.10][RAPROC] 4-Step RA procedure succeeded. CBRA: Contention Resolution is successful.
[0m[NR_RRC] [UE0][RAPROC] Logical Channel DL-CCCH (SRB0), Received NR_RRCSetup
[0m[RLC]    Added srb 1 to UE 0
[0m[NR_RRC] State = NR_RRC_CONNECTED
[0m[NAS]    Generate Initial NAS Message: Registration Request
[0m[NAS]    [UE 0] Received NR_NAS_CONN_ESTABLISH_IND: asCause 0
[0m[NR_RRC] [UE 0][RAPROC] Logical Channel UL-DCCH (SRB1), Generating RRCSetupComplete (bytes33)
[0m[MAC]    [UE 0] Applying CellGroupConfig from gNodeB
[0m[NAS]    [UE 0] Received NAS_DOWNLINK_DATA_IND type FGS_AUTHENTICATION_REQUEST with length 42
[0m[NAS]    [UE 0] Received NAS_DOWNLINK_DATA_IND type FGS_SECURITY_MODE_COMMAND with length 21
[0m[NAS]    Generate Initial NAS Message: Registration Request
[0m[NR_RRC] Received securityModeCommand (gNB 0)
[0m[NR_RRC] Receiving from SRB1 (DL-DCCH), Processing securityModeCommand
[0m[NR_RRC] Security algorithm is set to nea0
[0m[NR_RRC] Integrity protection algorithm is set to nia2
[0m[NR_RRC] Receiving from SRB1 (DL-DCCH), encoding securityModeComplete, rrc_TransactionIdentifier: 2
[0m[NR_RRC] Received Capability Enquiry (gNB 0)
[0m[NR_RRC] Receiving from SRB1 (DL-DCCH), Processing UECapabilityEnquiry
[0m[CONFIG] function config_libconfig_init returned 0
AWGN: ricean_factor 0.000000
AWGN: ricean_factor 0.000000
AWGN: ricean_factor 0.000000
AWGN: ricean_factor 0.000000
AWGN: ricean_factor 0.000000
AWGN: ricean_factor 0.000000
Initializing random number generator, seed 17250205903702107818
TYPE <CTRL-C> TO TERMINATE
Entering ITTI signals handler
TYPE <CTRL-C> TO TERMINATE
kausf:28 8e e3 be f2 5a 7b f9 a5 d 3e d bc e3 c8 fe c5 79 2c a4 58 9d bb 4 a9 d4 27 a6 76 a4 4d 46 
kseaf:c3 a 97 6a 9a 5d 96 ef b2 c8 33 2 c1 5e 59 b6 5 af 9d 29 ba 9c c2 c9 12 14 35 db 6d b1 bd 36 
kamf:6f 38 74 e1 2f 72 34 4f 0 aa 7a 4a c5 bc b1 f a1 de 1b 96 a7 a4 6b 5d ab 2f 67 a8 62 53 ea cb 
knas_int: 2e c 1f 1a dc 6d d2 3b 2b ba ca 61 80 cc 79 91 
knas_enc: 6f aa 43 8c c7 e4 e2 b5 46 e7 26 27 8f 1 b9 f1 
mac f5 ee 8a c2 
[NR_RRC] deriving kRRCenc, kRRCint from KgNB=0b 26 2d 9b 53 1e f1 e3 58 91 31 27 35 11 b0 69 af 37 d4 87 da 7b 6f 4d 3a a0 8b 39 9d 2c ce f1 [0m
[NR_RRC] securityModeComplete payload: 2c 00 00 34 4d 7f 00 00 d0 45 00 34 4d 7f 00 00 [0m
<UE-NR-Capability>
    <accessStratumRelease><rel15/></accessStratumRelease>
    <pdcp-Parameters>
        <supportedROHC-Profiles>
            <profile0x0000><false/></profile0x0000>
            <profile0x0001><false/></profile0x0001>
            <profile0x0002><false/></profile0x0002>
            <profile0x0003><false/></profile0x0003>
            <profile0x0004><false/></profile0x0004>
            <profile0x0006><false/></profile0x0006>
            <profile0x0101><false/></profile0x0101>
            <profile0x0102><false/></profile0x0102>
            <profile0x0103><false/></profile0x0103>
            <profile0x0104><false/></profile0x0104>
        </supportedROHC-Profiles>
        <maxNumberROHC-ContextSessions><cs2/></maxNumberROHC-ContextSessions>
    </pdcp-Parameters>
    <phy-Parameters>
    </phy-Parameters>
    <rf-Parameters>
        <supportedBandListNR>
            <BandNR>
                <bandNR>1</bandNR>
            </BandNR>
        </supportedBandListNR>
    </rf-Parameters>
</UE-NR-Capability>
[PHY]    [RRC]UE NR Capability encoded, 10 bytes (86 bits)
[0m[NR_RRC] UECapabilityInformation Encoded 106 bits (14 bytes)
[0m[NAS]    [UE 0] Received NAS_DOWNLINK_DATA_IND type FGS_REGISTRATION_ACCEPT with length 53
[0m[NAS]    Received Registration Accept with result 3GPP
[0m[NAS]    SMS not allowed in 5GS Registration Result
[0m[NR_RRC] 5G-GUTI: AMF pointer 0, AMF Set ID 0, 5G-TMSI 3166331067 
[0m[NAS]    Send NAS_UPLINK_DATA_REQ message(RegistrationComplete)
[0m[NAS]    requested PDU session ID 1 type 1 NSSAI 1.16777215 DNN nist-dnn
[0m[NAS]    Send NAS_UPLINK_DATA_REQ message(PduSessionEstablishRequest)
[0m[RLC]    Added srb 2 to UE 0
[0m[RLC]    Added drb 1 to UE 0
[0m[RLC]    Added DRB to UE 0
[0m[NR_RRC] RRCReconfiguration includes radio Bearer Configuration
[0m[MAC]    [UE 0] Applying CellGroupConfig from gNodeB
[0m[SDAP]   Default DRB for the created SDAP entity: DRB 1 
[0m[PDCP]   Added DRB 1 to UE ID 0
[0m[NR_RRC] State = NR_RRC_CONNECTED
[0m[NR_RRC] RRCReconfiguration includes Measurement Configuration
[0m[93m[NR_RRC] Measurement gaps not yet supported!
[0m[NR_RRC] rrcReconfigurationComplete Encoded 10 bits (2 bytes)
[0m[NAS]    [UE 0] Received NAS_CONN_ESTABLI_CNF: errCode 1, length 103
[0m[NR_RRC]  Logical Channel UL-DCCH (SRB1), Generating RRCReconfigurationComplete (bytes 2)
[0m[NAS]    Received PDU Session Establishment Accept, UE IPv4: 10.1.0.2
[0m[32m[OIP]    TUN Interface oaitun_ue1 successfully configured, IPv4 10.1.0.2, IPv6 (null)
[0m[UTIL]   threadCreate() for ue_tun_read_0_p1: creating thread with affinity ffffffff, priority 1
[0m[NR_MAC] UE 0 RNTI df69 stats sfn: 640.8, cumulated bad DCI 0
    DL harq: 12/0
    UL harq: 34/0 avg code rate 0.1, avg bit/symbol 2.0, avg per TB: (nb RBs 32.0, nb symbols 4.5)
[0m[NR_MAC] UE 0 RNTI df69 stats sfn: 768.8, cumulated bad DCI 0
    DL harq: 33/0
    UL harq: 91/0 avg code rate 0.1, avg bit/symbol 2.1, avg per TB: (nb RBs 17.0, nb symbols 4.4)
[0m[NR_MAC] UE 0 RNTI df69 stats sfn: 896.8, cumulated bad DCI 0
    DL harq: 35/0
    UL harq: 109/0 avg code rate 0.1, avg bit/symbol 2.1, avg per TB: (nb RBs 16.9, nb symbols 5.4)
[0m[NR_MAC] UE 0 RNTI df69 stats sfn: 0.8, cumulated bad DCI 0
    DL harq: 37/0
    UL harq: 122/0 avg code rate 0.1, avg bit/symbol 2.1, avg per TB: (nb RBs 15.6, nb symbols 6.3)
[0m[NR_MAC] UE 0 RNTI df69 stats sfn: 128.8, cumulated bad DCI 0
    DL harq: 39/0
    UL harq: 140/0 avg code rate 0.1, avg bit/symbol 2.0, avg per TB: (nb RBs 15.7, nb symbols 6.8)
[0m[NR_MAC] UE 0 RNTI df69 stats sfn: 256.8, cumulated bad DCI 0
    DL harq: 40/0
    UL harq: 153/0 avg code rate 0.1, avg bit/symbol 2.0, avg per TB: (nb RBs 14.8, nb symbols 7.4)
