Trying to read .yaml configuration file
LTTNG Tracing disabled at build-time!
[2026-09-27 17:48:39.085] [amf_app] [start] Options parsed!
[2026-09-27 17:48:39.086] [system ] [debug] Parsing the configuration file, file type YAML.
[2026-09-27 17:48:39.087] [config ] [info] Reading NF configuration from /config/config.yaml
[2026-09-27 17:48:39.098] [config ] [debug] Unknown NF udr in configuration. Ignored
[2026-09-27 17:48:39.098] [config ] [debug] Unknown NF upf in configuration. Ignored
[2026-09-27 17:48:39.098] [config ] [debug] Validating configuration of log_level
[2026-09-27 17:48:39.098] [config ] [debug] Validating configuration of register_nf
[2026-09-27 17:48:39.098] [config ] [debug] Validating configuration of http_version
[2026-09-27 17:48:39.098] [config ] [debug] Validating configuration of http_request_timeout
[2026-09-27 17:48:39.098] [config ] [debug] Validating configuration of NSSF
[2026-09-27 17:48:39.098] [config ] [debug] Validating configuration of NRF
[2026-09-27 17:48:39.099] [config ] [debug] Validating configuration of UDM
[2026-09-27 17:48:39.100] [config ] [debug] Validating configuration of AUSF
[2026-09-27 17:48:39.100] [config ] [debug] Validating configuration of SMF
[2026-09-27 17:48:39.100] [config ] [debug] Validating configuration of AMF
[2026-09-27 17:48:39.102] [config ] [debug] Validating configuration of database
[2026-09-27 17:48:39.103] [config] [info] ==== OAI-CN5G AMF vBranch: HEAD Abrev. Hash: 5ad2873c Date: Tue Dec 9 12:09:26 2025 +0000 ====
[2026-09-27 17:48:39.103] [config] [info] ======================    AMF   =====================
[2026-09-27 17:48:39.103] [config] [info] Configuration AMF:
[2026-09-27 17:48:39.103] [config] [info] - Instance ................: 1
[2026-09-27 17:48:39.103] [config] [info] - PID dir .................: /var/run
[2026-09-27 17:48:39.103] [config] [info] - AMF NAME.................: amf
[2026-09-27 17:48:39.103] [config] [info] - GUAMI (MCC, MNC, Region ID, AMF Set ID, AMF pointer): 
[2026-09-27 17:48:39.103] [config] [info]     (001, 01, 1, 0, 0)
[2026-09-27 17:48:39.103] [config] [info] - Served Guami List:
[2026-09-27 17:48:39.103] [config] [info]     (001, 01, 1 , 0, 0)
[2026-09-27 17:48:39.103] [config] [info] - Relative Capacity .......: 30
[2026-09-27 17:48:39.103] [config] [info] - PLMN Support: 
[2026-09-27 17:48:39.103] [config] [info]     MCC, MNC ..............: 001, 01
[2026-09-27 17:48:39.103] [config] [info]     TAC ...................: 7
[2026-09-27 17:48:39.103] [config] [info]     Slice Support .........:
[2026-09-27 17:48:39.103] [config] [info]         SST ...............: 1
[2026-09-27 17:48:39.103] [config] [info] - Default DNN.................: default
[2026-09-27 17:48:39.103] [config] [info] - Emergency Support .......: No
[2026-09-27 17:48:39.103] [config] [info] - N2 Networking:
[2026-09-27 17:48:39.103] [config] [info]     Iface .................: n2
[2026-09-27 17:48:39.103] [config] [info]     IP Addr ...............: 172.30.22.10
[2026-09-27 17:48:39.103] [config] [info]     Port ..................: 38412
[2026-09-27 17:48:39.103] [config] [info] - SBI Networking:
[2026-09-27 17:48:39.103] [config] [info]     Iface .................: eth0
[2026-09-27 17:48:39.103] [config] [info]     IP Addr ...............: 10.244.0.116
[2026-09-27 17:48:39.103] [config] [info]     Port ..................: 80
[2026-09-27 17:48:39.103] [config] [info]     API version............: v1
[2026-09-27 17:48:39.103] [config] [info] - NRF:
[2026-09-27 17:48:39.103] [config] [info]     URI root ...............: http://oai-nrf:80
[2026-09-27 17:48:39.103] [config] [info]     API version ...........: v1
[2026-09-27 17:48:39.103] [config] [info] - AUSF:
[2026-09-27 17:48:39.103] [config] [info]     URI root ...............: http://oai-ausf:80
[2026-09-27 17:48:39.103] [config] [info]     API version ...........: v1
[2026-09-27 17:48:39.103] [config] [info] - UDM:
[2026-09-27 17:48:39.103] [config] [info]     URI root ...............: http://oai-udm:80
[2026-09-27 17:48:39.103] [config] [info]     API version ...........: v1
[2026-09-27 17:48:39.103] [config] [info] - Supported Features:
[2026-09-27 17:48:39.103] [config] [info]     NF Registration .......: Yes
[2026-09-27 17:48:39.103] [config] [info]     SMF Selection .........: Yes
[2026-09-27 17:48:39.103] [config] [info]     External AUSF .........: Yes
[2026-09-27 17:48:39.103] [config] [info]     External UDM ..........: Yes
[2026-09-27 17:48:39.103] [config] [info]     External NSSF .........: No
[2026-09-27 17:48:39.103] [config] [info]     External LMF ..........: No
[2026-09-27 17:48:39.103] [config] [info]     HTTP version...........: 1
[2026-09-27 17:48:39.103] [config] [info] - Log Level ...............: debug
[2026-09-27 17:48:39.103] [config] [info] - Supported NAS Algorithm: 
[2026-09-27 17:48:39.103] [config] [info]     Ordered Integrity Algorithm: 5G_IA1 5G_IA2 
[2026-09-27 17:48:39.103] [config] [info]     Ordered Ciphering Algorithm: 5G_EA0 5G_EA1 5G_EA2 
[2026-09-27 17:48:39.103] [itti] [start] Starting...
[2026-09-27 17:48:39.103] [itti] [start] Started
[2026-09-27 17:48:39.103] [amf_sbi] [info] HTTP Client successfully initiated on interface eth0 with timeout 3000 ms, HTTP version 1
[2026-09-27 17:48:39.103] [amf_app] [start] Creating AMF application functionality layer
[2026-09-27 17:48:39.104] [itti] [info] Starting timer_manager_task
[2026-09-27 17:48:39.104] [itti] [warning] Could not set schedparam to ITTI task 0, err=1
[2026-09-27 17:48:39.106] [amf_n1] [start] amf_n1 started
[2026-09-27 17:48:39.106] [sctp] [debug] Creating socket!
[2026-09-27 17:48:39.107] [sctp] [debug] Getaddrinfo on 172.30.22.10 was OK
[2026-09-27 17:48:39.107] [sctp] [info] Created socket (3)
[2026-09-27 17:48:39.107] [ngap] [info] Set N2 AMF IPv4 Addr 172.30.22.10, port 38412
[2026-09-27 17:48:39.107] [sctp] [info] Create pthread to receive SCTP message
[2026-09-27 17:48:39.108] [amf_n2] [start] amf_n2 started
[2026-09-27 17:48:39.110] [amf_sbi] [start] amf_sbi started
[2026-09-27 17:48:39.110] [amf_app] [debug] NF instance info
[2026-09-27 17:48:39.110] [amf_app] [debug] 	Instance ID: 61eb47b5-a4c3-49d6-a426-56a1df266402
[2026-09-27 17:48:39.110] [amf_app] [debug] 	Instance name: amf
[2026-09-27 17:48:39.110] [amf_app] [debug] 	Instance type: AMF
[2026-09-27 17:48:39.110] [amf_app] [debug] 	Status: REGISTERED
[2026-09-27 17:48:39.110] [amf_app] [debug] 	HeartBeat timer: 50
[2026-09-27 17:48:39.110] [amf_app] [debug] 	Priority: 1
[2026-09-27 17:48:39.110] [amf_app] [debug] 	Capacity: 100
[2026-09-27 17:48:39.110] [amf_app] [debug] 	SNSSAI:
[2026-09-27 17:48:39.110] [amf_app] [debug] 		 SST, SD: 1, FFFFFF
[2026-09-27 17:48:39.110] [amf_app] [debug] 	IPv4 Addr:
[2026-09-27 17:48:39.110] [amf_app] [debug] 		 10.244.0.116
[2026-09-27 17:48:39.110] [amf_app] [debug] 	NF Service
[2026-09-27 17:48:39.110] [amf_app] [debug] 		Service Instance ID: 61eb47b5-a4c3-49d6-a426-56a1df266402, Service name: namf-comm, Version (apiVersionInUri: v1, apiFullVersion: 1.0.0 ), Scheme: http, Service status: REGISTERED,  IpEndPoints: Ipv4 Address: 10.244.0.116, TransportProtocol: TCP, Port: 80
[2026-09-27 17:48:39.110] [amf_app] [debug] 		Service Instance ID: namf-evts, Service name: namf-evts, Version (apiVersionInUri: v1, apiFullVersion: 1.0.0 ), Scheme: http, Service status: REGISTERED,  IpEndPoints: Ipv4 Address: 10.244.0.116, TransportProtocol: TCP, Port: 80
[2026-09-27 17:48:39.110] [amf_app] [debug] 	NF Service List
[2026-09-27 17:48:39.110] [amf_app] [debug] 		61eb47b5-a4c3-49d6-a426-56a1df266402
[2026-09-27 17:48:39.110] [amf_app] [debug] 			Service Instance ID: 61eb47b5-a4c3-49d6-a426-56a1df266402, Service name: namf-comm, Version (apiVersionInUri: v1, apiFullVersion: 1.0.0 ), Scheme: http, Service status: REGISTERED,  IpEndPoints: Ipv4 Address: 10.244.0.116, TransportProtocol: TCP, Port: 80
[2026-09-27 17:48:39.110] [amf_app] [debug] 	AMF Info
[2026-09-27 17:48:39.110] [amf_app] [debug] 		AMF Set ID: 000, AMF Region ID: 01
[2026-09-27 17:48:39.110] [amf_app] [debug] 		AMF GUAMI List, AMF_ID: 010000
[2026-09-27 17:48:39.110] [amf_app] [debug] 		AMF GUAMI List, PLMN (MCC: 001, MNC: 01)
[2026-09-27 17:48:39.110] [amf_app] [start] Started timer (1)
[2026-09-27 17:48:39.110] [amf_app] [debug] Send ITTI msg to SBI task to trigger the registration request towards all appropriate NRFs
[2026-09-27 17:48:39.110] [amf_app] [debug] Initiating AMF server endpoints
[2026-09-27 17:48:39.110] [amf_sbi] [info] Receive Register NF Instance Request, handling ...
[2026-09-27 17:48:39.110] [amf_sbi] [debug] Send NF Instance Registration to NRF
[2026-09-27 17:48:39.110] [amf_app] [debug] AMF profile to json:
 {"amfInfo":{"amfRegionId":"01","amfSetId":"000","guamiList":[{"amfId":"010000","plmnId":{"mcc":"001","mnc":"01"}}]},"capacity":100,"custom_info":null,"heartBeatTimer":50,"ipv4Addresses":["10.244.0.116"],"nfInstanceId":"61eb47b5-a4c3-49d6-a426-56a1df266402","nfInstanceName":"amf","nfServiceList":{"61eb47b5-a4c3-49d6-a426-56a1df266402":{"ipEndPoints":[{"ipv4Address":"10.244.0.116","port":80,"transport":"TCP"}],"nfServiceStatus":"REGISTERED","scheme":"http","serviceInstanceId":"61eb47b5-a4c3-49d6-a426-56a1df266402","serviceName":"namf-comm","versions":[{"apiFullVersion":"1.0.0","apiVersionInUri":"v1"}]}},"nfServices":[{"ipEndPoints":[{"ipv4Address":"10.244.0.116","port":80,"transport":"TCP"}],"nfServiceStatus":"REGISTERED","scheme":"http","serviceInstanceId":"61eb47b5-a4c3-49d6-a426-56a1df266402","serviceName":"namf-comm","versions":[{"apiFullVersion":"1.0.0","apiVersionInUri":"v1"}]},{"ipEndPoints":[{"ipv4Address":"10.244.0.116","port":80,"transport":"TCP"}],"nfServiceStatus":"REGISTERED","scheme":"http","serviceInstanceId":"namf-evts","serviceName":"namf-evts","versions":[{"apiFullVersion":"1.0.0","apiVersionInUri":"v1"}]}],"nfStatus":"REGISTERED","nfType":"AMF","priority":1,"sNssais":[{"sd":"FFFFFF","sst":1}]}
[2026-09-27 17:48:39.110] [amf_sbi] [info] Send HTTP message to http://oai-nrf:80/nnrf-nfm/v1/nf-instances/61eb47b5-a4c3-49d6-a426-56a1df266402
[2026-09-27 17:48:39.110] [amf_sbi] [info] HTTP message Body: {"amfInfo":{"amfRegionId":"01","amfSetId":"000","guamiList":[{"amfId":"010000","plmnId":{"mcc":"001","mnc":"01"}}]},"capacity":100,"custom_info":null,"heartBeatTimer":50,"ipv4Addresses":["10.244.0.116"],"nfInstanceId":"61eb47b5-a4c3-49d6-a426-56a1df266402","nfInstanceName":"amf","nfServiceList":{"61eb47b5-a4c3-49d6-a426-56a1df266402":{"ipEndPoints":[{"ipv4Address":"10.244.0.116","port":80,"transport":"TCP"}],"nfServiceStatus":"REGISTERED","scheme":"http","serviceInstanceId":"61eb47b5-a4c3-49d6-a426-56a1df266402","serviceName":"namf-comm","versions":[{"apiFullVersion":"1.0.0","apiVersionInUri":"v1"}]}},"nfServices":[{"ipEndPoints":[{"ipv4Address":"10.244.0.116","port":80,"transport":"TCP"}],"nfServiceStatus":"REGISTERED","scheme":"http","serviceInstanceId":"61eb47b5-a4c3-49d6-a426-56a1df266402","serviceName":"namf-comm","versions":[{"apiFullVersion":"1.0.0","apiVersionInUri":"v1"}]},{"ipEndPoints":[{"ipv4Address":"10.244.0.116","port":80,"transport":"TCP"}],"nfServiceStatus":"REGISTERED","scheme":"http","serviceInstanceId":"namf-evts","serviceName":"namf-evts","versions":[{"apiFullVersion":"1.0.0","apiVersionInUri":"v1"}]}],"nfStatus":"REGISTERED","nfType":"AMF","priority":1,"sNssais":[{"sd":"FFFFFF","sst":1}]}
[2026-09-27 17:48:39.110] [amf_sbi] [debug] Send a simple HTTP request
[2026-09-27 17:48:39.113] [amf_server] [debug] Initiate AMF Server Endpoints done!
[2026-09-27 17:48:39.113] [amf_server] [debug] AMF handler for AMFConfigurationApiImpl
[2026-09-27 17:48:39.113] [amf_server] [debug] AMF handler for IndividualSubscriptionDocumentApiImpl
[2026-09-27 17:48:39.113] [amf_server] [debug] AMF handler for IndividualSubscriptionDocumentApiImpl
[2026-09-27 17:48:39.113] [amf_server] [debug] AMF handler for IndividualUeContextDocumentApiImpl
[2026-09-27 17:48:39.113] [amf_server] [debug] AMF handler for N1N2IndividualSubscriptionDocumentApiImpl
[2026-09-27 17:48:39.113] [amf_server] [debug] AMF handler for N1N2MessageCollectionDocumentApiImpl
[2026-09-27 17:48:39.113] [amf_server] [debug] AMF handler for N1N2SubscriptionsCollectionForIndividualUEContextsDocumentApiImpl
[2026-09-27 17:48:39.113] [amf_server] [debug] AMF handler for NonUEN2MessageNotificationIndividualSubscriptionDocumentApiImpl
[2026-09-27 17:48:39.113] [amf_server] [debug] AMF handler for NonUEN2MessagesCollectionDocumentApiImpl
[2026-09-27 17:48:39.113] [amf_server] [debug] AMF handler for NonUEN2MessagesSubscriptionsCollectionDocumentApiImpl
[2026-09-27 17:48:39.113] [amf_server] [debug] AMF handler for SubscriptionsCollectionDocumentApiImpl
[2026-09-27 17:48:39.113] [amf_server] [debug] AMF handler for SubscriptionsCollectionDocumentApiImplEventExposure
[2026-09-27 17:48:39.113] [amf_server] [debug] AMF handler for N1MessageNotifyApiImpl
[2026-09-27 17:48:39.113] [amf_server] [debug] AMF handler for StatusNotifyApiImpl
[2026-09-27 17:48:39.116] [amf_app] [debug] Initiation Done!
[2026-09-27 17:48:39.118] [amf_sbi] [info] Get response with HTTP code (201)
[2026-09-27 17:48:39.118] [amf_sbi] [debug] NFRegistration, got successful response from NRF
[2026-09-27 17:48:39.118] [amf_sbi] [debug] Registered AMF profile (from NRF)
[2026-09-27 17:48:39.118] [amf_app] [debug] NF instance info
[2026-09-27 17:48:39.118] [amf_app] [debug] 	Instance ID: 61eb47b5-a4c3-49d6-a426-56a1df266402
[2026-09-27 17:48:39.118] [amf_app] [debug] 	Instance name: amf
[2026-09-27 17:48:39.118] [amf_app] [debug] 	Instance type: AMF
[2026-09-27 17:48:39.118] [amf_app] [debug] 	Status: REGISTERED
[2026-09-27 17:48:39.118] [amf_app] [debug] 	HeartBeat timer: 10
[2026-09-27 17:48:39.118] [amf_app] [debug] 	Priority: 1
[2026-09-27 17:48:39.118] [amf_app] [debug] 	Capacity: 100
[2026-09-27 17:48:39.118] [amf_app] [debug] 	SNSSAI:
[2026-09-27 17:48:39.118] [amf_app] [debug] 		 SST, SD: 1, FFFFFF
[2026-09-27 17:48:39.118] [amf_app] [debug] 	IPv4 Addr:
[2026-09-27 17:48:39.118] [amf_app] [debug] 		 10.244.0.116
[2026-09-27 17:48:39.118] [amf_app] [debug] 	AMF Info
[2026-09-27 17:48:39.118] [amf_app] [debug] 		AMF Set ID: 000, AMF Region ID: 01
[2026-09-27 17:48:39.118] [amf_app] [debug] 		AMF GUAMI List, AMF_ID: 010000
[2026-09-27 17:48:39.118] [amf_app] [debug] 		AMF GUAMI List, PLMN (MCC: 001, MNC: 01)
[2026-09-27 17:48:39.118] [amf_app] [debug] Delete AMF Profile instance...
[2026-09-27 17:48:39.118] [amf_app] [debug] Received SBI_REGISTER_NF_INSTANCE_RESPONSE
[2026-09-27 17:48:39.118] [amf_app] [debug] Handle NF Instance Registration response
[2026-09-27 17:48:39.118] [amf_app] [debug] AMF has successfully registered to NRF.
[2026-09-27 17:48:39.118] [amf_app] [debug] Set value of NRF Heartbeat timer to 10
[2026-09-27 17:48:39.118] [amf_app] [debug] Delete AMF Profile instance...
[2026-09-27 17:48:49.118] [amf_app] [debug] Send ITTI msg to SBI task to trigger NRF Heartbeat
[2026-09-27 17:48:49.118] [amf_sbi] [info] Receive Update NF Instance Request, handling ...
[2026-09-27 17:48:49.118] [amf_sbi] [debug] Send NF Update to NRF
[2026-09-27 17:48:49.118] [amf_sbi] [info] Send HTTP message to http://oai-nrf:80/nnrf-nfm/v1/nf-instances/61eb47b5-a4c3-49d6-a426-56a1df266402
[2026-09-27 17:48:49.118] [amf_sbi] [info] HTTP message Body: [{"op":"replace","path":"/nfStatus","value":"REGISTERED"}]
[2026-09-27 17:48:49.118] [amf_sbi] [debug] Send a simple HTTP request
[2026-09-27 17:48:49.174] [amf_sbi] [info] Get response with HTTP code (204)
[2026-09-27 17:48:49.178] [amf_sbi] [info] Could not get JSON content from the response
[2026-09-27 17:48:49.178] [amf_app] [debug] Received SBI_UPDATE_NF_INSTANCE_RESPONSE
[2026-09-27 17:48:49.178] [amf_app] [debug] Handle NF Update response
[2026-09-27 17:48:49.178] [amf_app] [debug] Set a timer to the next Heart-beat (10)
[2026-09-27 17:48:59.110] [amf_app] [info] 
   |------------------------------------------------------------------------------------------------------------------------------------------------------------|
   |----------------------------------------------------------------------gNBs' Information---------------------------------------------------------------------|
   |  Index |               Status               |              Global Id             |              gNB Name              |                PLMN                |
   |    -   |                  -                 |                  -                 |                  -                 |                  -                 |
   |------------------------------------------------------------------------------------------------------------------------------------------------------------|

   |-----------------------------------------------------------------------------------------------------------------------------------------------------------|
   |---------------------------------------------------------------------UEs' Information----------------------------------------------------------------------|
   |  Index |     5GMM State     |        IMSI        |        GUTI        |   RAN UE NGAP ID   |   AMF UE NGAP ID   |        PLMN        |       Cell Id      |
   |    -   |          -         |          -         |          -         |          -         |          -         |          -         |          -         |
   |-----------------------------------------------------------------------------------------------------------------------------------------------------------|

[2026-09-27 17:48:59.178] [amf_app] [debug] Send ITTI msg to SBI task to trigger NRF Heartbeat
[2026-09-27 17:48:59.178] [amf_sbi] [info] Receive Update NF Instance Request, handling ...
[2026-09-27 17:48:59.178] [amf_sbi] [debug] Send NF Update to NRF
[2026-09-27 17:48:59.178] [amf_sbi] [info] Send HTTP message to http://oai-nrf:80/nnrf-nfm/v1/nf-instances/61eb47b5-a4c3-49d6-a426-56a1df266402
[2026-09-27 17:48:59.178] [amf_sbi] [info] HTTP message Body: [{"op":"replace","path":"/nfStatus","value":"REGISTERED"}]
[2026-09-27 17:48:59.178] [amf_sbi] [debug] Send a simple HTTP request
[2026-09-27 17:48:59.181] [amf_sbi] [info] Get response with HTTP code (204)
[2026-09-27 17:48:59.181] [amf_sbi] [info] Could not get JSON content from the response
[2026-09-27 17:48:59.181] [amf_app] [debug] Received SBI_UPDATE_NF_INSTANCE_RESPONSE
[2026-09-27 17:48:59.181] [amf_app] [debug] Handle NF Update response
[2026-09-27 17:48:59.181] [amf_app] [debug] Set a timer to the next Heart-beat (10)
[2026-09-27 17:49:09.182] [amf_app] [debug] Send ITTI msg to SBI task to trigger NRF Heartbeat
[2026-09-27 17:49:09.182] [amf_sbi] [info] Receive Update NF Instance Request, handling ...
[2026-09-27 17:49:09.182] [amf_sbi] [debug] Send NF Update to NRF
[2026-09-27 17:49:09.182] [amf_sbi] [info] Send HTTP message to http://oai-nrf:80/nnrf-nfm/v1/nf-instances/61eb47b5-a4c3-49d6-a426-56a1df266402
[2026-09-27 17:49:09.182] [amf_sbi] [info] HTTP message Body: [{"op":"replace","path":"/nfStatus","value":"REGISTERED"}]
[2026-09-27 17:49:09.182] [amf_sbi] [debug] Send a simple HTTP request
[2026-09-27 17:49:09.186] [amf_sbi] [info] Get response with HTTP code (204)
[2026-09-27 17:49:09.186] [amf_sbi] [info] Could not get JSON content from the response
[2026-09-27 17:49:09.186] [amf_app] [debug] Received SBI_UPDATE_NF_INSTANCE_RESPONSE
[2026-09-27 17:49:09.186] [amf_app] [debug] Handle NF Update response
[2026-09-27 17:49:09.186] [amf_app] [debug] Set a timer to the next Heart-beat (10)
[2026-09-27 17:49:19.110] [amf_app] [info] 
   |------------------------------------------------------------------------------------------------------------------------------------------------------------|
   |----------------------------------------------------------------------gNBs' Information---------------------------------------------------------------------|
   |  Index |               Status               |              Global Id             |              gNB Name              |                PLMN                |
   |    -   |                  -                 |                  -                 |                  -                 |                  -                 |
   |------------------------------------------------------------------------------------------------------------------------------------------------------------|

   |-----------------------------------------------------------------------------------------------------------------------------------------------------------|
   |---------------------------------------------------------------------UEs' Information----------------------------------------------------------------------|
   |  Index |     5GMM State     |        IMSI        |        GUTI        |   RAN UE NGAP ID   |   AMF UE NGAP ID   |        PLMN        |       Cell Id      |
   |    -   |          -         |          -         |          -         |          -         |          -         |          -         |          -         |
   |-----------------------------------------------------------------------------------------------------------------------------------------------------------|

[2026-09-27 17:49:19.187] [amf_app] [debug] Send ITTI msg to SBI task to trigger NRF Heartbeat
[2026-09-27 17:49:19.187] [amf_sbi] [info] Receive Update NF Instance Request, handling ...
[2026-09-27 17:49:19.187] [amf_sbi] [debug] Send NF Update to NRF
[2026-09-27 17:49:19.187] [amf_sbi] [info] Send HTTP message to http://oai-nrf:80/nnrf-nfm/v1/nf-instances/61eb47b5-a4c3-49d6-a426-56a1df266402
[2026-09-27 17:49:19.187] [amf_sbi] [info] HTTP message Body: [{"op":"replace","path":"/nfStatus","value":"REGISTERED"}]
[2026-09-27 17:49:19.187] [amf_sbi] [debug] Send a simple HTTP request
[2026-09-27 17:49:19.189] [amf_sbi] [info] Get response with HTTP code (204)
[2026-09-27 17:49:19.190] [amf_sbi] [info] Could not get JSON content from the response
[2026-09-27 17:49:19.190] [amf_app] [debug] Received SBI_UPDATE_NF_INSTANCE_RESPONSE
[2026-09-27 17:49:19.190] [amf_app] [debug] Handle NF Update response
[2026-09-27 17:49:19.190] [amf_app] [debug] Set a timer to the next Heart-beat (10)
[2026-09-27 17:49:29.190] [amf_app] [debug] Send ITTI msg to SBI task to trigger NRF Heartbeat
[2026-09-27 17:49:29.190] [amf_sbi] [info] Receive Update NF Instance Request, handling ...
[2026-09-27 17:49:29.190] [amf_sbi] [debug] Send NF Update to NRF
[2026-09-27 17:49:29.190] [amf_sbi] [info] Send HTTP message to http://oai-nrf:80/nnrf-nfm/v1/nf-instances/61eb47b5-a4c3-49d6-a426-56a1df266402
[2026-09-27 17:49:29.190] [amf_sbi] [info] HTTP message Body: [{"op":"replace","path":"/nfStatus","value":"REGISTERED"}]
[2026-09-27 17:49:29.190] [amf_sbi] [debug] Send a simple HTTP request
[2026-09-27 17:49:29.194] [amf_sbi] [info] Get response with HTTP code (204)
[2026-09-27 17:49:29.194] [amf_sbi] [info] Could not get JSON content from the response
[2026-09-27 17:49:29.194] [amf_app] [debug] Received SBI_UPDATE_NF_INSTANCE_RESPONSE
[2026-09-27 17:49:29.194] [amf_app] [debug] Handle NF Update response
[2026-09-27 17:49:29.194] [amf_app] [debug] Set a timer to the next Heart-beat (10)
[2026-09-27 17:49:39.110] [amf_app] [info] 
   |------------------------------------------------------------------------------------------------------------------------------------------------------------|
   |----------------------------------------------------------------------gNBs' Information---------------------------------------------------------------------|
   |  Index |               Status               |              Global Id             |              gNB Name              |                PLMN                |
   |    -   |                  -                 |                  -                 |                  -                 |                  -                 |
   |------------------------------------------------------------------------------------------------------------------------------------------------------------|

   |-----------------------------------------------------------------------------------------------------------------------------------------------------------|
   |---------------------------------------------------------------------UEs' Information----------------------------------------------------------------------|
   |  Index |     5GMM State     |        IMSI        |        GUTI        |   RAN UE NGAP ID   |   AMF UE NGAP ID   |        PLMN        |       Cell Id      |
   |    -   |          -         |          -         |          -         |          -         |          -         |          -         |          -         |
   |-----------------------------------------------------------------------------------------------------------------------------------------------------------|

[2026-09-27 17:49:39.194] [amf_app] [debug] Send ITTI msg to SBI task to trigger NRF Heartbeat
[2026-09-27 17:49:39.194] [amf_sbi] [info] Receive Update NF Instance Request, handling ...
[2026-09-27 17:49:39.194] [amf_sbi] [debug] Send NF Update to NRF
[2026-09-27 17:49:39.194] [amf_sbi] [info] Send HTTP message to http://oai-nrf:80/nnrf-nfm/v1/nf-instances/61eb47b5-a4c3-49d6-a426-56a1df266402
[2026-09-27 17:49:39.194] [amf_sbi] [info] HTTP message Body: [{"op":"replace","path":"/nfStatus","value":"REGISTERED"}]
[2026-09-27 17:49:39.194] [amf_sbi] [debug] Send a simple HTTP request
[2026-09-27 17:49:39.198] [amf_sbi] [info] Get response with HTTP code (204)
[2026-09-27 17:49:39.198] [amf_sbi] [info] Could not get JSON content from the response
[2026-09-27 17:49:39.198] [amf_app] [debug] Received SBI_UPDATE_NF_INSTANCE_RESPONSE
[2026-09-27 17:49:39.198] [amf_app] [debug] Handle NF Update response
[2026-09-27 17:49:39.198] [amf_app] [debug] Set a timer to the next Heart-beat (10)
[2026-09-27 17:49:49.198] [amf_app] [debug] Send ITTI msg to SBI task to trigger NRF Heartbeat
[2026-09-27 17:49:49.198] [amf_sbi] [info] Receive Update NF Instance Request, handling ...
[2026-09-27 17:49:49.198] [amf_sbi] [debug] Send NF Update to NRF
[2026-09-27 17:49:49.198] [amf_sbi] [info] Send HTTP message to http://oai-nrf:80/nnrf-nfm/v1/nf-instances/61eb47b5-a4c3-49d6-a426-56a1df266402
[2026-09-27 17:49:49.198] [amf_sbi] [info] HTTP message Body: [{"op":"replace","path":"/nfStatus","value":"REGISTERED"}]
[2026-09-27 17:49:49.198] [amf_sbi] [debug] Send a simple HTTP request
[2026-09-27 17:49:49.202] [amf_sbi] [info] Get response with HTTP code (204)
[2026-09-27 17:49:49.202] [amf_sbi] [info] Could not get JSON content from the response
[2026-09-27 17:49:49.202] [amf_app] [debug] Received SBI_UPDATE_NF_INSTANCE_RESPONSE
[2026-09-27 17:49:49.202] [amf_app] [debug] Handle NF Update response
[2026-09-27 17:49:49.202] [amf_app] [debug] Set a timer to the next Heart-beat (10)
[2026-09-27 17:49:50.505] [sctp] [debug] SCTP Association Change event received
[2026-09-27 17:49:50.505] [sctp] [debug] Add new association with Id (14)
[2026-09-27 17:49:50.505] [sctp] [info] ----------------------
[2026-09-27 17:49:50.505] [sctp] [info] Local addresses: 
[2026-09-27 17:49:50.505] [sctp] [info]     - IPv4 Addr: 172.30.22.10
[2026-09-27 17:49:50.505] [sctp] [info] ----------------------
[2026-09-27 17:49:50.505] [sctp] [info] Peer addresses: 
[2026-09-27 17:49:50.505] [sctp] [info]     - IPv4 Addr: 172.30.22.20
[2026-09-27 17:49:50.505] [sctp] [info] ----------------------
[2026-09-27 17:49:50.505] [ngap] [debug] Ready to handle new NGAP SCTP association request (id 14)
[2026-09-27 17:49:50.505] [ngap] [debug] Create a new gNB context with assoc_id (14)
[2026-09-27 17:49:50.505] [sctp] [info] [Assoc_id 14, Socket 5] Received a message (length 55) from port 45738, on stream 0, PPID 60
[2026-09-27 17:49:50.505] [ngap] [debug] Handling SCTP payload from SCTP Server on assoc_id (14), stream_id (0), instreams (2), outstreams (2)
[2026-09-27 17:49:50.506] [ngap] [debug] Decoded NGAP message, procedure code 21, present 1
InitiatingMessage ::= {
    procedureCode: 21
    criticality: 0 (reject)
    value: NGSetupRequest ::= {
        protocolIEs: ProtocolIE-Container ::= {
            NGSetupRequestIEs ::= {
                id: 27
                criticality: 0 (reject)
                value: GlobalGNB-ID ::= {
                    pLMNIdentity: 00 F1 10
                    gNB-ID: 00 00 E0 00 (4 bits unused)
                }
            }
            NGSetupRequestIEs ::= {
                id: 82
                criticality: 1 (ignore)
                value: gNB-OAI
            }
            NGSetupRequestIEs ::= {
                id: 102
                criticality: 0 (reject)
                value: SupportedTAList ::= {
                    SupportedTAItem ::= {
                        tAC: 00 00 07
                        broadcastPLMNList: BroadcastPLMNList ::= {
                            BroadcastPLMNItem ::= {
                                pLMNIdentity: 00 F1 10
                                tAISliceSupportList: SliceSupportList ::= {
                                    SliceSupportItem ::= {
                                        s-NSSAI: S-NSSAI ::= {
                                            sST: 01
                                        }
                                    }
                                }
                            }
                        }
                    }
                }
            }
            NGSetupRequestIEs ::= {
                id: 21
                criticality: 1 (ignore)
                value: 0 (v32)
            }
        }
    }
}
[2026-09-27 17:49:50.506] [ngap] [debug] [gNB Assoc Id 14] Sending ITTI NG Setup Request message to TASK_AMF_N2
InitiatingMessage ::= {
    procedureCode: 21
    criticality: 0 (reject)
    value: NGSetupRequest ::= {
        protocolIEs: ProtocolIE-Container ::= {
            NGSetupRequestIEs ::= {
                id: 27
                criticality: 0 (reject)
                value: GlobalGNB-ID ::= {
                    pLMNIdentity: 00 F1 10
                    gNB-ID: 00 00 E0 00 (4 bits unused)
                }
            }
            NGSetupRequestIEs ::= {
                id: 82
                criticality: 1 (ignore)
                value: gNB-OAI
            }
            NGSetupRequestIEs ::= {
                id: 102
                criticality: 0 (reject)
                value: SupportedTAList ::= {
                    SupportedTAItem ::= {
                        tAC: 00 00 07
                        broadcastPLMNList: BroadcastPLMNList ::= {
                            BroadcastPLMNItem ::= {
                                pLMNIdentity: 00 F1 10
                                tAISliceSupportList: SliceSupportList ::= {
                                    SliceSupportItem ::= {
                                        s-NSSAI: S-NSSAI ::= {
                                            sST: 01
                                        }
                                    }
                                }
                            }
                        }
                    }
                }
            }
            NGSetupRequestIEs ::= {
                id: 21
                criticality: 1 (ignore)
                value: 0 (v32)
            }
        }
    }
}
[2026-09-27 17:49:50.506] [ngap] [debug] Received TAC 0x7
[2026-09-27 17:49:50.506] [amf_n2] [info] Received NGSetupRequest message, handling
[2026-09-27 17:49:50.507] [amf_n2] [debug] [gNB Assoc ID 14] Handle NG Setup Request...
[2026-09-27 17:49:50.507] [amf_n2] [debug] Parameters: assoc_id 14, stream 0
[2026-09-27 17:49:50.507] [amf_n2] [debug] Update gNB context with assoc id (14)
[2026-09-27 17:49:50.507] [amf_n2] [debug] RAN Node Info, Global RAN Node ID: 0xe00, MCC 001, MNC 01
[2026-09-27 17:49:50.507] [amf_n2] [debug] IE RanNodeName: gNB-OAI
[2026-09-27 17:49:50.507] [amf_n2] [debug] IE DefaultPagingDRX: 0
[2026-09-27 17:49:50.507] [amf_n2] [debug] TAC configured 7, TAC received 7
[2026-09-27 17:49:50.507] [amf_n2] [debug] Common PLMN MCC 001, MNC 01
[2026-09-27 17:49:50.507] [amf_n2] [debug] S-NSSAI from gNB (SST 1, SD FFFFFF)
[2026-09-27 17:49:50.507] [amf_n2] [debug] S-NSSAI from AMF (SST 1, SD FFFFFF)
[2026-09-27 17:49:50.507] [amf_n2] [debug] Common S-NSSAI (SST 1, SD FFFFFF)
[2026-09-27 17:49:50.507] [amf_n2] [debug] GNB PLMN (001, 01) is included in the common PLMNs
[2026-09-27 17:49:50.507] [amf_n2] [debug] Encoding NG_SETUP_RESPONSE ...
SuccessfulOutcome ::= {
    procedureCode: 21
    criticality: 0 (reject)
    value: NGSetupResponse ::= {
        protocolIEs: ProtocolIE-Container ::= {
            NGSetupResponseIEs ::= {
                id: 1
                criticality: 0 (reject)
                value: amf
            }
            NGSetupResponseIEs ::= {
                id: 96
                criticality: 0 (reject)
                value: ServedGUAMIList ::= {
                    ServedGUAMIItem ::= {
                        gUAMI: GUAMI ::= {
                            pLMNIdentity: 00 F1 10
                            aMFRegionID: 01
                            aMFSetID: 00 00 (6 bits unused)
                            aMFPointer: 00 (2 bits unused)
                        }
                    }
                }
            }
            NGSetupResponseIEs ::= {
                id: 86
                criticality: 1 (ignore)
                value: 30
            }
            NGSetupResponseIEs ::= {
                id: 80
                criticality: 0 (reject)
                value: PLMNSupportList ::= {
                    PLMNSupportItem ::= {
                        pLMNIdentity: 00 F1 10
                        sliceSupportList: SliceSupportList ::= {
                            SliceSupportItem ::= {
                                s-NSSAI: S-NSSAI ::= {
                                    sST: 01
                                }
                            }
                        }
                    }
                }
            }
        }
    }
}
[2026-09-27 17:49:50.508] [ngap] [debug] Encoded size (45)
[2026-09-27 17:49:50.508] [sctp] [debug] [Socket 5, Assoc ID 14] Sending buffer 0x7ca02c000db0 of 45 bytes on stream 0 with PPID 60
[2026-09-27 17:49:50.509] [sctp] [debug] Successfully sent 45 bytes on stream 0
[2026-09-27 17:49:50.509] [amf_n2] [debug] Sending NG_SETUP_RESPONSE Ok
[2026-09-27 17:49:50.509] [amf_n2] [debug] gNB with gNB_id 0xe00, assoc_id 14 has been attached to AMF
[2026-09-27 17:49:50.509] [amf_app] [debug] A new gNB has been successfully added!
[2026-09-27 17:49:50.509] [ngap] [debug] Free NGAP Message PDU
[2026-09-27 17:49:50.510] [ngap] [debug] Free NGAP Message PDU
[2026-09-27 17:49:59.111] [amf_app] [info] 
   |------------------------------------------------------------------------------------------------------------------------------------------------------------|
   |----------------------------------------------------------------------gNBs' Information---------------------------------------------------------------------|
   |  Index |               Status               |              Global Id             |              gNB Name              |                PLMN                |
   |    1   |              Connected             |               0x0E00               |               gNB-OAI              |               001,01               |
   |------------------------------------------------------------------------------------------------------------------------------------------------------------|

   |-----------------------------------------------------------------------------------------------------------------------------------------------------------|
   |---------------------------------------------------------------------UEs' Information----------------------------------------------------------------------|
   |  Index |     5GMM State     |        IMSI        |        GUTI        |   RAN UE NGAP ID   |   AMF UE NGAP ID   |        PLMN        |       Cell Id      |
   |    -   |          -         |          -         |          -         |          -         |          -         |          -         |          -         |
   |-----------------------------------------------------------------------------------------------------------------------------------------------------------|

[2026-09-27 17:49:59.202] [amf_app] [debug] Send ITTI msg to SBI task to trigger NRF Heartbeat
[2026-09-27 17:49:59.202] [amf_sbi] [info] Receive Update NF Instance Request, handling ...
[2026-09-27 17:49:59.202] [amf_sbi] [debug] Send NF Update to NRF
[2026-09-27 17:49:59.202] [amf_sbi] [info] Send HTTP message to http://oai-nrf:80/nnrf-nfm/v1/nf-instances/61eb47b5-a4c3-49d6-a426-56a1df266402
[2026-09-27 17:49:59.202] [amf_sbi] [info] HTTP message Body: [{"op":"replace","path":"/nfStatus","value":"REGISTERED"}]
[2026-09-27 17:49:59.202] [amf_sbi] [debug] Send a simple HTTP request
[2026-09-27 17:49:59.207] [amf_sbi] [info] Get response with HTTP code (204)
[2026-09-27 17:49:59.207] [amf_sbi] [info] Could not get JSON content from the response
[2026-09-27 17:49:59.207] [amf_app] [debug] Received SBI_UPDATE_NF_INSTANCE_RESPONSE
[2026-09-27 17:49:59.207] [amf_app] [debug] Handle NF Update response
[2026-09-27 17:49:59.207] [amf_app] [debug] Set a timer to the next Heart-beat (10)
[2026-09-27 17:50:09.207] [amf_app] [debug] Send ITTI msg to SBI task to trigger NRF Heartbeat
[2026-09-27 17:50:09.207] [amf_sbi] [info] Receive Update NF Instance Request, handling ...
[2026-09-27 17:50:09.207] [amf_sbi] [debug] Send NF Update to NRF
[2026-09-27 17:50:09.207] [amf_sbi] [info] Send HTTP message to http://oai-nrf:80/nnrf-nfm/v1/nf-instances/61eb47b5-a4c3-49d6-a426-56a1df266402
[2026-09-27 17:50:09.207] [amf_sbi] [info] HTTP message Body: [{"op":"replace","path":"/nfStatus","value":"REGISTERED"}]
[2026-09-27 17:50:09.207] [amf_sbi] [debug] Send a simple HTTP request
[2026-09-27 17:50:09.210] [amf_sbi] [info] Get response with HTTP code (204)
[2026-09-27 17:50:09.211] [amf_sbi] [info] Could not get JSON content from the response
[2026-09-27 17:50:09.211] [amf_app] [debug] Received SBI_UPDATE_NF_INSTANCE_RESPONSE
[2026-09-27 17:50:09.211] [amf_app] [debug] Handle NF Update response
[2026-09-27 17:50:09.211] [amf_app] [debug] Set a timer to the next Heart-beat (10)
[2026-09-27 17:50:19.111] [amf_app] [info] 
   |------------------------------------------------------------------------------------------------------------------------------------------------------------|
   |----------------------------------------------------------------------gNBs' Information---------------------------------------------------------------------|
   |  Index |               Status               |              Global Id             |              gNB Name              |                PLMN                |
   |    1   |              Connected             |               0x0E00               |               gNB-OAI              |               001,01               |
   |------------------------------------------------------------------------------------------------------------------------------------------------------------|

   |-----------------------------------------------------------------------------------------------------------------------------------------------------------|
   |---------------------------------------------------------------------UEs' Information----------------------------------------------------------------------|
   |  Index |     5GMM State     |        IMSI        |        GUTI        |   RAN UE NGAP ID   |   AMF UE NGAP ID   |        PLMN        |       Cell Id      |
   |    -   |          -         |          -         |          -         |          -         |          -         |          -         |          -         |
   |-----------------------------------------------------------------------------------------------------------------------------------------------------------|

[2026-09-27 17:50:19.211] [amf_app] [debug] Send ITTI msg to SBI task to trigger NRF Heartbeat
[2026-09-27 17:50:19.211] [amf_sbi] [info] Receive Update NF Instance Request, handling ...
[2026-09-27 17:50:19.211] [amf_sbi] [debug] Send NF Update to NRF
[2026-09-27 17:50:19.211] [amf_sbi] [info] Send HTTP message to http://oai-nrf:80/nnrf-nfm/v1/nf-instances/61eb47b5-a4c3-49d6-a426-56a1df266402
[2026-09-27 17:50:19.211] [amf_sbi] [info] HTTP message Body: [{"op":"replace","path":"/nfStatus","value":"REGISTERED"}]
[2026-09-27 17:50:19.211] [amf_sbi] [debug] Send a simple HTTP request
[2026-09-27 17:50:19.215] [amf_sbi] [info] Get response with HTTP code (204)
[2026-09-27 17:50:19.215] [amf_sbi] [info] Could not get JSON content from the response
[2026-09-27 17:50:19.215] [amf_app] [debug] Received SBI_UPDATE_NF_INSTANCE_RESPONSE
[2026-09-27 17:50:19.215] [amf_app] [debug] Handle NF Update response
[2026-09-27 17:50:19.215] [amf_app] [debug] Set a timer to the next Heart-beat (10)
[2026-09-27 17:50:29.215] [amf_app] [debug] Send ITTI msg to SBI task to trigger NRF Heartbeat
[2026-09-27 17:50:29.215] [amf_sbi] [info] Receive Update NF Instance Request, handling ...
[2026-09-27 17:50:29.215] [amf_sbi] [debug] Send NF Update to NRF
[2026-09-27 17:50:29.216] [amf_sbi] [info] Send HTTP message to http://oai-nrf:80/nnrf-nfm/v1/nf-instances/61eb47b5-a4c3-49d6-a426-56a1df266402
[2026-09-27 17:50:29.216] [amf_sbi] [info] HTTP message Body: [{"op":"replace","path":"/nfStatus","value":"REGISTERED"}]
[2026-09-27 17:50:29.216] [amf_sbi] [debug] Send a simple HTTP request
[2026-09-27 17:50:29.220] [amf_sbi] [info] Get response with HTTP code (204)
[2026-09-27 17:50:29.220] [amf_sbi] [info] Could not get JSON content from the response
[2026-09-27 17:50:29.220] [amf_app] [debug] Received SBI_UPDATE_NF_INSTANCE_RESPONSE
[2026-09-27 17:50:29.220] [amf_app] [debug] Handle NF Update response
[2026-09-27 17:50:29.220] [amf_app] [debug] Set a timer to the next Heart-beat (10)
[2026-09-27 17:50:39.111] [amf_app] [info] 
   |------------------------------------------------------------------------------------------------------------------------------------------------------------|
   |----------------------------------------------------------------------gNBs' Information---------------------------------------------------------------------|
   |  Index |               Status               |              Global Id             |              gNB Name              |                PLMN                |
   |    1   |              Connected             |               0x0E00               |               gNB-OAI              |               001,01               |
   |------------------------------------------------------------------------------------------------------------------------------------------------------------|

   |-----------------------------------------------------------------------------------------------------------------------------------------------------------|
   |---------------------------------------------------------------------UEs' Information----------------------------------------------------------------------|
   |  Index |     5GMM State     |        IMSI        |        GUTI        |   RAN UE NGAP ID   |   AMF UE NGAP ID   |        PLMN        |       Cell Id      |
   |    -   |          -         |          -         |          -         |          -         |          -         |          -         |          -         |
   |-----------------------------------------------------------------------------------------------------------------------------------------------------------|

[2026-09-27 17:50:39.220] [amf_app] [debug] Send ITTI msg to SBI task to trigger NRF Heartbeat
[2026-09-27 17:50:39.220] [amf_sbi] [info] Receive Update NF Instance Request, handling ...
[2026-09-27 17:50:39.220] [amf_sbi] [debug] Send NF Update to NRF
[2026-09-27 17:50:39.220] [amf_sbi] [info] Send HTTP message to http://oai-nrf:80/nnrf-nfm/v1/nf-instances/61eb47b5-a4c3-49d6-a426-56a1df266402
[2026-09-27 17:50:39.220] [amf_sbi] [info] HTTP message Body: [{"op":"replace","path":"/nfStatus","value":"REGISTERED"}]
[2026-09-27 17:50:39.220] [amf_sbi] [debug] Send a simple HTTP request
[2026-09-27 17:50:39.224] [amf_sbi] [info] Get response with HTTP code (204)
[2026-09-27 17:50:39.224] [amf_sbi] [info] Could not get JSON content from the response
[2026-09-27 17:50:39.224] [amf_app] [debug] Received SBI_UPDATE_NF_INSTANCE_RESPONSE
[2026-09-27 17:50:39.224] [amf_app] [debug] Handle NF Update response
[2026-09-27 17:50:39.224] [amf_app] [debug] Set a timer to the next Heart-beat (10)
[2026-09-27 17:50:49.224] [amf_app] [debug] Send ITTI msg to SBI task to trigger NRF Heartbeat
[2026-09-27 17:50:49.224] [amf_sbi] [info] Receive Update NF Instance Request, handling ...
[2026-09-27 17:50:49.224] [amf_sbi] [debug] Send NF Update to NRF
[2026-09-27 17:50:49.224] [amf_sbi] [info] Send HTTP message to http://oai-nrf:80/nnrf-nfm/v1/nf-instances/61eb47b5-a4c3-49d6-a426-56a1df266402
[2026-09-27 17:50:49.224] [amf_sbi] [info] HTTP message Body: [{"op":"replace","path":"/nfStatus","value":"REGISTERED"}]
[2026-09-27 17:50:49.224] [amf_sbi] [debug] Send a simple HTTP request
[2026-09-27 17:50:49.228] [amf_sbi] [info] Get response with HTTP code (204)
[2026-09-27 17:50:49.228] [amf_sbi] [info] Could not get JSON content from the response
[2026-09-27 17:50:49.228] [amf_app] [debug] Received SBI_UPDATE_NF_INSTANCE_RESPONSE
[2026-09-27 17:50:49.228] [amf_app] [debug] Handle NF Update response
[2026-09-27 17:50:49.228] [amf_app] [debug] Set a timer to the next Heart-beat (10)
[2026-09-27 17:50:59.111] [amf_app] [info] 
   |------------------------------------------------------------------------------------------------------------------------------------------------------------|
   |----------------------------------------------------------------------gNBs' Information---------------------------------------------------------------------|
   |  Index |               Status               |              Global Id             |              gNB Name              |                PLMN                |
   |    1   |              Connected             |               0x0E00               |               gNB-OAI              |               001,01               |
   |------------------------------------------------------------------------------------------------------------------------------------------------------------|

   |-----------------------------------------------------------------------------------------------------------------------------------------------------------|
   |---------------------------------------------------------------------UEs' Information----------------------------------------------------------------------|
   |  Index |     5GMM State     |        IMSI        |        GUTI        |   RAN UE NGAP ID   |   AMF UE NGAP ID   |        PLMN        |       Cell Id      |
   |    -   |          -         |          -         |          -         |          -         |          -         |          -         |          -         |
   |-----------------------------------------------------------------------------------------------------------------------------------------------------------|

[2026-09-27 17:50:59.228] [amf_app] [debug] Send ITTI msg to SBI task to trigger NRF Heartbeat
[2026-09-27 17:50:59.228] [amf_sbi] [info] Receive Update NF Instance Request, handling ...
[2026-09-27 17:50:59.228] [amf_sbi] [debug] Send NF Update to NRF
[2026-09-27 17:50:59.228] [amf_sbi] [info] Send HTTP message to http://oai-nrf:80/nnrf-nfm/v1/nf-instances/61eb47b5-a4c3-49d6-a426-56a1df266402
[2026-09-27 17:50:59.228] [amf_sbi] [info] HTTP message Body: [{"op":"replace","path":"/nfStatus","value":"REGISTERED"}]
[2026-09-27 17:50:59.228] [amf_sbi] [debug] Send a simple HTTP request
[2026-09-27 17:50:59.232] [amf_sbi] [info] Get response with HTTP code (204)
[2026-09-27 17:50:59.233] [amf_sbi] [info] Could not get JSON content from the response
[2026-09-27 17:50:59.233] [amf_app] [debug] Received SBI_UPDATE_NF_INSTANCE_RESPONSE
[2026-09-27 17:50:59.233] [amf_app] [debug] Handle NF Update response
[2026-09-27 17:50:59.233] [amf_app] [debug] Set a timer to the next Heart-beat (10)
[2026-09-27 17:51:09.233] [amf_app] [debug] Send ITTI msg to SBI task to trigger NRF Heartbeat
[2026-09-27 17:51:09.233] [amf_sbi] [info] Receive Update NF Instance Request, handling ...
[2026-09-27 17:51:09.233] [amf_sbi] [debug] Send NF Update to NRF
[2026-09-27 17:51:09.233] [amf_sbi] [info] Send HTTP message to http://oai-nrf:80/nnrf-nfm/v1/nf-instances/61eb47b5-a4c3-49d6-a426-56a1df266402
[2026-09-27 17:51:09.233] [amf_sbi] [info] HTTP message Body: [{"op":"replace","path":"/nfStatus","value":"REGISTERED"}]
[2026-09-27 17:51:09.233] [amf_sbi] [debug] Send a simple HTTP request
[2026-09-27 17:51:09.236] [amf_sbi] [info] Get response with HTTP code (204)
[2026-09-27 17:51:09.236] [amf_sbi] [info] Could not get JSON content from the response
[2026-09-27 17:51:09.236] [amf_app] [debug] Received SBI_UPDATE_NF_INSTANCE_RESPONSE
[2026-09-27 17:51:09.236] [amf_app] [debug] Handle NF Update response
[2026-09-27 17:51:09.236] [amf_app] [debug] Set a timer to the next Heart-beat (10)
[2026-09-27 17:51:19.111] [amf_app] [info] 
   |------------------------------------------------------------------------------------------------------------------------------------------------------------|
   |----------------------------------------------------------------------gNBs' Information---------------------------------------------------------------------|
   |  Index |               Status               |              Global Id             |              gNB Name              |                PLMN                |
   |    1   |              Connected             |               0x0E00               |               gNB-OAI              |               001,01               |
   |------------------------------------------------------------------------------------------------------------------------------------------------------------|

   |-----------------------------------------------------------------------------------------------------------------------------------------------------------|
   |---------------------------------------------------------------------UEs' Information----------------------------------------------------------------------|
   |  Index |     5GMM State     |        IMSI        |        GUTI        |   RAN UE NGAP ID   |   AMF UE NGAP ID   |        PLMN        |       Cell Id      |
   |    -   |          -         |          -         |          -         |          -         |          -         |          -         |          -         |
   |-----------------------------------------------------------------------------------------------------------------------------------------------------------|

[2026-09-27 17:51:19.236] [amf_app] [debug] Send ITTI msg to SBI task to trigger NRF Heartbeat
[2026-09-27 17:51:19.236] [amf_sbi] [info] Receive Update NF Instance Request, handling ...
[2026-09-27 17:51:19.237] [amf_sbi] [debug] Send NF Update to NRF
[2026-09-27 17:51:19.237] [amf_sbi] [info] Send HTTP message to http://oai-nrf:80/nnrf-nfm/v1/nf-instances/61eb47b5-a4c3-49d6-a426-56a1df266402
[2026-09-27 17:51:19.237] [amf_sbi] [info] HTTP message Body: [{"op":"replace","path":"/nfStatus","value":"REGISTERED"}]
[2026-09-27 17:51:19.237] [amf_sbi] [debug] Send a simple HTTP request
[2026-09-27 17:51:19.240] [amf_sbi] [info] Get response with HTTP code (204)
[2026-09-27 17:51:19.240] [amf_sbi] [info] Could not get JSON content from the response
[2026-09-27 17:51:19.240] [amf_app] [debug] Received SBI_UPDATE_NF_INSTANCE_RESPONSE
[2026-09-27 17:51:19.240] [amf_app] [debug] Handle NF Update response
[2026-09-27 17:51:19.240] [amf_app] [debug] Set a timer to the next Heart-beat (10)
[2026-09-27 17:51:29.240] [amf_app] [debug] Send ITTI msg to SBI task to trigger NRF Heartbeat
[2026-09-27 17:51:29.240] [amf_sbi] [info] Receive Update NF Instance Request, handling ...
[2026-09-27 17:51:29.240] [amf_sbi] [debug] Send NF Update to NRF
[2026-09-27 17:51:29.240] [amf_sbi] [info] Send HTTP message to http://oai-nrf:80/nnrf-nfm/v1/nf-instances/61eb47b5-a4c3-49d6-a426-56a1df266402
[2026-09-27 17:51:29.240] [amf_sbi] [info] HTTP message Body: [{"op":"replace","path":"/nfStatus","value":"REGISTERED"}]
[2026-09-27 17:51:29.240] [amf_sbi] [debug] Send a simple HTTP request
[2026-09-27 17:51:29.243] [amf_sbi] [info] Get response with HTTP code (204)
[2026-09-27 17:51:29.244] [amf_sbi] [info] Could not get JSON content from the response
[2026-09-27 17:51:29.244] [amf_app] [debug] Received SBI_UPDATE_NF_INSTANCE_RESPONSE
[2026-09-27 17:51:29.244] [amf_app] [debug] Handle NF Update response
[2026-09-27 17:51:29.244] [amf_app] [debug] Set a timer to the next Heart-beat (10)
[2026-09-27 17:51:39.112] [amf_app] [info] 
   |------------------------------------------------------------------------------------------------------------------------------------------------------------|
   |----------------------------------------------------------------------gNBs' Information---------------------------------------------------------------------|
   |  Index |               Status               |              Global Id             |              gNB Name              |                PLMN                |
   |    1   |              Connected             |               0x0E00               |               gNB-OAI              |               001,01               |
   |------------------------------------------------------------------------------------------------------------------------------------------------------------|

   |-----------------------------------------------------------------------------------------------------------------------------------------------------------|
   |---------------------------------------------------------------------UEs' Information----------------------------------------------------------------------|
   |  Index |     5GMM State     |        IMSI        |        GUTI        |   RAN UE NGAP ID   |   AMF UE NGAP ID   |        PLMN        |       Cell Id      |
   |    -   |          -         |          -         |          -         |          -         |          -         |          -         |          -         |
   |-----------------------------------------------------------------------------------------------------------------------------------------------------------|

[2026-09-27 17:51:39.244] [amf_app] [debug] Send ITTI msg to SBI task to trigger NRF Heartbeat
[2026-09-27 17:51:39.244] [amf_sbi] [info] Receive Update NF Instance Request, handling ...
[2026-09-27 17:51:39.244] [amf_sbi] [debug] Send NF Update to NRF
[2026-09-27 17:51:39.244] [amf_sbi] [info] Send HTTP message to http://oai-nrf:80/nnrf-nfm/v1/nf-instances/61eb47b5-a4c3-49d6-a426-56a1df266402
[2026-09-27 17:51:39.244] [amf_sbi] [info] HTTP message Body: [{"op":"replace","path":"/nfStatus","value":"REGISTERED"}]
[2026-09-27 17:51:39.244] [amf_sbi] [debug] Send a simple HTTP request
[2026-09-27 17:51:39.249] [amf_sbi] [info] Get response with HTTP code (204)
[2026-09-27 17:51:39.249] [amf_sbi] [info] Could not get JSON content from the response
[2026-09-27 17:51:39.249] [amf_app] [debug] Received SBI_UPDATE_NF_INSTANCE_RESPONSE
[2026-09-27 17:51:39.249] [amf_app] [debug] Handle NF Update response
[2026-09-27 17:51:39.249] [amf_app] [debug] Set a timer to the next Heart-beat (10)
[2026-09-27 17:51:49.250] [amf_app] [debug] Send ITTI msg to SBI task to trigger NRF Heartbeat
[2026-09-27 17:51:49.250] [amf_sbi] [info] Receive Update NF Instance Request, handling ...
[2026-09-27 17:51:49.250] [amf_sbi] [debug] Send NF Update to NRF
[2026-09-27 17:51:49.250] [amf_sbi] [info] Send HTTP message to http://oai-nrf:80/nnrf-nfm/v1/nf-instances/61eb47b5-a4c3-49d6-a426-56a1df266402
[2026-09-27 17:51:49.250] [amf_sbi] [info] HTTP message Body: [{"op":"replace","path":"/nfStatus","value":"REGISTERED"}]
[2026-09-27 17:51:49.250] [amf_sbi] [debug] Send a simple HTTP request
[2026-09-27 17:51:49.254] [amf_sbi] [info] Get response with HTTP code (204)
[2026-09-27 17:51:49.254] [amf_sbi] [info] Could not get JSON content from the response
[2026-09-27 17:51:49.254] [amf_app] [debug] Received SBI_UPDATE_NF_INSTANCE_RESPONSE
[2026-09-27 17:51:49.254] [amf_app] [debug] Handle NF Update response
[2026-09-27 17:51:49.254] [amf_app] [debug] Set a timer to the next Heart-beat (10)
[2026-09-27 17:51:59.112] [amf_app] [info] 
   |------------------------------------------------------------------------------------------------------------------------------------------------------------|
   |----------------------------------------------------------------------gNBs' Information---------------------------------------------------------------------|
   |  Index |               Status               |              Global Id             |              gNB Name              |                PLMN                |
   |    1   |              Connected             |               0x0E00               |               gNB-OAI              |               001,01               |
   |------------------------------------------------------------------------------------------------------------------------------------------------------------|

   |-----------------------------------------------------------------------------------------------------------------------------------------------------------|
   |---------------------------------------------------------------------UEs' Information----------------------------------------------------------------------|
   |  Index |     5GMM State     |        IMSI        |        GUTI        |   RAN UE NGAP ID   |   AMF UE NGAP ID   |        PLMN        |       Cell Id      |
   |    -   |          -         |          -         |          -         |          -         |          -         |          -         |          -         |
   |-----------------------------------------------------------------------------------------------------------------------------------------------------------|

[2026-09-27 17:51:59.255] [amf_app] [debug] Send ITTI msg to SBI task to trigger NRF Heartbeat
[2026-09-27 17:51:59.255] [amf_sbi] [info] Receive Update NF Instance Request, handling ...
[2026-09-27 17:51:59.255] [amf_sbi] [debug] Send NF Update to NRF
[2026-09-27 17:51:59.255] [amf_sbi] [info] Send HTTP message to http://oai-nrf:80/nnrf-nfm/v1/nf-instances/61eb47b5-a4c3-49d6-a426-56a1df266402
[2026-09-27 17:51:59.255] [amf_sbi] [info] HTTP message Body: [{"op":"replace","path":"/nfStatus","value":"REGISTERED"}]
[2026-09-27 17:51:59.255] [amf_sbi] [debug] Send a simple HTTP request
[2026-09-27 17:51:59.257] [amf_sbi] [info] Get response with HTTP code (204)
[2026-09-27 17:51:59.258] [amf_sbi] [info] Could not get JSON content from the response
[2026-09-27 17:51:59.258] [amf_app] [debug] Received SBI_UPDATE_NF_INSTANCE_RESPONSE
[2026-09-27 17:51:59.258] [amf_app] [debug] Handle NF Update response
[2026-09-27 17:51:59.258] [amf_app] [debug] Set a timer to the next Heart-beat (10)
[2026-09-27 17:52:09.258] [amf_app] [debug] Send ITTI msg to SBI task to trigger NRF Heartbeat
[2026-09-27 17:52:09.258] [amf_sbi] [info] Receive Update NF Instance Request, handling ...
[2026-09-27 17:52:09.258] [amf_sbi] [debug] Send NF Update to NRF
[2026-09-27 17:52:09.258] [amf_sbi] [info] Send HTTP message to http://oai-nrf:80/nnrf-nfm/v1/nf-instances/61eb47b5-a4c3-49d6-a426-56a1df266402
[2026-09-27 17:52:09.258] [amf_sbi] [info] HTTP message Body: [{"op":"replace","path":"/nfStatus","value":"REGISTERED"}]
[2026-09-27 17:52:09.258] [amf_sbi] [debug] Send a simple HTTP request
[2026-09-27 17:52:09.261] [amf_sbi] [info] Get response with HTTP code (204)
[2026-09-27 17:52:09.261] [amf_sbi] [info] Could not get JSON content from the response
[2026-09-27 17:52:09.262] [amf_app] [debug] Received SBI_UPDATE_NF_INSTANCE_RESPONSE
[2026-09-27 17:52:09.262] [amf_app] [debug] Handle NF Update response
[2026-09-27 17:52:09.262] [amf_app] [debug] Set a timer to the next Heart-beat (10)
[2026-09-27 17:52:19.112] [amf_app] [info] 
   |------------------------------------------------------------------------------------------------------------------------------------------------------------|
   |----------------------------------------------------------------------gNBs' Information---------------------------------------------------------------------|
   |  Index |               Status               |              Global Id             |              gNB Name              |                PLMN                |
   |    1   |              Connected             |               0x0E00               |               gNB-OAI              |               001,01               |
   |------------------------------------------------------------------------------------------------------------------------------------------------------------|

   |-----------------------------------------------------------------------------------------------------------------------------------------------------------|
   |---------------------------------------------------------------------UEs' Information----------------------------------------------------------------------|
   |  Index |     5GMM State     |        IMSI        |        GUTI        |   RAN UE NGAP ID   |   AMF UE NGAP ID   |        PLMN        |       Cell Id      |
   |    -   |          -         |          -         |          -         |          -         |          -         |          -         |          -         |
   |-----------------------------------------------------------------------------------------------------------------------------------------------------------|

[2026-09-27 17:52:19.262] [amf_app] [debug] Send ITTI msg to SBI task to trigger NRF Heartbeat
[2026-09-27 17:52:19.262] [amf_sbi] [info] Receive Update NF Instance Request, handling ...
[2026-09-27 17:52:19.262] [amf_sbi] [debug] Send NF Update to NRF
[2026-09-27 17:52:19.262] [amf_sbi] [info] Send HTTP message to http://oai-nrf:80/nnrf-nfm/v1/nf-instances/61eb47b5-a4c3-49d6-a426-56a1df266402
[2026-09-27 17:52:19.262] [amf_sbi] [info] HTTP message Body: [{"op":"replace","path":"/nfStatus","value":"REGISTERED"}]
[2026-09-27 17:52:19.262] [amf_sbi] [debug] Send a simple HTTP request
[2026-09-27 17:52:19.267] [amf_sbi] [info] Get response with HTTP code (204)
[2026-09-27 17:52:19.268] [amf_sbi] [info] Could not get JSON content from the response
[2026-09-27 17:52:19.268] [amf_app] [debug] Received SBI_UPDATE_NF_INSTANCE_RESPONSE
[2026-09-27 17:52:19.268] [amf_app] [debug] Handle NF Update response
[2026-09-27 17:52:19.268] [amf_app] [debug] Set a timer to the next Heart-beat (10)
[2026-09-27 17:52:29.268] [amf_app] [debug] Send ITTI msg to SBI task to trigger NRF Heartbeat
[2026-09-27 17:52:29.268] [amf_sbi] [info] Receive Update NF Instance Request, handling ...
[2026-09-27 17:52:29.268] [amf_sbi] [debug] Send NF Update to NRF
[2026-09-27 17:52:29.268] [amf_sbi] [info] Send HTTP message to http://oai-nrf:80/nnrf-nfm/v1/nf-instances/61eb47b5-a4c3-49d6-a426-56a1df266402
[2026-09-27 17:52:29.268] [amf_sbi] [info] HTTP message Body: [{"op":"replace","path":"/nfStatus","value":"REGISTERED"}]
[2026-09-27 17:52:29.268] [amf_sbi] [debug] Send a simple HTTP request
[2026-09-27 17:52:29.271] [amf_sbi] [info] Get response with HTTP code (204)
[2026-09-27 17:52:29.271] [amf_sbi] [info] Could not get JSON content from the response
[2026-09-27 17:52:29.272] [amf_app] [debug] Received SBI_UPDATE_NF_INSTANCE_RESPONSE
[2026-09-27 17:52:29.272] [amf_app] [debug] Handle NF Update response
[2026-09-27 17:52:29.272] [amf_app] [debug] Set a timer to the next Heart-beat (10)
[2026-09-27 17:52:39.113] [amf_app] [info] 
   |------------------------------------------------------------------------------------------------------------------------------------------------------------|
   |----------------------------------------------------------------------gNBs' Information---------------------------------------------------------------------|
   |  Index |               Status               |              Global Id             |              gNB Name              |                PLMN                |
   |    1   |              Connected             |               0x0E00               |               gNB-OAI              |               001,01               |
   |------------------------------------------------------------------------------------------------------------------------------------------------------------|

   |-----------------------------------------------------------------------------------------------------------------------------------------------------------|
   |---------------------------------------------------------------------UEs' Information----------------------------------------------------------------------|
   |  Index |     5GMM State     |        IMSI        |        GUTI        |   RAN UE NGAP ID   |   AMF UE NGAP ID   |        PLMN        |       Cell Id      |
   |    -   |          -         |          -         |          -         |          -         |          -         |          -         |          -         |
   |-----------------------------------------------------------------------------------------------------------------------------------------------------------|

[2026-09-27 17:52:39.272] [amf_app] [debug] Send ITTI msg to SBI task to trigger NRF Heartbeat
[2026-09-27 17:52:39.272] [amf_sbi] [info] Receive Update NF Instance Request, handling ...
[2026-09-27 17:52:39.272] [amf_sbi] [debug] Send NF Update to NRF
[2026-09-27 17:52:39.272] [amf_sbi] [info] Send HTTP message to http://oai-nrf:80/nnrf-nfm/v1/nf-instances/61eb47b5-a4c3-49d6-a426-56a1df266402
[2026-09-27 17:52:39.272] [amf_sbi] [info] HTTP message Body: [{"op":"replace","path":"/nfStatus","value":"REGISTERED"}]
[2026-09-27 17:52:39.272] [amf_sbi] [debug] Send a simple HTTP request
[2026-09-27 17:52:39.277] [amf_sbi] [info] Get response with HTTP code (204)
[2026-09-27 17:52:39.277] [amf_sbi] [info] Could not get JSON content from the response
[2026-09-27 17:52:39.277] [amf_app] [debug] Received SBI_UPDATE_NF_INSTANCE_RESPONSE
[2026-09-27 17:52:39.277] [amf_app] [debug] Handle NF Update response
[2026-09-27 17:52:39.277] [amf_app] [debug] Set a timer to the next Heart-beat (10)
[2026-09-27 17:52:49.277] [amf_app] [debug] Send ITTI msg to SBI task to trigger NRF Heartbeat
[2026-09-27 17:52:49.277] [amf_sbi] [info] Receive Update NF Instance Request, handling ...
[2026-09-27 17:52:49.277] [amf_sbi] [debug] Send NF Update to NRF
[2026-09-27 17:52:49.277] [amf_sbi] [info] Send HTTP message to http://oai-nrf:80/nnrf-nfm/v1/nf-instances/61eb47b5-a4c3-49d6-a426-56a1df266402
[2026-09-27 17:52:49.277] [amf_sbi] [info] HTTP message Body: [{"op":"replace","path":"/nfStatus","value":"REGISTERED"}]
[2026-09-27 17:52:49.277] [amf_sbi] [debug] Send a simple HTTP request
[2026-09-27 17:52:49.281] [amf_sbi] [info] Get response with HTTP code (204)
[2026-09-27 17:52:49.281] [amf_sbi] [info] Could not get JSON content from the response
[2026-09-27 17:52:49.281] [amf_app] [debug] Received SBI_UPDATE_NF_INSTANCE_RESPONSE
[2026-09-27 17:52:49.281] [amf_app] [debug] Handle NF Update response
[2026-09-27 17:52:49.281] [amf_app] [debug] Set a timer to the next Heart-beat (10)
[2026-09-27 17:52:59.113] [amf_app] [info] 
   |------------------------------------------------------------------------------------------------------------------------------------------------------------|
   |----------------------------------------------------------------------gNBs' Information---------------------------------------------------------------------|
   |  Index |               Status               |              Global Id             |              gNB Name              |                PLMN                |
   |    1   |              Connected             |               0x0E00               |               gNB-OAI              |               001,01               |
   |------------------------------------------------------------------------------------------------------------------------------------------------------------|

   |-----------------------------------------------------------------------------------------------------------------------------------------------------------|
   |---------------------------------------------------------------------UEs' Information----------------------------------------------------------------------|
   |  Index |     5GMM State     |        IMSI        |        GUTI        |   RAN UE NGAP ID   |   AMF UE NGAP ID   |        PLMN        |       Cell Id      |
   |    -   |          -         |          -         |          -         |          -         |          -         |          -         |          -         |
   |-----------------------------------------------------------------------------------------------------------------------------------------------------------|

[2026-09-27 17:52:59.281] [amf_app] [debug] Send ITTI msg to SBI task to trigger NRF Heartbeat
[2026-09-27 17:52:59.282] [amf_sbi] [info] Receive Update NF Instance Request, handling ...
[2026-09-27 17:52:59.282] [amf_sbi] [debug] Send NF Update to NRF
[2026-09-27 17:52:59.282] [amf_sbi] [info] Send HTTP message to http://oai-nrf:80/nnrf-nfm/v1/nf-instances/61eb47b5-a4c3-49d6-a426-56a1df266402
[2026-09-27 17:52:59.282] [amf_sbi] [info] HTTP message Body: [{"op":"replace","path":"/nfStatus","value":"REGISTERED"}]
[2026-09-27 17:52:59.282] [amf_sbi] [debug] Send a simple HTTP request
[2026-09-27 17:52:59.284] [amf_sbi] [info] Get response with HTTP code (204)
[2026-09-27 17:52:59.285] [amf_sbi] [info] Could not get JSON content from the response
[2026-09-27 17:52:59.285] [amf_app] [debug] Received SBI_UPDATE_NF_INSTANCE_RESPONSE
[2026-09-27 17:52:59.285] [amf_app] [debug] Handle NF Update response
[2026-09-27 17:52:59.285] [amf_app] [debug] Set a timer to the next Heart-beat (10)
[2026-09-27 17:53:09.285] [amf_app] [debug] Send ITTI msg to SBI task to trigger NRF Heartbeat
[2026-09-27 17:53:09.285] [amf_sbi] [info] Receive Update NF Instance Request, handling ...
[2026-09-27 17:53:09.285] [amf_sbi] [debug] Send NF Update to NRF
[2026-09-27 17:53:09.285] [amf_sbi] [info] Send HTTP message to http://oai-nrf:80/nnrf-nfm/v1/nf-instances/61eb47b5-a4c3-49d6-a426-56a1df266402
[2026-09-27 17:53:09.285] [amf_sbi] [info] HTTP message Body: [{"op":"replace","path":"/nfStatus","value":"REGISTERED"}]
[2026-09-27 17:53:09.285] [amf_sbi] [debug] Send a simple HTTP request
[2026-09-27 17:53:09.287] [amf_sbi] [info] Get response with HTTP code (204)
[2026-09-27 17:53:09.287] [amf_sbi] [info] Could not get JSON content from the response
[2026-09-27 17:53:09.287] [amf_app] [debug] Received SBI_UPDATE_NF_INSTANCE_RESPONSE
[2026-09-27 17:53:09.287] [amf_app] [debug] Handle NF Update response
[2026-09-27 17:53:09.287] [amf_app] [debug] Set a timer to the next Heart-beat (10)
