==> Linting /home/ducsssanh/6G/O-RAN/DATN/Codebase/deploy/k8s/chart
[INFO] Chart.yaml: icon is recommended

1 chart(s) linted, 0 chart(s) failed
* [oai-lab] minikube v1.38.1 on Ubuntu 24.04
  - KUBECONFIG=/home/ducsssanh/.kube/config
* Kubernetes 1.35.1 is now available. If you would like to upgrade, specify: --kubernetes-version=v1.35.1
* Using the docker driver based on existing profile
* Starting "oai-lab" primary control-plane node in "oai-lab" cluster
* Pulling base image v0.0.50 ...
==> Linting /home/ducsssanh/6G/O-RAN/DATN/Codebase/deploy/k8s/chart
[INFO] Chart.yaml: icon is recommended

1 chart(s) linted, 0 chart(s) failed
* [oai-lab] minikube v1.38.1 on Ubuntu 24.04
  - KUBECONFIG=/home/ducsssanh/.kube/config
* Kubernetes 1.35.1 is now available. If you would like to upgrade, specify: --kubernetes-version=v1.35.1
* Using the docker driver based on existing profile
* Starting "oai-lab" primary control-plane node in "oai-lab" cluster
* Pulling base image v0.0.50 ...
* Preparing Kubernetes v1.33.13 on containerd 2.2.1 ...
* Verifying Kubernetes components...
  - Using image gcr.io/k8s-minikube/storage-provisioner:v5
* Enabled addons: default-storageclass, storage-provisioner

! /usr/local/bin/kubectl is version 1.35.1, which may have incompatibilities with Kubernetes 1.33.13.
  - Want kubectl v1.33.13? Try 'minikube kubectl -- get pods -A'
* To connect to this cluster, use:  --context=oai-lab
customresourcedefinition.apiextensions.k8s.io/network-attachment-definitions.k8s.cni.cncf.io unchanged
clusterrole.rbac.authorization.k8s.io/multus unchanged
clusterrolebinding.rbac.authorization.k8s.io/multus unchanged
serviceaccount/multus unchanged
configmap/multus-daemon-config unchanged
daemonset.apps/kube-multus-ds unchanged
Waiting for daemon set "kube-multus-ds" rollout to finish: 0 of 1 updated pods are available...
daemon set "kube-multus-ds" successfully rolled out
Release "oai-lab" has been upgraded. Happy Helming!
NAME: oai-lab
LAST DEPLOYED: Sun Sep 27 20:23:30 2026
NAMESPACE: oai-lab
STATUS: deployed
REVISION: 20
TEST SUITE: None
partitioned roll out complete: 1 new pods have been updated...
deployment "oai-lab-dn" successfully rolled out
Release "oai-lab" has been upgraded. Happy Helming!
NAME: oai-lab
LAST DEPLOYED: Sun Sep 27 20:23:36 2026
NAMESPACE: oai-lab
STATUS: deployed
REVISION: 21
TEST SUITE: None
job.batch/oai-lab-bootstrap-server condition met
job.batch/oai-lab-bootstrap-client condition met
job.batch/oai-lab-bootstrap-upf-bpf condition met
job.batch/oai-lab-bootstrap-ue-tun condition met
job.batch/oai-lab-bootstrap-radio condition met
Release "oai-lab" has been upgraded. Happy Helming!
NAME: oai-lab
LAST DEPLOYED: Sun Sep 27 20:24:23 2026
NAMESPACE: oai-lab
STATUS: deployed
REVISION: 22
TEST SUITE: None
job.batch/oai-lab-subscriber condition met
Release "oai-lab" has been upgraded. Happy Helming!
NAME: oai-lab
LAST DEPLOYED: Sun Sep 27 20:24:33 2026
NAMESPACE: oai-lab
STATUS: deployed
REVISION: 23
TEST SUITE: None
Waiting for deployment "oai-nrf" rollout to finish: 0 of 1 updated replicas are available...
deployment "oai-nrf" successfully rolled out
Release "oai-lab" has been upgraded. Happy Helming!
NAME: oai-lab
LAST DEPLOYED: Sun Sep 27 20:24:40 2026
NAMESPACE: oai-lab
STATUS: deployed
REVISION: 24
TEST SUITE: None
Waiting for deployment "oai-udr" rollout to finish: 0 of 1 updated replicas are available...
deployment "oai-udr" successfully rolled out
Release "oai-lab" has been upgraded. Happy Helming!
NAME: oai-lab
LAST DEPLOYED: Sun Sep 27 20:24:47 2026
NAMESPACE: oai-lab
STATUS: deployed
REVISION: 25
TEST SUITE: None
Waiting for deployment "oai-udm" rollout to finish: 0 of 1 updated replicas are available...
deployment "oai-udm" successfully rolled out
Release "oai-lab" has been upgraded. Happy Helming!
NAME: oai-lab
LAST DEPLOYED: Sun Sep 27 20:24:57 2026
NAMESPACE: oai-lab
STATUS: deployed
REVISION: 26
TEST SUITE: None
Waiting for deployment "oai-ausf" rollout to finish: 0 of 1 updated replicas are available...
deployment "oai-ausf" successfully rolled out
Release "oai-lab" has been upgraded. Happy Helming!
NAME: oai-lab
LAST DEPLOYED: Sun Sep 27 20:25:06 2026
NAMESPACE: oai-lab
STATUS: deployed
REVISION: 27
TEST SUITE: None
Waiting for deployment "oai-amf" rollout to finish: 0 of 1 updated replicas are available...
deployment "oai-amf" successfully rolled out
Release "oai-lab" has been upgraded. Happy Helming!
NAME: oai-lab
LAST DEPLOYED: Sun Sep 27 20:25:15 2026
NAMESPACE: oai-lab
STATUS: deployed
REVISION: 28
TEST SUITE: None
Waiting for deployment "oai-smf" rollout to finish: 0 of 1 updated replicas are available...
deployment "oai-smf" successfully rolled out
Release "oai-lab" has been upgraded. Happy Helming!
NAME: oai-lab
LAST DEPLOYED: Sun Sep 27 20:25:29 2026
NAMESPACE: oai-lab
STATUS: deployed
REVISION: 29
TEST SUITE: None
Waiting for deployment "oai-upf" rollout to finish: 0 of 1 updated replicas are available...
deployment "oai-upf" successfully rolled out
Preflight passed. Actual BPF attachment remains a runtime gate.
