* [oai-lab] minikube v1.38.1 on Ubuntu 24.04
  - KUBECONFIG=/home/ducsssanh/.kube/config
* Kubernetes 1.35.1 is now available. If you would like to upgrade, specify: --kubernetes-version=v1.35.1
* Using the docker driver based on existing profile
* Starting "oai-lab" primary control-plane node in "oai-lab" cluster
* Pulling base image v0.0.50 ...

X Docker is nearly out of disk space, which may cause deployments to fail! (95% of capacity). You can pass '--force' to skip this check.
* Suggestion: 

    Try one or more of the following to free up space on the device:
    
    1. Run "docker system prune" to remove unused Docker data (optionally with "-a")
    2. Increase the storage allocated to Docker for Desktop by clicking on:
    Docker icon > Preferences > Resources > Disk Image Size
    3. Run "minikube ssh -- docker system prune" if using the Docker container runtime
* Related issue: https://github.com/kubernetes/minikube/issues/9024

* Preparing Kubernetes v1.33.13 on containerd 2.2.1 ...
* Verifying Kubernetes components...
  - Using image gcr.io/k8s-minikube/storage-provisioner:v5
* Enabled addons: storage-provisioner, default-storageclass

! /usr/local/bin/kubectl is version 1.35.1, which may have incompatibilities with Kubernetes 1.33.13.
  - Want kubectl v1.33.13? Try 'minikube kubectl -- get pods -A'
* To connect to this cluster, use:  --context=oai-lab
