Trying to read .yaml configuration file
LTTNG Tracing disabled at build-time!
[2026-09-27 15:25:13.545] [amf_app] [start] Options parsed!
[2026-09-27 15:25:13.545] [system ] [debug] Parsing the configuration file, file type YAML.
[2026-09-27 15:25:13.546] [config ] [info] Reading NF configuration from /config/config.yaml
[2026-09-27 15:25:13.554] [config ] [debug] Unknown NF udr in configuration. Ignored
[2026-09-27 15:25:13.554] [config ] [debug] Unknown NF upf in configuration. Ignored
[2026-09-27 15:25:13.554] [config ] [debug] Validating configuration of log_level
[2026-09-27 15:25:13.554] [config ] [debug] Validating configuration of register_nf
[2026-09-27 15:25:13.554] [config ] [debug] Validating configuration of http_version
[2026-09-27 15:25:13.554] [config ] [debug] Validating configuration of http_request_timeout
[2026-09-27 15:25:13.554] [config ] [debug] Validating configuration of NSSF
[2026-09-27 15:25:13.554] [config ] [debug] Validating configuration of NRF
[2026-09-27 15:25:13.555] [config ] [debug] Validating configuration of UDM
[2026-09-27 15:25:13.555] [config ] [debug] Validating configuration of AUSF
[2026-09-27 15:25:13.555] [config ] [debug] Validating configuration of SMF
[2026-09-27 15:25:13.555] [config ] [debug] Validating configuration of AMF
[2026-09-27 15:25:13.557] [config ] [debug] Validating configuration of database
[2026-09-27 15:25:13.557] [config] [info] ==== OAI-CN5G AMF vBranch: HEAD Abrev. Hash: 5ad2873c Date: Tue Dec 9 12:09:26 2025 +0000 ====
[2026-09-27 15:25:13.557] [config] [info] ======================    AMF   =====================
[2026-09-27 15:25:13.557] [config] [info] Configuration AMF:
[2026-09-27 15:25:13.557] [config] [info] - Instance ................: 1
[2026-09-27 15:25:13.557] [config] [info] - PID dir .................: /var/run
[2026-09-27 15:25:13.557] [config] [info] - AMF NAME.................: amf
[2026-09-27 15:25:13.557] [config] [info] - GUAMI (MCC, MNC, Region ID, AMF Set ID, AMF pointer): 
[2026-09-27 15:25:13.557] [config] [info]     (001, 01, 1, 0, 0)
[2026-09-27 15:25:13.557] [config] [info] - Served Guami List:
[2026-09-27 15:25:13.557] [config] [info]     (001, 01, 1 , 0, 0)
[2026-09-27 15:25:13.557] [config] [info] - Relative Capacity .......: 30
[2026-09-27 15:25:13.557] [config] [info] - PLMN Support: 
[2026-09-27 15:25:13.557] [config] [info]     MCC, MNC ..............: 001, 01
[2026-09-27 15:25:13.557] [config] [info]     TAC ...................: 7
[2026-09-27 15:25:13.557] [config] [info]     Slice Support .........:
[2026-09-27 15:25:13.557] [config] [info]         SST ...............: 1
[2026-09-27 15:25:13.557] [config] [info] - Default DNN.................: default
[2026-09-27 15:25:13.557] [config] [info] - Emergency Support .......: No
[2026-09-27 15:25:13.557] [config] [info] - Database: 
[2026-09-27 15:25:13.557] [config] [info]     MySQL Server Addr .....: oai-lab-db
[2026-09-27 15:25:13.557] [config] [info]     MySQL user ............: oai
[2026-09-27 15:25:13.557] [config] [info]     MySQL pass ............: 07587be8973ac8a0e0b16aca51e523463eee11c8c727d7d4
[2026-09-27 15:25:13.557] [config] [info]     MySQL DB ..............: oai_db
[2026-09-27 15:25:13.557] [config] [info] - N2 Networking:
[2026-09-27 15:25:13.557] [config] [info]     Iface .................: n2
[2026-09-27 15:25:13.557] [config] [info]     IP Addr ...............: 172.30.22.10
[2026-09-27 15:25:13.557] [config] [info]     Port ..................: 38412
[2026-09-27 15:25:13.557] [config] [info] - SBI Networking:
[2026-09-27 15:25:13.557] [config] [info]     Iface .................: eth0
[2026-09-27 15:25:13.557] [config] [info]     IP Addr ...............: 10.244.0.58
[2026-09-27 15:25:13.557] [config] [info]     Port ..................: 80
[2026-09-27 15:25:13.557] [config] [info]     API version............: v1
[2026-09-27 15:25:13.557] [config] [info] - SMF:
[2026-09-27 15:25:13.557] [config] [info]     URI root ...............: http://oai-smf:80
[2026-09-27 15:25:13.557] [config] [info]     API version ...........: v1
[2026-09-27 15:25:13.557] [config] [info] - Supported Features:
[2026-09-27 15:25:13.557] [config] [info]     NF Registration .......: No
[2026-09-27 15:25:13.557] [config] [info]     SMF Selection .........: No
[2026-09-27 15:25:13.557] [config] [info]     External AUSF .........: No
[2026-09-27 15:25:13.557] [config] [info]     External UDM ..........: No
[2026-09-27 15:25:13.557] [config] [info]     External NSSF .........: No
[2026-09-27 15:25:13.557] [config] [info]     External LMF ..........: No
[2026-09-27 15:25:13.557] [config] [info]     HTTP version...........: 1
[2026-09-27 15:25:13.557] [config] [info] - Log Level ...............: debug
[2026-09-27 15:25:13.557] [config] [info] - Supported NAS Algorithm: 
[2026-09-27 15:25:13.558] [config] [info]     Ordered Integrity Algorithm: 5G_IA1 5G_IA2 
[2026-09-27 15:25:13.558] [config] [info]     Ordered Ciphering Algorithm: 5G_EA0 5G_EA1 5G_EA2 
[2026-09-27 15:25:13.558] [itti] [start] Starting...
[2026-09-27 15:25:13.558] [itti] [start] Started
[2026-09-27 15:25:13.558] [amf_sbi] [info] HTTP Client successfully initiated on interface eth0 with timeout 3000 ms, HTTP version 1
[2026-09-27 15:25:13.558] [amf_app] [start] Creating AMF application functionality layer
[2026-09-27 15:25:13.558] [itti] [info] Starting timer_manager_task
[2026-09-27 15:25:13.558] [itti] [warning] Could not set schedparam to ITTI task 0, err=1
[2026-09-27 15:25:13.560] [amf_n1] [start] amf_n1 started
[2026-09-27 15:25:13.560] [sctp] [debug] Creating socket!
[2026-09-27 15:25:13.561] [sctp] [debug] Getaddrinfo on 172.30.22.10 was OK
[2026-09-27 15:25:13.561] [sctp] [info] Created socket (3)
[2026-09-27 15:25:13.561] [ngap] [info] Set N2 AMF IPv4 Addr 172.30.22.10, port 38412
[2026-09-27 15:25:13.561] [sctp] [info] Create pthread to receive SCTP message
[2026-09-27 15:25:13.562] [amf_n2] [start] amf_n2 started
[2026-09-27 15:25:13.564] [amf_sbi] [start] amf_sbi started
[2026-09-27 15:25:13.564] [amf_app] [debug] NF instance info
[2026-09-27 15:25:13.564] [amf_app] [debug] 	Instance ID: 984c5ac4-71e4-4758-ad69-565095965e7b
[2026-09-27 15:25:13.564] [amf_app] [debug] 	Instance name: amf
[2026-09-27 15:25:13.564] [amf_app] [debug] 	Instance type: AMF
[2026-09-27 15:25:13.564] [amf_app] [debug] 	Status: REGISTERED
[2026-09-27 15:25:13.564] [amf_app] [debug] 	HeartBeat timer: 50
[2026-09-27 15:25:13.564] [amf_app] [debug] 	Priority: 1
[2026-09-27 15:25:13.564] [amf_app] [debug] 	Capacity: 100
[2026-09-27 15:25:13.564] [amf_app] [debug] 	SNSSAI:
[2026-09-27 15:25:13.564] [amf_app] [debug] 		 SST, SD: 1, FFFFFF
[2026-09-27 15:25:13.564] [amf_app] [debug] 	IPv4 Addr:
[2026-09-27 15:25:13.564] [amf_app] [debug] 		 10.244.0.58
[2026-09-27 15:25:13.564] [amf_app] [debug] 	NF Service
[2026-09-27 15:25:13.564] [amf_app] [debug] 		Service Instance ID: 984c5ac4-71e4-4758-ad69-565095965e7b, Service name: namf-comm, Version (apiVersionInUri: v1, apiFullVersion: 1.0.0 ), Scheme: http, Service status: REGISTERED,  IpEndPoints: Ipv4 Address: 10.244.0.58, TransportProtocol: TCP, Port: 80
[2026-09-27 15:25:13.564] [amf_app] [debug] 		Service Instance ID: namf-evts, Service name: namf-evts, Version (apiVersionInUri: v1, apiFullVersion: 1.0.0 ), Scheme: http, Service status: REGISTERED,  IpEndPoints: Ipv4 Address: 10.244.0.58, TransportProtocol: TCP, Port: 80
[2026-09-27 15:25:13.564] [amf_app] [debug] 	NF Service List
[2026-09-27 15:25:13.564] [amf_app] [debug] 		984c5ac4-71e4-4758-ad69-565095965e7b
[2026-09-27 15:25:13.564] [amf_app] [debug] 			Service Instance ID: 984c5ac4-71e4-4758-ad69-565095965e7b, Service name: namf-comm, Version (apiVersionInUri: v1, apiFullVersion: 1.0.0 ), Scheme: http, Service status: REGISTERED,  IpEndPoints: Ipv4 Address: 10.244.0.58, TransportProtocol: TCP, Port: 80
[2026-09-27 15:25:13.564] [amf_app] [debug] 	AMF Info
[2026-09-27 15:25:13.564] [amf_app] [debug] 		AMF Set ID: 000, AMF Region ID: 01
[2026-09-27 15:25:13.564] [amf_app] [debug] 		AMF GUAMI List, AMF_ID: 010000
[2026-09-27 15:25:13.564] [amf_app] [debug] 		AMF GUAMI List, PLMN (MCC: 001, MNC: 01)
[2026-09-27 15:25:13.564] [amf_app] [start] Started timer (1)
[2026-09-27 15:25:13.564] [amf_app] [debug] Initiating AMF server endpoints
[2026-09-27 15:25:13.565] [amf_server] [debug] Initiate AMF Server Endpoints done!
[2026-09-27 15:25:13.565] [amf_server] [debug] AMF handler for AMFConfigurationApiImpl
[2026-09-27 15:25:13.565] [amf_server] [debug] AMF handler for IndividualSubscriptionDocumentApiImpl
[2026-09-27 15:25:13.565] [amf_server] [debug] AMF handler for IndividualSubscriptionDocumentApiImpl
[2026-09-27 15:25:13.565] [amf_server] [debug] AMF handler for IndividualUeContextDocumentApiImpl
[2026-09-27 15:25:13.565] [amf_server] [debug] AMF handler for N1N2IndividualSubscriptionDocumentApiImpl
[2026-09-27 15:25:13.565] [amf_server] [debug] AMF handler for N1N2MessageCollectionDocumentApiImpl
[2026-09-27 15:25:13.565] [amf_server] [debug] AMF handler for N1N2SubscriptionsCollectionForIndividualUEContextsDocumentApiImpl
[2026-09-27 15:25:13.565] [amf_server] [debug] AMF handler for NonUEN2MessageNotificationIndividualSubscriptionDocumentApiImpl
[2026-09-27 15:25:13.565] [amf_server] [debug] AMF handler for NonUEN2MessagesCollectionDocumentApiImpl
[2026-09-27 15:25:13.565] [amf_server] [debug] AMF handler for NonUEN2MessagesSubscriptionsCollectionDocumentApiImpl
[2026-09-27 15:25:13.565] [amf_server] [debug] AMF handler for SubscriptionsCollectionDocumentApiImpl
[2026-09-27 15:25:13.565] [amf_server] [debug] AMF handler for SubscriptionsCollectionDocumentApiImplEventExposure
[2026-09-27 15:25:13.565] [amf_server] [debug] AMF handler for N1MessageNotifyApiImpl
[2026-09-27 15:25:13.565] [amf_server] [debug] AMF handler for StatusNotifyApiImpl
[2026-09-27 15:25:13.565] [amf_app] [debug] Initiation Done!
[2026-09-27 15:25:33.564] [amf_app] [info] 
   |------------------------------------------------------------------------------------------------------------------------------------------------------------|
   |----------------------------------------------------------------------gNBs' Information---------------------------------------------------------------------|
   |  Index |               Status               |              Global Id             |              gNB Name              |                PLMN                |
   |    -   |                  -                 |                  -                 |                  -                 |                  -                 |
   |------------------------------------------------------------------------------------------------------------------------------------------------------------|

   |-----------------------------------------------------------------------------------------------------------------------------------------------------------|
   |---------------------------------------------------------------------UEs' Information----------------------------------------------------------------------|
   |  Index |     5GMM State     |        IMSI        |        GUTI        |   RAN UE NGAP ID   |   AMF UE NGAP ID   |        PLMN        |       Cell Id      |
   |    -   |          -         |          -         |          -         |          -         |          -         |          -         |          -         |
   |-----------------------------------------------------------------------------------------------------------------------------------------------------------|

[2026-09-27 15:25:53.564] [amf_app] [info] 
   |------------------------------------------------------------------------------------------------------------------------------------------------------------|
   |----------------------------------------------------------------------gNBs' Information---------------------------------------------------------------------|
   |  Index |               Status               |              Global Id             |              gNB Name              |                PLMN                |
   |    -   |                  -                 |                  -                 |                  -                 |                  -                 |
   |------------------------------------------------------------------------------------------------------------------------------------------------------------|

   |-----------------------------------------------------------------------------------------------------------------------------------------------------------|
   |---------------------------------------------------------------------UEs' Information----------------------------------------------------------------------|
   |  Index |     5GMM State     |        IMSI        |        GUTI        |   RAN UE NGAP ID   |   AMF UE NGAP ID   |        PLMN        |       Cell Id      |
   |    -   |          -         |          -         |          -         |          -         |          -         |          -         |          -         |
   |-----------------------------------------------------------------------------------------------------------------------------------------------------------|

[2026-09-27 15:26:13.564] [amf_app] [info] 
   |------------------------------------------------------------------------------------------------------------------------------------------------------------|
   |----------------------------------------------------------------------gNBs' Information---------------------------------------------------------------------|
   |  Index |               Status               |              Global Id             |              gNB Name              |                PLMN                |
   |    -   |                  -                 |                  -                 |                  -                 |                  -                 |
   |------------------------------------------------------------------------------------------------------------------------------------------------------------|

   |-----------------------------------------------------------------------------------------------------------------------------------------------------------|
   |---------------------------------------------------------------------UEs' Information----------------------------------------------------------------------|
   |  Index |     5GMM State     |        IMSI        |        GUTI        |   RAN UE NGAP ID   |   AMF UE NGAP ID   |        PLMN        |       Cell Id      |
   |    -   |          -         |          -         |          -         |          -         |          -         |          -         |          -         |
   |-----------------------------------------------------------------------------------------------------------------------------------------------------------|

[2026-09-27 15:26:33.565] [amf_app] [info] 
   |------------------------------------------------------------------------------------------------------------------------------------------------------------|
   |----------------------------------------------------------------------gNBs' Information---------------------------------------------------------------------|
   |  Index |               Status               |              Global Id             |              gNB Name              |                PLMN                |
   |    -   |                  -                 |                  -                 |                  -                 |                  -                 |
   |------------------------------------------------------------------------------------------------------------------------------------------------------------|

   |-----------------------------------------------------------------------------------------------------------------------------------------------------------|
   |---------------------------------------------------------------------UEs' Information----------------------------------------------------------------------|
   |  Index |     5GMM State     |        IMSI        |        GUTI        |   RAN UE NGAP ID   |   AMF UE NGAP ID   |        PLMN        |       Cell Id      |
   |    -   |          -         |          -         |          -         |          -         |          -         |          -         |          -         |
   |-----------------------------------------------------------------------------------------------------------------------------------------------------------|

[2026-09-27 15:26:53.565] [amf_app] [info] 
   |------------------------------------------------------------------------------------------------------------------------------------------------------------|
   |----------------------------------------------------------------------gNBs' Information---------------------------------------------------------------------|
   |  Index |               Status               |              Global Id             |              gNB Name              |                PLMN                |
   |    -   |                  -                 |                  -                 |                  -                 |                  -                 |
   |------------------------------------------------------------------------------------------------------------------------------------------------------------|

   |-----------------------------------------------------------------------------------------------------------------------------------------------------------|
   |---------------------------------------------------------------------UEs' Information----------------------------------------------------------------------|
   |  Index |     5GMM State     |        IMSI        |        GUTI        |   RAN UE NGAP ID   |   AMF UE NGAP ID   |        PLMN        |       Cell Id      |
   |    -   |          -         |          -         |          -         |          -         |          -         |          -         |          -         |
   |-----------------------------------------------------------------------------------------------------------------------------------------------------------|

[2026-09-27 15:27:13.565] [amf_app] [info] 
   |------------------------------------------------------------------------------------------------------------------------------------------------------------|
   |----------------------------------------------------------------------gNBs' Information---------------------------------------------------------------------|
   |  Index |               Status               |              Global Id             |              gNB Name              |                PLMN                |
   |    -   |                  -                 |                  -                 |                  -                 |                  -                 |
   |------------------------------------------------------------------------------------------------------------------------------------------------------------|

   |-----------------------------------------------------------------------------------------------------------------------------------------------------------|
   |---------------------------------------------------------------------UEs' Information----------------------------------------------------------------------|
   |  Index |     5GMM State     |        IMSI        |        GUTI        |   RAN UE NGAP ID   |   AMF UE NGAP ID   |        PLMN        |       Cell Id      |
   |    -   |          -         |          -         |          -         |          -         |          -         |          -         |          -         |
   |-----------------------------------------------------------------------------------------------------------------------------------------------------------|

[2026-09-27 15:27:33.565] [amf_app] [info] 
   |------------------------------------------------------------------------------------------------------------------------------------------------------------|
   |----------------------------------------------------------------------gNBs' Information---------------------------------------------------------------------|
   |  Index |               Status               |              Global Id             |              gNB Name              |                PLMN                |
   |    -   |                  -                 |                  -                 |                  -                 |                  -                 |
   |------------------------------------------------------------------------------------------------------------------------------------------------------------|

   |-----------------------------------------------------------------------------------------------------------------------------------------------------------|
   |---------------------------------------------------------------------UEs' Information----------------------------------------------------------------------|
   |  Index |     5GMM State     |        IMSI        |        GUTI        |   RAN UE NGAP ID   |   AMF UE NGAP ID   |        PLMN        |       Cell Id      |
   |    -   |          -         |          -         |          -         |          -         |          -         |          -         |          -         |
   |-----------------------------------------------------------------------------------------------------------------------------------------------------------|

[2026-09-27 15:27:53.566] [amf_app] [info] 
   |------------------------------------------------------------------------------------------------------------------------------------------------------------|
   |----------------------------------------------------------------------gNBs' Information---------------------------------------------------------------------|
   |  Index |               Status               |              Global Id             |              gNB Name              |                PLMN                |
   |    -   |                  -                 |                  -                 |                  -                 |                  -                 |
   |------------------------------------------------------------------------------------------------------------------------------------------------------------|

   |-----------------------------------------------------------------------------------------------------------------------------------------------------------|
   |---------------------------------------------------------------------UEs' Information----------------------------------------------------------------------|
   |  Index |     5GMM State     |        IMSI        |        GUTI        |   RAN UE NGAP ID   |   AMF UE NGAP ID   |        PLMN        |       Cell Id      |
   |    -   |          -         |          -         |          -         |          -         |          -         |          -         |          -         |
   |-----------------------------------------------------------------------------------------------------------------------------------------------------------|

