==> Linting /home/ducsssanh/6G/O-RAN/DATN/Codebase/deploy/k8s/chart
[INFO] Chart.yaml: icon is recommended

1 chart(s) linted, 0 chart(s) failed
Preflight passed; runtime BPF attachment will be checked during up.
* [oai-lab] minikube v1.38.1 on Ubuntu 24.04
  - KUBECONFIG=/home/ducsssanh/.kube/config
* Kubernetes 1.35.1 is now available. If you would like to upgrade, specify: --kubernetes-version=v1.35.1
* Using the docker driver based on existing profile
* Starting "oai-lab" primary control-plane node in "oai-lab" cluster
* Pulling base image v0.0.50 ...
* Preparing Kubernetes v1.33.13 on containerd 2.2.1 ...
* Verifying Kubernetes components...
  - Using image gcr.io/k8s-minikube/storage-provisioner:v5
* Enabled addons: storage-provisioner, default-storageclass

! /usr/local/bin/kubectl is version 1.35.1, which may have incompatibilities with Kubernetes 1.33.13.
  - Want kubectl v1.33.13? Try 'minikube kubectl -- get pods -A'
* To connect to this cluster, use:  --context=oai-lab
customresourcedefinition.apiextensions.k8s.io/network-attachment-definitions.k8s.cni.cncf.io unchanged
clusterrole.rbac.authorization.k8s.io/multus unchanged
clusterrolebinding.rbac.authorization.k8s.io/multus unchanged
serviceaccount/multus unchanged
configmap/multus-daemon-config unchanged
daemonset.apps/kube-multus-ds unchanged
daemon set "kube-multus-ds" successfully rolled out
Release "oai-lab" has been upgraded. Happy Helming!
NAME: oai-lab
LAST DEPLOYED: Sun Sep 27 23:39:07 2026
NAMESPACE: oai-lab
STATUS: deployed
REVISION: 88
TEST SUITE: None
partitioned roll out complete: 1 new pods have been updated...
deployment "oai-lab-dn" successfully rolled out
Release "oai-lab" has been upgraded. Happy Helming!
NAME: oai-lab
LAST DEPLOYED: Sun Sep 27 23:39:12 2026
NAMESPACE: oai-lab
STATUS: deployed
REVISION: 89
TEST SUITE: None
job.batch/oai-lab-bootstrap-server condition met
job.batch/oai-lab-bootstrap-client condition met
job.batch/oai-lab-bootstrap-upf-bpf condition met
job.batch/oai-lab-bootstrap-ue-tun condition met
job.batch/oai-lab-bootstrap-radio condition met
Release "oai-lab" has been upgraded. Happy Helming!
NAME: oai-lab
LAST DEPLOYED: Sun Sep 27 23:40:18 2026
NAMESPACE: oai-lab
STATUS: deployed
REVISION: 90
TEST SUITE: None
job.batch/oai-lab-subscriber condition met
Release "oai-lab" has been upgraded. Happy Helming!
NAME: oai-lab
LAST DEPLOYED: Sun Sep 27 23:40:27 2026
NAMESPACE: oai-lab
STATUS: deployed
REVISION: 91
TEST SUITE: None
Waiting for deployment "oai-nrf" rollout to finish: 0 of 1 updated replicas are available...
deployment "oai-nrf" successfully rolled out
Release "oai-lab" has been upgraded. Happy Helming!
NAME: oai-lab
LAST DEPLOYED: Sun Sep 27 23:40:34 2026
NAMESPACE: oai-lab
STATUS: deployed
REVISION: 92
TEST SUITE: None
Waiting for deployment "oai-udr" rollout to finish: 0 of 1 updated replicas are available...
deployment "oai-udr" successfully rolled out
Release "oai-lab" has been upgraded. Happy Helming!
NAME: oai-lab
LAST DEPLOYED: Sun Sep 27 23:40:41 2026
NAMESPACE: oai-lab
STATUS: deployed
REVISION: 93
TEST SUITE: None
Waiting for deployment "oai-udm" rollout to finish: 0 of 1 updated replicas are available...
deployment "oai-udm" successfully rolled out
Release "oai-lab" has been upgraded. Happy Helming!
NAME: oai-lab
LAST DEPLOYED: Sun Sep 27 23:40:48 2026
NAMESPACE: oai-lab
STATUS: deployed
REVISION: 94
TEST SUITE: None
Waiting for deployment "oai-ausf" rollout to finish: 0 of 1 updated replicas are available...
deployment "oai-ausf" successfully rolled out
Release "oai-lab" has been upgraded. Happy Helming!
NAME: oai-lab
LAST DEPLOYED: Sun Sep 27 23:40:57 2026
NAMESPACE: oai-lab
STATUS: deployed
REVISION: 95
TEST SUITE: None
Waiting for deployment "oai-amf" rollout to finish: 0 of 1 updated replicas are available...
deployment "oai-amf" successfully rolled out
Release "oai-lab" has been upgraded. Happy Helming!
NAME: oai-lab
LAST DEPLOYED: Sun Sep 27 23:41:06 2026
NAMESPACE: oai-lab
STATUS: deployed
REVISION: 96
TEST SUITE: None
Waiting for deployment "oai-smf" rollout to finish: 0 of 1 updated replicas are available...
deployment "oai-smf" successfully rolled out
Release "oai-lab" has been upgraded. Happy Helming!
NAME: oai-lab
LAST DEPLOYED: Sun Sep 27 23:41:19 2026
NAMESPACE: oai-lab
STATUS: deployed
REVISION: 97
TEST SUITE: None
Waiting for deployment "oai-upf" rollout to finish: 0 of 1 updated replicas are available...
deployment "oai-upf" successfully rolled out
Release "oai-lab" has been upgraded. Happy Helming!
NAME: oai-lab
LAST DEPLOYED: Sun Sep 27 23:41:53 2026
NAMESPACE: oai-lab
STATUS: deployed
REVISION: 98
TEST SUITE: None
Waiting for deployment "oai-flexric" rollout to finish: 0 of 1 updated replicas are available...
deployment "oai-flexric" successfully rolled out
Release "oai-lab" has been upgraded. Happy Helming!
NAME: oai-lab
LAST DEPLOYED: Sun Sep 27 23:42:02 2026
NAMESPACE: oai-lab
STATUS: deployed
REVISION: 99
TEST SUITE: None
Waiting for deployment "oai-gnb" rollout to finish: 0 of 1 updated replicas are available...
deployment "oai-gnb" successfully rolled out
Release "oai-lab" has been upgraded. Happy Helming!
NAME: oai-lab
LAST DEPLOYED: Sun Sep 27 23:42:17 2026
NAMESPACE: oai-lab
STATUS: deployed
REVISION: 100
TEST SUITE: None
Release "oai-lab" has been upgraded. Happy Helming!
NAME: oai-lab
LAST DEPLOYED: Sun Sep 27 23:42:20 2026
NAMESPACE: oai-lab
STATUS: deployed
REVISION: 101
TEST SUITE: None
Waiting for deployment "oai-nr-ue" rollout to finish: 0 of 1 updated replicas are available...
deployment "oai-nr-ue" successfully rolled out
deployment "oai-lab-xapp" successfully rolled out
