CMDLINE: "/opt/oai/bin/nr-softmodem" "-O" "/config/gnb.conf" "--rfsim" "--rfsimulator.[0].serveraddr" "server" "--rfsimulator.[0].options" "chanmod" "--gNBs.[0].min_rxtxtime" "6" 
[UTIL]   running in SA mode (no --phy-test, --do-ra, --nsa option present)
[0m[OPT]    OPT disabled
[0m[HW]     Version: Branch:  Abrev. Hash:  Date: 
[0m[GNB_APP] Initialized RAN Context: RC.nb_nr_inst = 1, RC.nb_nr_macrlc_inst = 1, RC.nb_nr_L1_inst = 1, RC.nb_RU = 1, RC.nb_nr_CC[0] = 1
[0m[NR_PHY] Initializing gNB RAN context: RC.nb_nr_L1_inst = 1 
[0m[NR_PHY] Registered with MAC interface module (0x5c1c6e733010)
[0m[NR_PHY] Initializing NR L1: RC.nb_nr_L1_inst = 1
[0m[NR_PHY] thread cores for L1_RX -1 L1_TX -1
[0m[NR_PHY] TX_AMP = 519 (-36 dBFS)
[0m[PHY]    No prs_config configuration found..!!
[0m[GNB_APP] pdsch_AntennaPorts N1 1 N2 1 XP 1 pusch_AntennaPorts 1
[0m[GNB_APP] minTXRXTIME 6
[0m[GNB_APP] CSI-RS 0, SRS periodic, report type 0 (ssb_rsrp), 256 QAM may be on, delta_MCS off, maxMIMO_Layers -1, HARQ feedback enabled, num DLHARQ:16, num ULHARQ:16
[0m[GNB_APP] No RedCap configuration found
[0m[GNB_APP] No PTRS configuration found
[0m[GNB_APP] sr_ProhibitTimer 0, sr_TransMax 64, sr_ProhibitTimer_v1700 0, t300 400, t301 400, t310 2000, n310 10, t311 3000, n311 1, t319 400
[0m[NR_MAC] Candidates per PDCCH aggregation level on UESS: L1: 0, L2: 2, L4: 0, L8: 0, L16: 0
[0m[RRC]    Read in ServingCellConfigCommon (PhysCellId 0, ABSFREQSSB 641280, DLBand 78, ABSFREQPOINTA 640008, DLBW 106,RACH_TargetReceivedPower -96
[0m[NR_MAC] Computing frequency (nrarfcn 641280 => 3619200 KHz, NR band 78
[0m[RRC]    absoluteFrequencySSB 641280 corresponds to 3619200000 Hz
[0m[NR_MAC] Computing frequency (nrarfcn 640008 => 3600120 KHz, NR band 78
[0m[NR_MAC] PUSCH Target 150 RSSI thresh 0 Failure 10, PUCCH Target 200 RSSI thresh 0 Failure 10
[0m[UTIL]   threadCreate() for MAC_STATS: creating thread with affinity ffffffff, priority 2
[0m[NR_PHY] Copying 0 blacklisted PRB to L1 context
[0m[NR_MAC] Computing frequency (nrarfcn 640008 => 3600120 KHz, NR band 78
[0m[NR_MAC] Computing frequency (nrarfcn 640008 => 3600120 KHz, NR band 78
[0m[NR_MAC] Set TX antenna number to 1, Set RX antenna number to 1 (num ssb 1: 80000000,0)
[0m[NR_MAC] TDD period index = 6, based on the sum of dl_UL_TransmissionPeriodicity from Pattern1 (5.000000 ms) and Pattern2 (0.000000 ms): Total = 5.000000 ms
[0m[NR_MAC] Set TDD configuration period to: 8 DL slots, 3 UL slots, 10 slots per period (NR_TDD_UL_DL_Pattern is 7 DL slots, 2 UL slots, 6 DL symbols, 4 UL symbols)
[0m[NR_MAC] Configured 1 TDD patterns (total slots: pattern1 = 10, pattern2 = 0)
[0m[NR_PHY] Set TDD Period Configuration: 2 periods per frame, 20 slots to be configured (8 DL, 3 UL)
[0m[NR_PHY] TDD period configuration: slot 0 is DOWNLINK
[0m[NR_PHY] TDD period configuration: slot 1 is DOWNLINK
[0m[NR_PHY] TDD period configuration: slot 2 is DOWNLINK
[0m[NR_PHY] TDD period configuration: slot 3 is DOWNLINK
[0m[NR_PHY] TDD period configuration: slot 4 is DOWNLINK
[0m[NR_PHY] TDD period configuration: slot 5 is DOWNLINK
[0m[NR_PHY] TDD period configuration: slot 6 is DOWNLINK
[0m[NR_PHY] TDD period configuration: slot 7 is FLEXIBLE: DDDDDDFFFFUUUU
[0m[NR_PHY] TDD period configuration: slot 8 is UPLINK
[0m[NR_PHY] TDD period configuration: slot 9 is UPLINK
[0m[NR_MAC] Command line parameters for OAI UE: -C 3619200000 -r 106 --numerology 1 --band 78 --ssb 516 
[0m[PHY]    DL frequency 3619200000 Hz, UL frequency 3619200000 Hz: uldl offset 0 Hz
[0m[PHY]    Initializing frame parms for mu 1, N_RB 106, Ncp 0
[0m[PHY]    Init: N_RB_DL 106, first_carrier_offset 1412, nb_prefix_samples 144,nb_prefix_samples0 176, ofdm_symbol_size 2048
[0m[NR_MAC] TDD period index = 6, based on the sum of dl_UL_TransmissionPeriodicity from Pattern1 (5.000000 ms) and Pattern2 (0.000000 ms): Total = 5.000000 ms
[0m[NR_MAC] TDA index 0: start 0 length 13 k2 6
[0m[NR_MAC] TDA index 1: start 0 length 12 k2 6
[0m[NR_MAC] TDA index 2: start 10 length 3 k2 6
[0m[NR_RRC] SIB1 freq: offsetToPointA 86
[0m[GNB_APP] F1AP: gNB idx 0 gNB_DU_id 3584, gNB_DU_name gNB-OAI, TAC 7 MCC/MNC/length 1/1/2 cellID 12345678
[0m[GNB_APP] ngran_DU: Configuring Cell 0 for TDD
[0m[GNB_APP] Configured DU: cell ID 12345678, PCI 0
[0m[GNB_APP] gNB 0: neighbour_list has 0 serving cell(s)
[0m[GNB_APP] SDAP layer is enabled
[0m[GNB_APP] gNB 0 SIB2 config: q_Hyst=0 dB, cellReselPrio=0, q_RxLevMin=-56 dBm, t_ReselectionNR=1 s
[0m[GNB_APP] Parsed IPv4 address for NG AMF: 172.30.22.20
[0m[UTIL]   threadCreate() for TASK_SCTP: creating thread with affinity ffffffff, priority 50
[0m[X2AP]   X2AP is disabled.
[0m[UTIL]   threadCreate() for TASK_NGAP: creating thread with affinity ffffffff, priority 50
[0m[34m[NGAP]   Starting NGAP layer
[0m[UTIL]   threadCreate() for TASK_RRC_GNB: creating thread with affinity ffffffff, priority 50
[0m[NGAP]   Registered new gNB[0] and macro gNB id 3584
[0m[NGAP]   [gNB 0] check the amf registration state
[0m[NR_RRC] Entering main loop of NR_RRC message task
[0m[GTPU]   Configuring GTPu
[0m[GTPU]   SA mode 
[0m[GTPU]   Configuring GTPu address : 172.30.23.20, port : 2152
[0m[GTPU]   Initializing UDP for local address 172.30.23.20 with port 2152
[0m[GTPU]   Created gtpu instance id: 81
[0m[UTIL]   threadCreate() for GTPrx_81: creating thread with affinity ffffffff, priority 50
[0m[32m[NGAP]   Send NGSetupRequest to AMF
[0m[NGAP]   3584 -> 0000e000
[0m[34m[NGAP]   Served GUAMIs for AMF amf (assoc_id=35):
[0m[34m[NGAP]    GUAMI:
[0m[34m[NGAP]      PLMN: MCC=001, MNC=01
[0m[34m[NGAP]      AMF Region ID: 1
[0m[34m[NGAP]      AMF Set ID: 0
[0m[34m[NGAP]      AMF Pointer: 0
[0m[NGAP]   Supported PLMN 0: MCC=001 MNC=01
[0m[NGAP]   Supported slice (PLMN 0): SST=0x01 SD=000
[0m[93m[ITTI]   tried to remove a non existing timer
[0m[NGAP]   reconnected to AMF
[0m[32m[NGAP]   Received NGSetupResponse from AMF
[0m[UTIL]   threadCreate() for TASK_GNB_APP: creating thread with affinity ffffffff, priority 50
[0m[NR_RRC] Accepting new CU-UP ID 3584 name gNB-OAI (assoc_id -1)
[0m[UTIL]   threadCreate() for TASK_GTPV1_U: creating thread with affinity ffffffff, priority 50
[0m[GNB_APP] [gNB 0] Received NGAP_REGISTER_GNB_CNF: associated AMF 1
[0m[NR_RRC] Received F1 Setup Request from gNB_DU 3584 (gNB-OAI) on assoc_id -1
[0m[NR_RRC] Accepting DU 3584 (gNB-OAI) (RRC version 17.3.0)
[0m[NR_RRC] Added cell 12345678 to DU cells array (total cells = 1)
[0m[NR_RRC] DU 3584: Added cell 12345678
[0m[NR_RRC] DU 3584 (gNB-OAI): sending F1 Setup Response
[0m[MAC]    received F1 Setup Response from CU (null)
[0m[MAC]    CU uses RRC version 17.3.0
[0m[MAC]    Clearing the DU's UE states before, if any.
[0m[NR_RRC] cell PLMN 001.01 Cell ID 12345678 is in service
[0m[MAC]    received gNB-DU configuration update acknowledge
[0m[UTIL]   threadCreate() for time source iq samples: creating thread with affinity ffffffff, priority 2
[0m[UTIL]   time manager configuration: [time source: iq_samples] [mode: standalone] [server IP: 127.0.0.1} [server port: 7374] (server IP/port not used)
[0m[PHY]    RU clock source set as internal
[0m[PHY]    number of L1 instances 1, number of RU 1, number of CPU cores 18
[0m[PHY]    Initialized RU proc 0 (,synch_to_ext_device),
[0m[PHY]    RU thread-pool core string -1,-1 (size 2)
[0m[UTIL]   threadCreate() for Tpool0_-1: creating thread with affinity ffffffff, priority 97
[0m[UTIL]   threadCreate() for Tpool1_-1: creating thread with affinity ffffffff, priority 97
[0m[UTIL]   threadCreate() for ru_thread: creating thread with affinity ffffffff, priority 97
[0m[PHY]    Starting RU 0 (,synch_to_ext_device) on cpu 4
[0m[PHY]    Initializing frame parms for mu 1, N_RB 106, Ncp 0
[0m[PHY]    Init: N_RB_DL 106, first_carrier_offset 1412, nb_prefix_samples 144,nb_prefix_samples0 176, ofdm_symbol_size 2048
[0m[PHY]    fp->scs=30000
[0m[PHY]    fp->ofdm_symbol_size=2048
[0m[PHY]    fp->nb_prefix_samples0=176
[0m[PHY]    fp->nb_prefix_samples=144
[0m[PHY]    fp->slots_per_subframe=2
[0m[PHY]    fp->samples_per_subframe_wCP=57344
[0m[PHY]    fp->samples_per_frame_wCP=573440
[0m[PHY]    fp->samples_per_subframe=61440
[0m[PHY]    fp->samples_per_frame=614400
[0m[PHY]    fp->dl_CarrierFreq=3619200000
[0m[PHY]    fp->ul_CarrierFreq=3619200000
[0m[PHY]    fp->Nid_cell=0
[0m[PHY]    fp->first_carrier_offset=1412
[0m[PHY]    fp->ssb_start_subcarrier=0
[0m[PHY]    fp->Ncp=0
[0m[PHY]    fp->N_RB_DL=106
[0m[PHY]    fp->numerology_index=1
[0m[PHY]    fp->ofdm_offset_divisor=8
[0m[PHY]    fp->threequarter_fs=0
[0m[PHY]    fp->sl_CarrierFreq=0
[0m[PHY]    fp->N_RB_SL=0
[0m[NR_PHY] nb_tx_streams 1, nb_rx_streams 1
[0m[PHY]    Setting RF config for N_RB 106, NB_RX 1, NB_TX 1
[0m[PHY]    tune_offset 0 Hz, sample_rate 61440000 Hz
[0m[PHY]    Channel 0: setting tx_gain offset 12, tx_freq 3619200000 Hz
[0m[PHY]    Channel 0: setting rx_gain offset 102, rx_freq 3619200000 Hz
[0m[OCM]    Channel Model (inside of new_channel_desc_scm)=23

[0m[OCM]    [CHANNEL] Getting new channel descriptor, nb_tx 1, nb_rx 1, nb_taps 1, channel_length 1
[0m[OCM]    Model rfsimu_channel_enB0 type AWGN allocated from config file, list modellist_rfsimu_1
[0m[OCM]    Channel Model (inside of new_channel_desc_scm)=23

[0m[OCM]    [CHANNEL] Getting new channel descriptor, nb_tx 1, nb_rx 1, nb_taps 1, channel_length 1
[0m[OCM]    Model rfsimu_channel_enB1 type AWGN allocated from config file, list modellist_rfsimu_1
[0m[OCM]    Channel Model (inside of new_channel_desc_scm)=23

[0m[OCM]    [CHANNEL] Getting new channel descriptor, nb_tx 1, nb_rx 1, nb_taps 1, channel_length 1
[0m[OCM]    Model rfsimu_channel_ue0 type AWGN allocated from config file, list modellist_rfsimu_1
[0m[OCM]    Channel Model (inside of new_channel_desc_scm)=23

[0m[OCM]    [CHANNEL] Getting new channel descriptor, nb_tx 1, nb_rx 1, nb_taps 1, channel_length 1
[0m[OCM]    Model rfsimu_channel_du1 type AWGN allocated from config file, list modellist_rfsimu_1
[0m[OCM]    Channel Model (inside of new_channel_desc_scm)=23

[0m[OCM]    [CHANNEL] Getting new channel descriptor, nb_tx 1, nb_rx 1, nb_taps 1, channel_length 1
[0m[OCM]    Model rfsimu_channel_du2 type AWGN allocated from config file, list modellist_rfsimu_1
[0m[OCM]    Channel Model (inside of new_channel_desc_scm)=23

[0m[OCM]    [CHANNEL] Getting new channel descriptor, nb_tx 1, nb_rx 1, nb_taps 1, channel_length 1
[0m[OCM]    Model rfsimu_channel_du3 type AWGN allocated from config file, list modellist_rfsimu_1
[0m[HW]     Running as server waiting opposite rfsimulators to connect
[0m[HW]     [RAU] has loaded RFSIMULATOR device.
[0m[PHY]    RU 0 Setting N_TA_offset to 800 samples (UL Freq 3600120, N_RB 106, mu 1)
[0m[PHY]    Signaling main thread that RU 0 is ready, sl_ahead 6
[0m[PHY]    L1 configured without analog beamforming
[0m[PHY]    Attaching RU 0 antenna 0 to gNB antenna 0
[0m[UTIL]   threadCreate() for Tpool0_-1: creating thread with affinity ffffffff, priority 97
[0m[UTIL]   threadCreate() for Tpool1_-1: creating thread with affinity ffffffff, priority 97
[0m[UTIL]   threadCreate() for Tpool2_-1: creating thread with affinity ffffffff, priority 97
[0m[UTIL]   threadCreate() for Tpool3_-1: creating thread with affinity ffffffff, priority 97
[0m[UTIL]   threadCreate() for Tpool4_-1: creating thread with affinity ffffffff, priority 97
[0m[UTIL]   threadCreate() for Tpool5_-1: creating thread with affinity ffffffff, priority 97
[0m[UTIL]   threadCreate() for Tpool6_-1: creating thread with affinity ffffffff, priority 97
[0m[UTIL]   threadCreate() for Tpool7_-1: creating thread with affinity ffffffff, priority 97
[0m[UTIL]   threadCreate() for L1_rx_thread: creating thread with affinity ffffffff, priority 97
[0m[UTIL]   threadCreate() for L1_tx_thread: creating thread with affinity ffffffff, priority 97
[0m[UTIL]   threadCreate() for L1_stats: creating thread with affinity ffffffff, priority 1
[0m[PHY]    got sync (ru_thread)
[0m[PHY]    got sync (L1_stats_thread)
[0m[CONFIG] function config_libconfig_init returned 0
After RCconfig_NR_E2agent /opt/oai/sm/ 172.30.27.10 
[E2 NODE]: mcc = 1 mnc = 1 mnc_digit = 2 nb_id = 3584 
[E2 NODE]: Args 172.30.27.10 /opt/oai/sm/ 
[E2 AGENT]: nearRT-RIC IP Address = 172.30.27.10, PORT = 36421, RAN type = ngran_gNB, nb_id = 3584
[E2 AGENT]: Initializing ... 
[E2 AGENT]: Opening plugin from path = /opt/oai/sm/librlc_sm.so 
[E2 AGENT]: Opening plugin from path = /opt/oai/sm/libmac_sm.so 
[E2 AGENT]: Opening plugin from path = /opt/oai/sm/librc_sm.so 
[E2 AGENT]: Opening plugin from path = /opt/oai/sm/libpdcp_sm.so 
[E2 AGENT]: Opening plugin from path = /opt/oai/sm/libslice_sm.so 
[E2 AGENT]: Opening plugin from path = /opt/oai/sm/libkpm_sm.so 
[E2 AGENT]: Opening plugin from path = /opt/oai/sm/libtc_sm.so 
[E2 AGENT]: Opening plugin from path = /opt/oai/sm/libgtp_sm.so 
[E2-AGENT]: E2 SETUP-REQUEST tx 
[E2-AGENT]: E2 SETUP RESPONSE rx
[E2-AGENT]: Transaction ID E2 SETUP-REQUEST 0 E2 SETUP-RESPONSE 0 
AWGN: ricean_factor 0.000000
AWGN: ricean_factor 0.000000
AWGN: ricean_factor 0.000000
AWGN: ricean_factor 0.000000
AWGN: ricean_factor 0.000000
AWGN: ricean_factor 0.000000
Initializing random number generator, seed 12923448958008645347
TYPE <CTRL-C> TO TERMINATE
[PHY]    RU 0 rf device ready
[0m[PHY]    RU 0 RF started cpu_meas_enabled 0
[0m[HW]     No connected device, generating void samples...
[0m[32m[PHY]    Command line parameters for OAI UE: -C 3619200000 -r 106 --numerology 1 --ssb 516 
[0m[NR_MAC] Frame.Slot 128.0

[0m[NR_MAC] Frame.Slot 256.0

[0m[NR_MAC] Frame.Slot 384.0

[0m[NR_MAC] Frame.Slot 512.0

[0m[NR_MAC] Frame.Slot 640.0

[0m[NR_MAC] Frame.Slot 768.0

[0m[HW]     Random channel rfsimu_channel_ue0 in rfsimulator activated
[0m[HW]     Client connects from ::ffff:10.244.0.155:16068
[0m[32m[HW]     RFsim: Number of antennas changed from 0 to 1
[0m[32m[NR_PHY] [RAPROC] 857.19 Initiating RA procedure with preamble 38, energy 19.7 dB (I0 0, thres 120), delay 0 start symbol 0 freq index 0
[0m[32m[NR_PHY] [RAPROC] 857.19 Initiating RA procedure with preamble 37, energy 20.3 dB (I0 23, thres 120), delay 27 start symbol 4 freq index 0
[0m[32m[NR_PHY] [RAPROC] 857.19 Initiating RA procedure with preamble 49, energy 17.4 dB (I0 44, thres 120), delay 20 start symbol 8 freq index 0
[0m[32m[NR_MAC] 857.19 UE RA-RNTI 010b TC-RNTI 0d2f: initiating RA procedure
[0m[NR_MAC] UE 0d2f: Sync beam index 0
[0m[32m[NR_MAC] 857.19 UE RA-RNTI 010f TC-RNTI a115: initiating RA procedure
[0m[NR_MAC] UE a115: Sync beam index 0
[0m[32m[NR_MAC] 857.19 UE RA-RNTI 0113 TC-RNTI 8368: initiating RA procedure
[0m[NR_MAC] UE 8368: Sync beam index 0
[0m[NR_MAC] UE 0d2f: Msg3 scheduled at 858.19 (858.10 TDA 0) start 0 RBs 8
[0m[32m[NR_MAC] UE 0d2f: 858.10 Generating RA-Msg2 DCI, RA RNTI 0x10b, state 1, preamble_index(RAPID) 38, timing_offset = 0 (estimated distance 0.0 [m])
[0m[NR_MAC] UE a115: Msg3 scheduled at 858.19 (858.10 TDA 0) start 8 RBs 8
[0m[32m[NR_MAC] UE a115: 858.10 Generating RA-Msg2 DCI, RA RNTI 0x10f, state 1, preamble_index(RAPID) 37, timing_offset = 27 (estimated distance 1054.7 [m])
[0m[93m[NR_MAC] UE 8368: 858.10 cannot find free CCE for Msg2!
[0m[93m[NR_MAC] exceeded RA window: preamble at 857.19 now 859.0 (diff 21), ra_ResponseWindow 5/20 slots
[0m[1;31m[NR_MAC] sfn: 859.0 UE RA-RNTI 0113 TC-RNTI 8368: exceeded RA window, cannot schedule Msg2
[0m[NR_MAC] Remove NR rnti 0x8368
[0m[NR_MAC]  85912: RA RNTI 0d2f CC_id 0 Scheduling retransmission of Msg3 in (859,18)
[0m[NR_MAC]  85912: RA RNTI a115 CC_id 0 Scheduling retransmission of Msg3 in (859,18)
[0m[32m[NR_PHY] [RAPROC] 859.19 Initiating RA procedure with preamble 16, energy 19.7 dB (I0 59, thres 120), delay 1 start symbol 0 freq index 0
[0m[32m[NR_MAC] 859.19 UE RA-RNTI 010b TC-RNTI 2a74: initiating RA procedure
[0m[NR_MAC] UE 2a74: Sync beam index 0
[0m[NR_MAC] UE 2a74: Msg3 scheduled at 860.19 (860.10 TDA 0) start 0 RBs 8
[0m[32m[NR_MAC] UE 2a74: 860.10 Generating RA-Msg2 DCI, RA RNTI 0x10b, state 1, preamble_index(RAPID) 16, timing_offset = 1 (estimated distance 39.1 [m])
[0m[NR_MAC]  86012: RA RNTI 0d2f CC_id 0 Scheduling retransmission of Msg3 in (860,18)
[0m[NR_MAC]  86012: RA RNTI a115 CC_id 0 Scheduling retransmission of Msg3 in (860,18)
[0m[NR_MAC]  86112: RA RNTI 0d2f CC_id 0 Scheduling retransmission of Msg3 in (861,18)
[0m[NR_MAC]  86112: RA RNTI a115 CC_id 0 Scheduling retransmission of Msg3 in (861,18)
[0m[NR_MAC]  86112: RA RNTI 2a74 CC_id 0 Scheduling retransmission of Msg3 in (861,18)
[0m[1;31m[NR_MAC] UE 2a74 cannot find free CCE!
[0m[NR_MAC]  86113: RA RNTI 2a74 CC_id 0 Scheduling retransmission of Msg3 in (861,19)
[0m[93m[NR_MAC] UE 0d2f RA failed at state WAIT_Msg3 (Reached msg3 max harq rounds)
[0m[NR_MAC] Remove NR rnti 0x0d2f
[0m[93m[NR_MAC] UE a115 RA failed at state WAIT_Msg3 (Reached msg3 max harq rounds)
[0m[NR_MAC] Remove NR rnti 0xa115
[0m[NR_MAC]  86212: RA RNTI 2a74 CC_id 0 Scheduling retransmission of Msg3 in (862,18)
[0m[NR_MAC]  86312: RA RNTI 2a74 CC_id 0 Scheduling retransmission of Msg3 in (863,18)
[0m[93m[NR_MAC] UE 2a74 RA failed at state WAIT_Msg3 (Reached msg3 max harq rounds)
[0m[NR_MAC] Remove NR rnti 0x2a74
[0m[NR_MAC] Frame.Slot 896.0

[0m[32m[NR_PHY] [RAPROC] 981.19 Initiating RA procedure with preamble 17, energy 43.0 dB (I0 188, thres 120), delay 0 start symbol 4 freq index 0
[0m[32m[NR_MAC] 981.19 UE RA-RNTI 010f TC-RNTI 2362: initiating RA procedure
[0m[NR_MAC] UE 2362: Sync beam index 0
[0m[NR_MAC] UE 2362: Msg3 scheduled at 982.19 (982.10 TDA 0) start 0 RBs 8
[0m[32m[NR_MAC] UE 2362: 982.10 Generating RA-Msg2 DCI, RA RNTI 0x10f, state 1, preamble_index(RAPID) 17, timing_offset = 0 (estimated distance 0.0 [m])
[0m[32m[NR_MAC]  982.19 PUSCH with TC_RNTI 0x2362 received correctly
[0m[MAC]    [RAPROC] Received SDU for CCCH length 6 for UE 2362
[0m[RLC]    Activated srb0 for UE 9058
[0m[NR_RRC] SRS configured with 1 ports
[0m[RLC]    Added srb 1 to UE 9058
[0m[NR_MAC] Activating scheduling Msg4 for TC_RNTI 0x2362 (state WAIT_Msg3)
[0m[NR_RRC] Decoding CCCH: RNTI 2362, payload_size 6
[0m[32m[NR_RRC] [--] (cellID 0, UE ID 1 RNTI 2362) Create UE context: CU UE ID 1 DU UE ID 9058 (rnti: 2362, random ue id 3e07e8ab86000000)
[0m[NR_RRC] Adding new PCell (cell 12345678, assoc_id -1)
[0m[RRC]    activate SRB 1 of UE 1
[0m[32m[NR_RRC] [DL] (cellID bc614e, UE ID 1 RNTI 2362) Send RRC Setup
[0m[NR_MAC] UE 2362 Generate Msg4: feedback at  983.17, payload 157 bytes, next state nrRA_WAIT_Msg4_MsgB_ACK
[0m[32m[NR_MAC]  983.17 UE 2362: Received Ack of Msg4. CBRA procedure succeeded (UE Connected)
[0m[NR_MAC] Adding new UE context with RNTI 0x2362
[0m[32m[NR_RRC] [UL] (cellID bc614e, UE ID 1 RNTI 2362) Received RRCSetupComplete (RRC_CONNECTED reached)
[0m[NGAP]   Selected PLMN in the NG Initial UE Message: MCC=001 MNC=01
[0m[NGAP]   UE 1: Selected AMF 'amf' (assoc_id 35) through selected PLMN MCC=001 MNC=01
[0m[NGAP]   Create UE context (ID 1) for AMF 'amf' (assoc_id 35)
[0m[32m[NR_RRC] [DL] (cellID bc614e, UE ID 1 RNTI 2362) Send DL Information Transfer [42 bytes]
[0m[32m[NR_RRC] [UL] (cellID bc614e, UE ID 1 RNTI 2362) Received RRC UL Information Transfer [24 bytes]
[0m[32m[NR_RRC] [DL] (cellID bc614e, UE ID 1 RNTI 2362) Send DL Information Transfer [21 bytes]
[0m[32m[NR_RRC] [UL] (cellID bc614e, UE ID 1 RNTI 2362) Received RRC UL Information Transfer [60 bytes]
[0m[34m[NGAP]   NGAP_FIND_PROTOCOLIE_BY_ID ie is NULL (searching for ie: 110)
[0m[34m[NGAP]   NGAP_FIND_PROTOCOLIE_BY_ID ie is NULL (searching for ie: 71)
[0m[34m[NGAP]   AllowedNSSAI.list.count 1
[0m[NGAP]   Initial Context Setup UE RAN ID 1 UE AMF ID 1: 0 PDU session(s)
[0m[32m[NR_RRC] [--] (cellID bc614e, UE ID 1 RNTI 2362) Selected security algorithms: ciphering 0, integrity 2
[0m[NR_RRC] [UE 2362] Saved security key A6
[0m[NR_RRC] UE 1 Logical Channel DL-DCCH, Generate SecurityModeCommand (bytes 3)
[0m[32m[NR_RRC] [UL] (cellID bc614e, UE ID 1 RNTI 2362) Received Security Mode Complete
[0m[NR_RRC] UE 1: Logical Channel DL-DCCH, Generate NR UECapabilityEnquiry (bytes 8, xid 1)
[0m[32m[NR_RRC] [UL] (cellID bc614e, UE ID 1 RNTI 2362) Received UE capabilities
[0m[NR_RRC] Send message to ngap: NGAP_UE_CAPABILITIES_IND
[0m[32m[NR_RRC] [DL] (cellID bc614e, UE ID 1 RNTI 2362) Send DL Information Transfer [53 bytes]
[0m[NR_RRC] Send message to sctp: NGAP_InitialContextSetupResponse
[0m[32m[NR_RRC] [UL] (cellID bc614e, UE ID 1 RNTI 2362) Received RRC UL Information Transfer [13 bytes]
[0m[32m[NR_RRC] [UL] (cellID bc614e, UE ID 1 RNTI 2362) Received RRC UL Information Transfer [40 bytes]
[0m[NGAP]   PDUSESSIONSetup initiating message
[0m[NR_RRC] UE 1: received PDU Session Resource Setup Request
[0m[NR_RRC] UE 1: added QoS flow with QFI=1, total number of QoS flows = 1
[0m[NR_RRC] Added PDU Session 1, (total nb of sessions = 1)
[0m[NR_RRC] UE 1: created new DRB 1 for QFI 1 (5QI 9)
[0m[NR_RRC] UE 1: assigned DRB 1 to QFI 1 (5QI 9) in PDU session 1
[0m[NR_RRC] PDU Session to Setup: PDU Session ID=1, incoming TEID=0x00000001, Addr=172.30.23.10
[0m[32m[NR_RRC] [--] (cellID bc614e, UE ID 1 RNTI 2362) selecting CU-UP ID 3584 based on exact NSSAI match (1:0xffffff)
[0m[RRC]    UE 1 associating to CU-UP assoc_id -1 out of 1 CU-UPs
[0m[E1AP]   UE 1: set up PDU session ID 1 (1 bearers)
[0m[SDAP]   Default DRB for the created SDAP entity: DRB 1 
[0m[PDCP]   Added DRB 1 to UE ID 1
[0m[GTPU]   N3 GTP-U tunnel: PDUSession=1/UL TEID=0x00000001
[0m[GTPU]   [81] UE ID 1: Create tunnel TEID incoming 0xac41fe09 outgoing 0x1 to remote IPv4 172.30.23.10, IPv6 ::, port 2152
[0m[RRC]    activate SRB 2 of UE 1
[0m[RLC]    Added srb 2 to UE 9058
[0m[RLC]    Added drb 1 to UE 9058
[0m[RLC]    Added DRB to UE 9058
[0m[NR_RRC] SRS configured with 1 ports
[0m[RRC]    UE 1 trigger UE context setup request with 1 DRBs
[0m[E1AP]   UE 1: updating PDU session ID 1 (0 setup, 1 modify bearers)
[0m[PDCP]   DRB 1 re-established
[0m[NR_RRC] PDU Session New: status to ESTABLISH for PDU Session 1 
[0m[32m[NR_RRC] [DL] (cellID bc614e, UE ID 1 RNTI 2362) Generate RRCReconfiguration (bytes 319, xid 3)
[0m[NR_RRC] Received E1AP Bearer Context Modification Response for UE CU-CP ID 1
[0m[RRC]    UE 1: PDU session ID 1 modified 1 bearers, setup 0 bearers
[0m[93m[NR_MAC] Received ACK for RRCReconfiguration, but nothing to apply!
[0m[NR_MAC] Frame.Slot 0.0
UE RNTI 2362 CU-UE-ID 1 in-sync PH 61 dB PCMAX 20 dBm, average RSRP -43 (4 meas)
UE 2362: UL-RI 1, TPMI 0
UE 2362: dlsch_rounds 18/0/0/0, dlsch_errors 0, pucch0_DTX 0 (SNR 21.7+1.7 dB), BLER 0.07290 MCS (0) 0 CCE fail 0, goodput 0.02 Mbps
UE 2362: ulsch_rounds 45/0/0/0, ulsch_errors 0, ulsch_DTX 0, BLER 0.07290 MCS (0) 0 (Qm 2 deltaMCS 0 dB) NPRB 5 SNR 16.7 (+1.7) dB CCE fail 0, goodput 0.01 Mbps
UE 2362: LCID 1: TX           1518 RX            269 bytes
UE 2362: LCID 2: TX              0 RX              0 bytes
UE 2362: LCID 4: TX              0 RX              0 bytes

[0m[1;31m[RLC]    max RETX reached on SRB 1
[0m[93m[RLC]    UE 2362: RLF detected, but no callable RLF handler registered
[0m[32m[NR_RRC] [UL] (cellID bc614e, UE ID 1 RNTI 2362) Received RRCReconfigurationComplete
[0m[NR_RRC] PDU Session Setup: ID=1, outgoing TEID=0xac41fe09, Addr=172.30.23.20
[0m[NR_RRC] NGAP_PDUSESSION_SETUP_RESP: sending the message
[0m[34m[NGAP]   Encoded PDU Session Transfer (1): TEID=0xac41fe09, Addr=172.30.23.20
[0m[NR_MAC] DU received confirmation of successful RRC Reconfiguration
[0m[NR_MAC] Frame.Slot 128.0
UE RNTI 2362 CU-UE-ID 1 in-sync PH 48 dB PCMAX 20 dBm, average RSRP -43 (16 meas)
UE 2362: UL-RI 1, TPMI 0
UE 2362: dlsch_rounds 33/0/0/0, dlsch_errors 0, pucch0_DTX 0 (SNR 21.1+1.1 dB), BLER 0.04305 MCS (0) 0 CCE fail 6, goodput 0.01 Mbps
UE 2362: ulsch_rounds 91/0/0/0, ulsch_errors 0, ulsch_DTX 0, BLER 0.01853 MCS (0) 0 (Qm 2 deltaMCS 0 dB) NPRB 5 SNR 16.7 (+1.7) dB CCE fail 0, goodput 0.00 Mbps
UE 2362: LCID 1: TX           3507 RX            286 bytes
UE 2362: LCID 2: TX              0 RX              0 bytes
UE 2362: LCID 4: TX              3 RX             60 bytes

[0m[NR_MAC] Frame.Slot 256.0
UE RNTI 2362 CU-UE-ID 1 in-sync PH 48 dB PCMAX 20 dBm, average RSRP -43 (16 meas)
UE 2362: UL-RI 1, TPMI 0
UE 2362: dlsch_rounds 35/0/0/0, dlsch_errors 0, pucch0_DTX 0 (SNR 21.1+1.1 dB), BLER 0.03487 MCS (0) 0 CCE fail 6, goodput 0.00 Mbps
UE 2362: ulsch_rounds 109/0/0/0, ulsch_errors 0, ulsch_DTX 0, BLER 0.00523 MCS (0) 0 (Qm 2 deltaMCS 0 dB) NPRB 5 SNR 17.1 (+2.1) dB CCE fail 0, goodput 0.00 Mbps
UE 2362: LCID 1: TX           3507 RX            286 bytes
UE 2362: LCID 2: TX              0 RX              0 bytes
UE 2362: LCID 4: TX              6 RX            115 bytes

[0m[NR_MAC] Frame.Slot 384.0
UE RNTI 2362 CU-UE-ID 1 in-sync PH 48 dB PCMAX 20 dBm, average RSRP -43 (16 meas)
UE 2362: UL-RI 1, TPMI 0
UE 2362: dlsch_rounds 37/0/0/0, dlsch_errors 0, pucch0_DTX 0 (SNR 21.3+1.3 dB), BLER 0.02824 MCS (0) 0 CCE fail 6, goodput 0.00 Mbps
UE 2362: ulsch_rounds 122/0/0/0, ulsch_errors 0, ulsch_DTX 0, BLER 0.00133 MCS (0) 0 (Qm 2 deltaMCS 0 dB) NPRB 5 SNR 16.2 (+1.2) dB CCE fail 0, goodput 0.00 Mbps
UE 2362: LCID 1: TX           3507 RX            286 bytes
UE 2362: LCID 2: TX              0 RX              0 bytes
UE 2362: LCID 4: TX              6 RX            115 bytes

[0m[NR_MAC] Frame.Slot 512.0
UE RNTI 2362 CU-UE-ID 1 in-sync PH 48 dB PCMAX 20 dBm, average RSRP -43 (16 meas)
UE 2362: UL-RI 1, TPMI 0
UE 2362: dlsch_rounds 38/0/0/0, dlsch_errors 0, pucch0_DTX 0 (SNR 21.3+1.3 dB), BLER 0.02542 MCS (0) 0 CCE fail 6, goodput 0.00 Mbps
UE 2362: ulsch_rounds 135/0/0/0, ulsch_errors 0, ulsch_DTX 0, BLER 0.00034 MCS (0) 0 (Qm 2 deltaMCS 0 dB) NPRB 5 SNR 16.4 (+1.4) dB CCE fail 0, goodput 0.00 Mbps
UE 2362: LCID 1: TX           3507 RX            286 bytes
UE 2362: LCID 2: TX              0 RX              0 bytes
UE 2362: LCID 4: TX              6 RX            115 bytes

[0m[NR_MAC] Frame.Slot 640.0
UE RNTI 2362 CU-UE-ID 1 in-sync PH 48 dB PCMAX 20 dBm, average RSRP -43 (16 meas)
UE 2362: UL-RI 1, TPMI 0
UE 2362: dlsch_rounds 40/0/0/0, dlsch_errors 0, pucch0_DTX 0 (SNR 21.4+1.4 dB), BLER 0.02059 MCS (0) 0 CCE fail 6, goodput 0.00 Mbps
UE 2362: ulsch_rounds 153/0/0/0, ulsch_errors 0, ulsch_DTX 0, BLER 0.00010 MCS (0) 0 (Qm 2 deltaMCS 0 dB) NPRB 5 SNR 16.8 (+1.8) dB CCE fail 0, goodput 0.00 Mbps
UE 2362: LCID 1: TX           3507 RX            286 bytes
UE 2362: LCID 2: TX              0 RX              0 bytes
UE 2362: LCID 4: TX              9 RX            170 bytes

[0m[NR_MAC] Frame.Slot 768.0
UE RNTI 2362 CU-UE-ID 1 in-sync PH 48 dB PCMAX 20 dBm, average RSRP -43 (16 meas)
UE 2362: UL-RI 1, TPMI 0
UE 2362: dlsch_rounds 42/0/0/0, dlsch_errors 0, pucch0_DTX 0 (SNR 21.6+1.6 dB), BLER 0.01668 MCS (0) 0 CCE fail 6, goodput 0.00 Mbps
UE 2362: ulsch_rounds 166/0/0/0, ulsch_errors 0, ulsch_DTX 0, BLER 0.00002 MCS (0) 0 (Qm 2 deltaMCS 0 dB) NPRB 5 SNR 17.0 (+2.0) dB CCE fail 0, goodput 0.00 Mbps
UE 2362: LCID 1: TX           3507 RX            286 bytes
UE 2362: LCID 2: TX              0 RX              0 bytes
UE 2362: LCID 4: TX              9 RX            170 bytes

[0m[NR_MAC] Frame.Slot 896.0
UE RNTI 2362 CU-UE-ID 1 in-sync PH 48 dB PCMAX 20 dBm, average RSRP -43 (16 meas)
UE 2362: UL-RI 1, TPMI 0
UE 2362: dlsch_rounds 43/0/0/0, dlsch_errors 0, pucch0_DTX 0 (SNR 21.6+1.6 dB), BLER 0.01501 MCS (0) 0 CCE fail 6, goodput 0.00 Mbps
UE 2362: ulsch_rounds 179/0/0/0, ulsch_errors 0, ulsch_DTX 0, BLER 0.00001 MCS (0) 0 (Qm 2 deltaMCS 0 dB) NPRB 5 SNR 16.1 (+1.1) dB CCE fail 0, goodput 0.00 Mbps
UE 2362: LCID 1: TX           3507 RX            286 bytes
UE 2362: LCID 2: TX              0 RX              0 bytes
UE 2362: LCID 4: TX              9 RX            170 bytes

[0m[NR_MAC] Frame.Slot 0.0
UE RNTI 2362 CU-UE-ID 1 in-sync PH 48 dB PCMAX 20 dBm, average RSRP -43 (16 meas)
UE 2362: UL-RI 1, TPMI 0
UE 2362: dlsch_rounds 44/0/0/0, dlsch_errors 0, pucch0_DTX 0 (SNR 21.7+1.7 dB), BLER 0.01351 MCS (0) 0 CCE fail 6, goodput 0.00 Mbps
UE 2362: ulsch_rounds 191/0/0/0, ulsch_errors 0, ulsch_DTX 0, BLER 0.00000 MCS (0) 0 (Qm 2 deltaMCS 0 dB) NPRB 5 SNR 16.2 (+1.2) dB CCE fail 0, goodput 0.00 Mbps
UE 2362: LCID 1: TX           3507 RX            286 bytes
UE 2362: LCID 2: TX              0 RX              0 bytes
UE 2362: LCID 4: TX              9 RX            170 bytes

[0m[NR_MAC] Frame.Slot 128.0
UE RNTI 2362 CU-UE-ID 1 in-sync PH 48 dB PCMAX 20 dBm, average RSRP -43 (16 meas)
UE 2362: UL-RI 1, TPMI 0
UE 2362: dlsch_rounds 46/0/0/0, dlsch_errors 0, pucch0_DTX 0 (SNR 21.7+1.7 dB), BLER 0.01094 MCS (0) 0 CCE fail 6, goodput 0.00 Mbps
UE 2362: ulsch_rounds 210/0/0/0, ulsch_errors 0, ulsch_DTX 0, BLER 0.00000 MCS (0) 0 (Qm 2 deltaMCS 0 dB) NPRB 5 SNR 16.8 (+1.8) dB CCE fail 0, goodput 0.00 Mbps
UE 2362: LCID 1: TX           3507 RX            286 bytes
UE 2362: LCID 2: TX              0 RX              0 bytes
UE 2362: LCID 4: TX             12 RX            225 bytes

[0m[NR_MAC] Frame.Slot 256.0
UE RNTI 2362 CU-UE-ID 1 in-sync PH 48 dB PCMAX 20 dBm, average RSRP -43 (16 meas)
UE 2362: UL-RI 1, TPMI 0
UE 2362: dlsch_rounds 48/0/0/0, dlsch_errors 0, pucch0_DTX 0 (SNR 21.8+1.8 dB), BLER 0.00886 MCS (0) 0 CCE fail 6, goodput 0.00 Mbps
UE 2362: ulsch_rounds 223/0/0/0, ulsch_errors 0, ulsch_DTX 0, BLER 0.00000 MCS (0) 0 (Qm 2 deltaMCS 0 dB) NPRB 5 SNR 16.9 (+1.9) dB CCE fail 0, goodput 0.00 Mbps
UE 2362: LCID 1: TX           3507 RX            286 bytes
UE 2362: LCID 2: TX              0 RX              0 bytes
UE 2362: LCID 4: TX             12 RX            225 bytes

[0m[NR_MAC] Frame.Slot 384.0
UE RNTI 2362 CU-UE-ID 1 in-sync PH 48 dB PCMAX 20 dBm, average RSRP -43 (16 meas)
UE 2362: UL-RI 1, TPMI 0
UE 2362: dlsch_rounds 49/0/0/0, dlsch_errors 0, pucch0_DTX 0 (SNR 21.8+1.8 dB), BLER 0.00798 MCS (0) 0 CCE fail 6, goodput 0.00 Mbps
UE 2362: ulsch_rounds 235/0/0/0, ulsch_errors 0, ulsch_DTX 0, BLER 0.00000 MCS (0) 0 (Qm 2 deltaMCS 0 dB) NPRB 5 SNR 16.9 (+1.9) dB CCE fail 0, goodput 0.00 Mbps
UE 2362: LCID 1: TX           3507 RX            286 bytes
UE 2362: LCID 2: TX              0 RX              0 bytes
UE 2362: LCID 4: TX             12 RX            225 bytes

[0m[NR_MAC] Frame.Slot 512.0
UE RNTI 2362 CU-UE-ID 1 in-sync PH 48 dB PCMAX 20 dBm, average RSRP -43 (16 meas)
UE 2362: UL-RI 1, TPMI 0
UE 2362: dlsch_rounds 50/0/0/0, dlsch_errors 0, pucch0_DTX 0 (SNR 21.8+1.8 dB), BLER 0.00718 MCS (0) 0 CCE fail 6, goodput 0.00 Mbps
UE 2362: ulsch_rounds 248/0/0/0, ulsch_errors 0, ulsch_DTX 0, BLER 0.00000 MCS (0) 0 (Qm 2 deltaMCS 0 dB) NPRB 5 SNR 17.1 (+2.1) dB CCE fail 0, goodput 0.00 Mbps
UE 2362: LCID 1: TX           3507 RX            286 bytes
UE 2362: LCID 2: TX              0 RX              0 bytes
UE 2362: LCID 4: TX             12 RX            225 bytes

[0m[NR_MAC] Frame.Slot 640.0
UE RNTI 2362 CU-UE-ID 1 in-sync PH 48 dB PCMAX 20 dBm, average RSRP -43 (16 meas)
UE 2362: UL-RI 1, TPMI 0
UE 2362: dlsch_rounds 52/0/0/0, dlsch_errors 0, pucch0_DTX 0 (SNR 21.9+1.9 dB), BLER 0.00581 MCS (0) 0 CCE fail 6, goodput 0.00 Mbps
UE 2362: ulsch_rounds 261/0/0/0, ulsch_errors 0, ulsch_DTX 0, BLER 0.00000 MCS (0) 0 (Qm 2 deltaMCS 0 dB) NPRB 5 SNR 16.2 (+1.2) dB CCE fail 0, goodput 0.00 Mbps
UE 2362: LCID 1: TX           3507 RX            286 bytes
UE 2362: LCID 2: TX              0 RX              0 bytes
UE 2362: LCID 4: TX             12 RX            225 bytes

[0m[NR_MAC] Frame.Slot 768.0
UE RNTI 2362 CU-UE-ID 1 in-sync PH 48 dB PCMAX 20 dBm, average RSRP -43 (16 meas)
UE 2362: UL-RI 1, TPMI 0
UE 2362: dlsch_rounds 53/0/0/0, dlsch_errors 0, pucch0_DTX 0 (SNR 21.9+1.9 dB), BLER 0.00523 MCS (0) 0 CCE fail 6, goodput 0.00 Mbps
UE 2362: ulsch_rounds 274/0/0/0, ulsch_errors 0, ulsch_DTX 0, BLER 0.00000 MCS (0) 0 (Qm 2 deltaMCS 0 dB) NPRB 5 SNR 16.4 (+1.4) dB CCE fail 0, goodput 0.00 Mbps
UE 2362: LCID 1: TX           3507 RX            286 bytes
UE 2362: LCID 2: TX              0 RX              0 bytes
UE 2362: LCID 4: TX             12 RX            225 bytes

[0m[NR_MAC] Frame.Slot 896.0
UE RNTI 2362 CU-UE-ID 1 in-sync PH 48 dB PCMAX 20 dBm, average RSRP -43 (16 meas)
UE 2362: UL-RI 1, TPMI 0
UE 2362: dlsch_rounds 54/0/0/0, dlsch_errors 0, pucch0_DTX 0 (SNR 22.0+2.0 dB), BLER 0.00471 MCS (0) 0 CCE fail 6, goodput 0.00 Mbps
UE 2362: ulsch_rounds 287/0/0/0, ulsch_errors 0, ulsch_DTX 0, BLER 0.00000 MCS (0) 0 (Qm 2 deltaMCS 0 dB) NPRB 5 SNR 16.5 (+1.5) dB CCE fail 0, goodput 0.00 Mbps
UE 2362: LCID 1: TX           3507 RX            286 bytes
UE 2362: LCID 2: TX              0 RX              0 bytes
UE 2362: LCID 4: TX             12 RX            225 bytes

[0m[NR_MAC] Frame.Slot 0.0
UE RNTI 2362 CU-UE-ID 1 in-sync PH 48 dB PCMAX 20 dBm, average RSRP -43 (16 meas)
UE 2362: UL-RI 1, TPMI 0
UE 2362: dlsch_rounds 55/0/0/0, dlsch_errors 0, pucch0_DTX 0 (SNR 22.0+2.0 dB), BLER 0.00424 MCS (0) 0 CCE fail 6, goodput 0.00 Mbps
UE 2362: ulsch_rounds 299/0/0/0, ulsch_errors 0, ulsch_DTX 0, BLER 0.00000 MCS (0) 0 (Qm 2 deltaMCS 0 dB) NPRB 5 SNR 16.5 (+1.5) dB CCE fail 0, goodput 0.00 Mbps
UE 2362: LCID 1: TX           3507 RX            286 bytes
UE 2362: LCID 2: TX              0 RX              0 bytes
UE 2362: LCID 4: TX             12 RX            225 bytes

[0m[NR_MAC] Frame.Slot 128.0
UE RNTI 2362 CU-UE-ID 1 in-sync PH 48 dB PCMAX 20 dBm, average RSRP -43 (16 meas)
UE 2362: UL-RI 1, TPMI 0
UE 2362: dlsch_rounds 57/0/0/0, dlsch_errors 0, pucch0_DTX 0 (SNR 22.0+2.0 dB), BLER 0.00343 MCS (0) 0 CCE fail 6, goodput 0.00 Mbps
UE 2362: ulsch_rounds 312/0/0/0, ulsch_errors 0, ulsch_DTX 0, BLER 0.00000 MCS (0) 0 (Qm 2 deltaMCS 0 dB) NPRB 5 SNR 16.7 (+1.7) dB CCE fail 0, goodput 0.00 Mbps
UE 2362: LCID 1: TX           3507 RX            286 bytes
UE 2362: LCID 2: TX              0 RX              0 bytes
UE 2362: LCID 4: TX             12 RX            225 bytes

[0m[NR_MAC] Frame.Slot 256.0
UE RNTI 2362 CU-UE-ID 1 in-sync PH 48 dB PCMAX 20 dBm, average RSRP -43 (16 meas)
UE 2362: UL-RI 1, TPMI 0
UE 2362: dlsch_rounds 58/0/0/0, dlsch_errors 0, pucch0_DTX 0 (SNR 22.0+2.0 dB), BLER 0.00309 MCS (0) 0 CCE fail 6, goodput 0.00 Mbps
UE 2362: ulsch_rounds 325/0/0/0, ulsch_errors 0, ulsch_DTX 0, BLER 0.00000 MCS (0) 0 (Qm 2 deltaMCS 0 dB) NPRB 5 SNR 16.8 (+1.8) dB CCE fail 0, goodput 0.00 Mbps
UE 2362: LCID 1: TX           3507 RX            286 bytes
UE 2362: LCID 2: TX              0 RX              0 bytes
UE 2362: LCID 4: TX             12 RX            225 bytes

[0m[NR_MAC] Frame.Slot 384.0
UE RNTI 2362 CU-UE-ID 1 in-sync PH 48 dB PCMAX 20 dBm, average RSRP -43 (16 meas)
UE 2362: UL-RI 1, TPMI 0
UE 2362: dlsch_rounds 60/0/0/0, dlsch_errors 0, pucch0_DTX 0 (SNR 21.1+1.1 dB), BLER 0.00250 MCS (0) 0 CCE fail 6, goodput 0.00 Mbps
UE 2362: ulsch_rounds 343/0/0/0, ulsch_errors 0, ulsch_DTX 0, BLER 0.00000 MCS (0) 0 (Qm 2 deltaMCS 0 dB) NPRB 5 SNR 16.3 (+1.3) dB CCE fail 0, goodput 0.00 Mbps
UE 2362: LCID 1: TX           3507 RX            286 bytes
UE 2362: LCID 2: TX              0 RX              0 bytes
UE 2362: LCID 4: TX             15 RX            280 bytes

[0m[NR_MAC] Frame.Slot 512.0
UE RNTI 2362 CU-UE-ID 1 in-sync PH 48 dB PCMAX 20 dBm, average RSRP -43 (16 meas)
UE 2362: UL-RI 1, TPMI 0
UE 2362: dlsch_rounds 62/0/0/0, dlsch_errors 0, pucch0_DTX 0 (SNR 21.2+1.2 dB), BLER 0.00203 MCS (0) 0 CCE fail 6, goodput 0.00 Mbps
UE 2362: ulsch_rounds 356/0/0/0, ulsch_errors 0, ulsch_DTX 0, BLER 0.00000 MCS (0) 0 (Qm 2 deltaMCS 0 dB) NPRB 5 SNR 16.4 (+1.4) dB CCE fail 0, goodput 0.00 Mbps
UE 2362: LCID 1: TX           3507 RX            286 bytes
UE 2362: LCID 2: TX              0 RX              0 bytes
UE 2362: LCID 4: TX             15 RX            280 bytes

[0m[E2 AGENT]: RIC_SUBSCRIPTION_REQUEST rx RAN_FUNC_ID 2 RIC_REQ_ID 1021
[E2-AGENT]: RIC_SUBSCRIPTION_REQUEST rx
[E2 AGENT]: RIC_SUBSCRIPTION_REQUEST rx RAN_FUNC_ID 2 RIC_REQ_ID 1022
[E2-AGENT]: RIC_SUBSCRIPTION_REQUEST rx
[E2 AGENT][E2SM-KPM] Condition NSSAI (1, ffffff).
[E2 AGENT][E2SM-KPM] No UE matches the condition criteria.
[E2 AGENT][E2SM-KPM] Condition NSSAI (1, ffffff).
[E2 AGENT][E2SM-KPM] No UE matches the condition criteria.
[E2 AGENT][E2SM-KPM] Condition NSSAI (1, ffffff).
[E2 AGENT][E2SM-KPM] No UE matches the condition criteria.
[E2 AGENT][E2SM-KPM] Condition NSSAI (1, ffffff).
[E2 AGENT][E2SM-KPM] Condition NSSAI (1, ffffff).
[E2 AGENT][E2SM-KPM] Condition NSSAI (1, ffffff).
[E2 AGENT][E2SM-KPM] Condition NSSAI (1, ffffff).
[E2 AGENT][E2SM-KPM] Condition NSSAI (1, ffffff).
[E2 AGENT][E2SM-KPM] Condition NSSAI (1, ffffff).
[E2 AGENT][E2SM-KPM] Condition NSSAI (1, ffffff).
[E2 AGENT][E2SM-KPM] Condition NSSAI (1, ffffff).
[E2 AGENT][E2SM-KPM] Condition NSSAI (1, ffffff).
[E2 AGENT][E2SM-KPM] Condition NSSAI (1, ffffff).
[E2 AGENT][E2SM-KPM] Condition NSSAI (1, ffffff).
[E2 AGENT][E2SM-KPM] Condition NSSAI (1, ffffff).
[E2 AGENT][E2SM-KPM] Condition NSSAI (1, ffffff).
[E2 AGENT][E2SM-KPM] Condition NSSAI (1, ffffff).
[E2 AGENT][E2SM-KPM] Condition NSSAI (1, ffffff).
[E2 AGENT][E2SM-KPM] Condition NSSAI (1, ffffff).
[E2 AGENT][E2SM-KPM] Condition NSSAI (1, ffffff).
[E2 AGENT][E2SM-KPM] Condition NSSAI (1, ffffff).
[E2 AGENT][E2SM-KPM] Condition NSSAI (1, ffffff).
[E2 AGENT][E2SM-KPM] Condition NSSAI (1, ffffff).
[E2 AGENT][E2SM-KPM] Condition NSSAI (1, ffffff).
[E2 AGENT][E2SM-KPM] Condition NSSAI (1, ffffff).
[E2 AGENT][E2SM-KPM] Condition NSSAI (1, ffffff).
[E2 AGENT][E2SM-KPM] Condition NSSAI (1, ffffff).
[E2 AGENT][E2SM-KPM] Condition NSSAI (1, ffffff).
[E2 AGENT][E2SM-KPM] Condition NSSAI (1, ffffff).
[E2 AGENT][E2SM-KPM] Condition NSSAI (1, ffffff).
[E2 AGENT][E2SM-KPM] Condition NSSAI (1, ffffff).
[E2 AGENT][E2SM-KPM] Condition NSSAI (1, ffffff).
[E2 AGENT][E2SM-KPM] Condition NSSAI (1, ffffff).
[E2 AGENT][E2SM-KPM] Condition NSSAI (1, ffffff).
[E2 AGENT][E2SM-KPM] Condition NSSAI (1, ffffff).
[E2 AGENT][E2SM-KPM] Condition NSSAI (1, ffffff).
[E2 AGENT][E2SM-KPM] Condition NSSAI (1, ffffff).
[E2 AGENT][E2SM-KPM] Condition NSSAI (1, ffffff).
[E2 AGENT][E2SM-KPM] Condition NSSAI (1, ffffff).
[E2 AGENT][E2SM-KPM] Condition NSSAI (1, ffffff).
[E2 AGENT][E2SM-KPM] Condition NSSAI (1, ffffff).
[E2 AGENT][E2SM-KPM] Condition NSSAI (1, ffffff).
[E2 AGENT][E2SM-KPM] Condition NSSAI (1, ffffff).
[E2 AGENT][E2SM-KPM] Condition NSSAI (1, ffffff).
[E2 AGENT][E2SM-KPM] Condition NSSAI (1, ffffff).
[E2 AGENT][E2SM-KPM] Condition NSSAI (1, ffffff).
[E2 AGENT][E2SM-KPM] Condition NSSAI (1, ffffff).
[E2 AGENT][E2SM-KPM] Condition NSSAI (1, ffffff).
[E2 AGENT][E2SM-KPM] Condition NSSAI (1, ffffff).
[E2 AGENT][E2SM-KPM] Condition NSSAI (1, ffffff).
[E2 AGENT][E2SM-KPM] Condition NSSAI (1, ffffff).
[E2 AGENT][E2SM-KPM] Condition NSSAI (1, ffffff).
[E2 AGENT][E2SM-KPM] Condition NSSAI (1, ffffff).
[E2 AGENT][E2SM-KPM] Condition NSSAI (1, ffffff).
[E2 AGENT][E2SM-KPM] Condition NSSAI (1, ffffff).
[E2 AGENT][E2SM-KPM] Condition NSSAI (1, ffffff).
[E2 AGENT][E2SM-KPM] Condition NSSAI (1, ffffff).
[E2 AGENT][E2SM-KPM] Condition NSSAI (1, ffffff).
[E2 AGENT][E2SM-KPM] Condition NSSAI (1, ffffff).
[E2 AGENT][E2SM-KPM] Condition NSSAI (1, ffffff).
[E2 AGENT][E2SM-KPM] Condition NSSAI (1, ffffff).
[E2 AGENT][E2SM-KPM] Condition NSSAI (1, ffffff).
[E2 AGENT][E2SM-KPM] Condition NSSAI (1, ffffff).
[E2 AGENT][E2SM-KPM] Condition NSSAI (1, ffffff).
[E2 AGENT][E2SM-KPM] Condition NSSAI (1, ffffff).
[E2 AGENT][E2SM-KPM] Condition NSSAI (1, ffffff).
[E2 AGENT][E2SM-KPM] Condition NSSAI (1, ffffff).
[E2 AGENT][E2SM-KPM] Condition NSSAI (1, ffffff).
[E2 AGENT][E2SM-KPM] Condition NSSAI (1, ffffff).
[E2 AGENT][E2SM-KPM] Condition NSSAI (1, ffffff).
[E2 AGENT][E2SM-KPM] Condition NSSAI (1, ffffff).
[E2 AGENT][E2SM-KPM] Condition NSSAI (1, ffffff).
[E2 AGENT][E2SM-KPM] Condition NSSAI (1, ffffff).
[E2 AGENT][E2SM-KPM] Condition NSSAI (1, ffffff).[NR_MAC] Frame.Slot 640.0
UE RNTI 2362 CU-UE-ID 1 in-sync PH 48 dB PCMAX 20 dBm, average RSRP -43 (16 meas)
UE 2362: UL-RI 1, TPMI 0
UE 2362: dlsch_rounds 63/0/0/0, dlsch_errors 0, pucch0_DTX 0 (SNR 21.3+1.3 dB), BLER 0.00182 MCS (0) 0 CCE fail 6, goodput 0.00 Mbps
UE 2362: ulsch_rounds 369/0/0/0, ulsch_errors 0, ulsch_DTX 0, BLER 0.00000 MCS (0) 0 (Qm 2 deltaMCS 0 dB) NPRB 5 SNR 16.6 (+1.6) dB CCE fail 0, goodput 0.00 Mbps
UE 2362: LCID 1: TX           3507 RX            286 bytes
UE 2362: LCID 2: TX              0 RX              0 bytes
UE 2362: LCID 4: TX             15 RX            280 bytes

[0m[NR_MAC] Frame.Slot 768.0
UE RNTI 2362 CU-UE-ID 1 in-sync PH 48 dB PCMAX 20 dBm, average RSRP -43 (16 meas)
UE 2362: UL-RI 1, TPMI 0
UE 2362: dlsch_rounds 64/0/0/0, dlsch_errors 0, pucch0_DTX 0 (SNR 21.3+1.3 dB), BLER 0.00164 MCS (0) 0 CCE fail 6, goodput 0.00 Mbps
UE 2362: ulsch_rounds 381/0/0/0, ulsch_errors 0, ulsch_DTX 0, BLER 0.00000 MCS (0) 0 (Qm 2 deltaMCS 0 dB) NPRB 5 SNR 16.6 (+1.6) dB CCE fail 0, goodput 0.00 Mbps
UE 2362: LCID 1: TX           3507 RX            286 bytes
UE 2362: LCID 2: TX              0 RX              0 bytes
UE 2362: LCID 4: TX             15 RX            280 bytes

[0m[NR_MAC] Frame.Slot 896.0
UE RNTI 2362 CU-UE-ID 1 in-sync PH 48 dB PCMAX 20 dBm, average RSRP -43 (16 meas)
UE 2362: UL-RI 1, TPMI 0
UE 2362: dlsch_rounds 65/0/0/0, dlsch_errors 0, pucch0_DTX 0 (SNR 21.4+1.4 dB), BLER 0.00148 MCS (0) 0 CCE fail 6, goodput 0.00 Mbps
UE 2362: ulsch_rounds 394/0/0/0, ulsch_errors 0, ulsch_DTX 0, BLER 0.00000 MCS (0) 0 (Qm 2 deltaMCS 0 dB) NPRB 5 SNR 16.7 (+1.7) dB CCE fail 0, goodput 0.00 Mbps
UE 2362: LCID 1: TX           3507 RX            286 bytes
UE 2362: LCID 2: TX              0 RX              0 bytes
UE 2362: LCID 4: TX             15 RX            280 bytes

[0m[NR_MAC] Frame.Slot 0.0
UE RNTI 2362 CU-UE-ID 1 in-sync PH 48 dB PCMAX 20 dBm, average RSRP -43 (16 meas)
UE 2362: UL-RI 1, TPMI 0
UE 2362: dlsch_rounds 67/0/0/0, dlsch_errors 0, pucch0_DTX 0 (SNR 21.5+1.5 dB), BLER 0.00120 MCS (0) 0 CCE fail 6, goodput 0.00 Mbps
UE 2362: ulsch_rounds 407/0/0/0, ulsch_errors 0, ulsch_DTX 0, BLER 0.00000 MCS (0) 0 (Qm 2 deltaMCS 0 dB) NPRB 5 SNR 16.9 (+1.9) dB CCE fail 0, goodput 0.00 Mbps
UE 2362: LCID 1: TX           3507 RX            286 bytes
UE 2362: LCID 2: TX              0 RX              0 bytes
UE 2362: LCID 4: TX             15 RX            280 bytes

[0m[NR_MAC] Frame.Slot 128.0
UE RNTI 2362 CU-UE-ID 1 in-sync PH 48 dB PCMAX 20 dBm, average RSRP -43 (16 meas)
UE 2362: UL-RI 1, TPMI 0
UE 2362: dlsch_rounds 68/0/0/0, dlsch_errors 0, pucch0_DTX 0 (SNR 21.5+1.5 dB), BLER 0.00108 MCS (0) 0 CCE fail 6, goodput 0.00 Mbps
UE 2362: ulsch_rounds 420/0/0/0, ulsch_errors 0, ulsch_DTX 0, BLER 0.00000 MCS (0) 0 (Qm 2 deltaMCS 0 dB) NPRB 5 SNR 17.0 (+2.0) dB CCE fail 0, goodput 0.00 Mbps
UE 2362: LCID 1: TX           3507 RX            286 bytes
UE 2362: LCID 2: TX              0 RX              0 bytes
UE 2362: LCID 4: TX             15 RX            280 bytes

[0m[NR_MAC] Frame.Slot 256.0
UE RNTI 2362 CU-UE-ID 1 in-sync PH 48 dB PCMAX 20 dBm, average RSRP -43 (16 meas)
UE 2362: UL-RI 1, TPMI 0
UE 2362: dlsch_rounds 69/0/0/0, dlsch_errors 0, pucch0_DTX 0 (SNR 21.5+1.5 dB), BLER 0.00097 MCS (0) 0 CCE fail 6, goodput 0.00 Mbps
UE 2362: ulsch_rounds 433/0/0/0, ulsch_errors 0, ulsch_DTX 0, BLER 0.00000 MCS (0) 0 (Qm 2 deltaMCS 0 dB) NPRB 5 SNR 16.1 (+1.1) dB CCE fail 0, goodput 0.00 Mbps
UE 2362: LCID 1: TX           3507 RX            286 bytes
UE 2362: LCID 2: TX              0 RX              0 bytes
UE 2362: LCID 4: TX             15 RX            280 bytes

[0m[NR_MAC] Frame.Slot 384.0
UE RNTI 2362 CU-UE-ID 1 in-sync PH 48 dB PCMAX 20 dBm, average RSRP -43 (16 meas)
UE 2362: UL-RI 1, TPMI 0
UE 2362: dlsch_rounds 70/0/0/0, dlsch_errors 0, pucch0_DTX 0 (SNR 21.6+1.6 dB), BLER 0.00087 MCS (0) 0 CCE fail 6, goodput 0.00 Mbps
UE 2362: ulsch_rounds 445/0/0/0, ulsch_errors 0, ulsch_DTX 0, BLER 0.00000 MCS (0) 0 (Qm 2 deltaMCS 0 dB) NPRB 5 SNR 16.1 (+1.1) dB CCE fail 0, goodput 0.00 Mbps
UE 2362: LCID 1: TX           3507 RX            286 bytes
UE 2362: LCID 2: TX              0 RX              0 bytes
UE 2362: LCID 4: TX             15 RX            280 bytes

[0m[NR_MAC] Frame.Slot 512.0
UE RNTI 2362 CU-UE-ID 1 in-sync PH 48 dB PCMAX 20 dBm, average RSRP -43 (16 meas)
UE 2362: UL-RI 1, TPMI 0
UE 2362: dlsch_rounds 72/0/0/0, dlsch_errors 0, pucch0_DTX 0 (SNR 21.7+1.7 dB), BLER 0.00071 MCS (0) 0 CCE fail 6, goodput 0.00 Mbps
UE 2362: ulsch_rounds 458/0/0/0, ulsch_errors 0, ulsch_DTX 0, BLER 0.00000 MCS (0) 0 (Qm 2 deltaMCS 0 dB) NPRB 5 SNR 16.3 (+1.3) dB CCE fail 0, goodput 0.00 Mbps
UE 2362: LCID 1: TX           3507 RX            286 bytes
UE 2362: LCID 2: TX              0 RX              0 bytes
UE 2362: LCID 4: TX             15 RX            280 bytes

[0m[NR_MAC] Frame.Slot 640.0
UE RNTI 2362 CU-UE-ID 1 in-sync PH 48 dB PCMAX 20 dBm, average RSRP -43 (16 meas)
UE 2362: UL-RI 1, TPMI 0
UE 2362: dlsch_rounds 73/0/0/0, dlsch_errors 0, pucch0_DTX 0 (SNR 21.7+1.7 dB), BLER 0.00064 MCS (0) 0 CCE fail 6, goodput 0.00 Mbps
UE 2362: ulsch_rounds 471/0/0/0, ulsch_errors 0, ulsch_DTX 0, BLER 0.00000 MCS (0) 0 (Qm 2 deltaMCS 0 dB) NPRB 5 SNR 16.4 (+1.4) dB CCE fail 0, goodput 0.00 Mbps
UE 2362: LCID 1: TX           3507 RX            286 bytes
UE 2362: LCID 2: TX              0 RX              0 bytes
UE 2362: LCID 4: TX             15 RX            280 bytes

[0m[NR_MAC] Frame.Slot 768.0
UE RNTI 2362 CU-UE-ID 1 in-sync PH 48 dB PCMAX 20 dBm, average RSRP -43 (16 meas)
UE 2362: UL-RI 1, TPMI 0
UE 2362: dlsch_rounds 74/0/0/0, dlsch_errors 0, pucch0_DTX 0 (SNR 21.8+1.8 dB), BLER 0.00057 MCS (0) 0 CCE fail 6, goodput 0.00 Mbps
UE 2362: ulsch_rounds 484/0/0/0, ulsch_errors 0, ulsch_DTX 0, BLER 0.00000 MCS (0) 0 (Qm 2 deltaMCS 0 dB) NPRB 5 SNR 16.6 (+1.6) dB CCE fail 0, goodput 0.00 Mbps
UE 2362: LCID 1: TX           3507 RX            286 bytes
UE 2362: LCID 2: TX              0 RX              0 bytes
UE 2362: LCID 4: TX             15 RX            280 bytes

[0m[NR_MAC] Frame.Slot 896.0
UE RNTI 2362 CU-UE-ID 1 in-sync PH 48 dB PCMAX 20 dBm, average RSRP -43 (16 meas)
UE 2362: UL-RI 1, TPMI 0
UE 2362: dlsch_rounds 76/0/0/0, dlsch_errors 0, pucch0_DTX 0 (SNR 21.8+1.8 dB), BLER 0.00046 MCS (0) 0 CCE fail 6, goodput 0.00 Mbps
UE 2362: ulsch_rounds 497/0/0/0, ulsch_errors 0, ulsch_DTX 0, BLER 0.00000 MCS (0) 0 (Qm 2 deltaMCS 0 dB) NPRB 5 SNR 16.7 (+1.7) dB CCE fail 0, goodput 0.00 Mbps
UE 2362: LCID 1: TX           3507 RX            286 bytes
UE 2362: LCID 2: TX              0 RX              0 bytes
UE 2362: LCID 4: TX             15 RX            280 bytes

[0m[NR_MAC] Frame.Slot 0.0
UE RNTI 2362 CU-UE-ID 1 in-sync PH 48 dB PCMAX 20 dBm, average RSRP -43 (16 meas)
UE 2362: UL-RI 1, TPMI 0
UE 2362: dlsch_rounds 77/0/0/0, dlsch_errors 0, pucch0_DTX 0 (SNR 21.9+1.9 dB), BLER 0.00042 MCS (0) 0 CCE fail 6, goodput 0.00 Mbps
UE 2362: ulsch_rounds 509/0/0/0, ulsch_errors 0, ulsch_DTX 0, BLER 0.00000 MCS (0) 0 (Qm 2 deltaMCS 0 dB) NPRB 5 SNR 16.7 (+1.7) dB CCE fail 0, goodput 0.00 Mbps
UE 2362: LCID 1: TX           3507 RX            286 bytes
UE 2362: LCID 2: TX              0 RX              0 bytes
UE 2362: LCID 4: TX             15 RX            280 bytes

