CMDLINE: "/opt/oai/bin/nr-uesoftmodem" "-O" "/config/ue.conf" "--rfsim" "--rfsimulator.serveraddr" "10.99.23.202" "--rfsimulator.options" "chanmod" "-r" "106" "--numerology" "1" "--band" "78" "-C" "3619200000" 
[UTIL]   running in SA mode (no --phy-test, --do-ra, --nsa option present)
[0m[UTIL]   threadCreate() for Tpool0_-1: creating thread with affinity ffffffff, priority 97
[0m[UTIL]   threadCreate() for Tpool1_-1: creating thread with affinity ffffffff, priority 97
[0m[UTIL]   threadCreate() for Tpool2_-1: creating thread with affinity ffffffff, priority 97
[0m[UTIL]   threadCreate() for Tpool3_-1: creating thread with affinity ffffffff, priority 97
[0m[UTIL]   threadCreate() for Tpool4_-1: creating thread with affinity ffffffff, priority 97
[0m[UTIL]   threadCreate() for Tpool5_-1: creating thread with affinity ffffffff, priority 97
[0m[UTIL]   threadCreate() for Tpool6_-1: creating thread with affinity ffffffff, priority 97
[0m[UTIL]   threadCreate() for Tpool7_-1: creating thread with affinity ffffffff, priority 97
[0m[OPT]    OPT disabled
[0m[HW]     Version: Branch:  Abrev. Hash:  Date: 
[0m[NR_RRC] create TASK_RRC_NRUE 
[0m[UTIL]   threadCreate() for TASK_RRC_NRUE: creating thread with affinity ffffffff, priority 50
[0m[UTIL]   threadCreate() for TASK_NAS_NRUE: creating thread with affinity ffffffff, priority 50
[0m[SIM]    UICC simulation: IMSI=[REDACTED], IMEISV=6754567890123413, Ki=[REDACTED], OPc=[REDACTED]
[0m[SIM]    overriding potential uicc0.dnn/nssai_sst/nssai_sd from uicc0.pdu_sessions
[0m[SIM]    will request PDU session ID 1, type 1, DNN nist-dnn, NSSAI 1.ffffff
[0m[NR_MAC] [UE0] Initializing MAC
[0m[NR_MAC] Initializing dl and ul config_request. num_slots = 20
[0m[RLC]    Activated srb0 for UE 0
[0m[UTIL]   threadCreate() for time source iq samples: creating thread with affinity ffffffff, priority 2
[0m[UTIL]   time manager configuration: [time source: iq_samples] [mode: standalone] [server IP: 127.0.0.1} [server port: 7374] (server IP/port not used)
[0m[PHY]    Set UE nb_rx_antenna 1, nb_tx_antenna 1, threequarter_fs 0, ofdm_offset_divisor 8
[0m[PHY]    SA init parameters. DL freq 3619200000 UL offset 0 SSB numerology 1 N_RB_DL 106
[0m[PHY]    Init: N_RB_DL 106, first_carrier_offset 1412, nb_prefix_samples 144,nb_prefix_samples0 176, ofdm_symbol_size 2048
[0m[93m[PHY]    samples_per_subframe 61440/per second 61440000, wCP 57344
[0m[PHY]    Set UE_fo_compensation 0, UE_scan_carrier 0, UE_no_timing_correction 0 
, chest-freq 0, chest-time 0
[0m[UTIL]   threadCreate() for SYNC__actor: creating thread with affinity ffffffff, priority 97
[0m[UTIL]   threadCreate() for DL__actor: creating thread with affinity ffffffff, priority 97
[0m[UTIL]   threadCreate() for DL__actor: creating thread with affinity ffffffff, priority 97
[0m[UTIL]   threadCreate() for DL__actor: creating thread with affinity ffffffff, priority 97
[0m[UTIL]   threadCreate() for DL__actor: creating thread with affinity ffffffff, priority 97
[0m[UTIL]   threadCreate() for UL__actor: creating thread with affinity ffffffff, priority 97
[0m[UTIL]   threadCreate() for UL__actor: creating thread with affinity ffffffff, priority 97
[0m[PHY]    Initializing UE vars for gNB TXant 1, UE RXant 1
[0m[PHY]    prs_config configuration NOT found..!! Skipped configuring UE for the PRS reception
[0m[PHY]    HW: Configuring ru_id 0, sample_rate 61440000.000000, tx/rx num_channels 1/1, duplex_mode TDD
[0m[PHY]    HW: Configuring channel 0 (rf_chain 0): setting tx_freq 3619200000 Hz, rx_freq 3619200000 Hz, tune_offset 0
[0m[PHY]    HW: Configuring channel 0 (rf_chain 0): setting tx_gain 0, rx_gain 110
[0m[UTIL]   threadCreate() for ru_start_thread: creating thread with affinity ffffffff, priority 97
[0m[93m[HW]     Warning: rfsimulator parameters should be provided as array elements!
[0m[OCM]    Channel Model (inside of new_channel_desc_scm)=23

[0m[OCM]    [CHANNEL] Getting new channel descriptor, nb_tx 1, nb_rx 1, nb_taps 1, channel_length 1
[0m[OCM]    Model rfsimu_channel_enB0 type AWGN allocated from config file, list modellist_rfsimu_1
[0m[OCM]    Channel Model (inside of new_channel_desc_scm)=23

[0m[OCM]    [CHANNEL] Getting new channel descriptor, nb_tx 1, nb_rx 1, nb_taps 1, channel_length 1
[0m[OCM]    Model rfsimu_channel_enB1 type AWGN allocated from config file, list modellist_rfsimu_1
[0m[OCM]    Channel Model (inside of new_channel_desc_scm)=23

[0m[OCM]    [CHANNEL] Getting new channel descriptor, nb_tx 1, nb_rx 1, nb_taps 1, channel_length 1
[0m[OCM]    Model rfsimu_channel_ue0 type AWGN allocated from config file, list modellist_rfsimu_1
[0m[OCM]    Channel Model (inside of new_channel_desc_scm)=23

[0m[OCM]    [CHANNEL] Getting new channel descriptor, nb_tx 1, nb_rx 1, nb_taps 1, channel_length 1
[0m[OCM]    Model rfsimu_channel_du1 type AWGN allocated from config file, list modellist_rfsimu_1
[0m[OCM]    Channel Model (inside of new_channel_desc_scm)=23

[0m[OCM]    [CHANNEL] Getting new channel descriptor, nb_tx 1, nb_rx 1, nb_taps 1, channel_length 1
[0m[OCM]    Model rfsimu_channel_du2 type AWGN allocated from config file, list modellist_rfsimu_1
[0m[OCM]    Channel Model (inside of new_channel_desc_scm)=23

[0m[OCM]    [CHANNEL] Getting new channel descriptor, nb_tx 1, nb_rx 1, nb_taps 1, channel_length 1
[0m[OCM]    Model rfsimu_channel_du3 type AWGN allocated from config file, list modellist_rfsimu_1
[0m[HW]     Running as client: will connect to a rfsimulator server side
[0m[HW]     [RAU] has loaded RFSIMULATOR device.
[0m[HW]     Trying to connect to 10.99.23.202:4043
[0m[HW]     Connection to 10.99.23.202:4043 established
[0m[HW]     Random channel rfsimu_channel_enB0 in rfsimulator activated
[0m[32m[HW]     RFsim: Number of antennas changed from 0 to 1
[0m[PHY]    Intializing UE Threads for instance 0 ...
[0m[UTIL]   threadCreate() for UEthread_0: creating thread with affinity ffffffff, priority 97
[0m[UTIL]   threadCreate() for L1_UE_stats_0: creating thread with affinity ffffffff, priority 1
[0m[93m[PHY]    SSB position provided
[0m[93m[NR_PHY] Starting sync detection
[0m[PHY]    [UE thread Synch] Running Initial Synch 
[0m[NR_PHY] Starting cell search with center freq: 3619200000, bandwidth: 106. Scanning for 1 number of GSCN.
[0m[NR_PHY] Scanning GSCN: 0, with SSB offset: 516, SSB Freq: 0.000000
[0m[32m[PHY]    Initial sync: pbch decoded sucessfully, ssb index 0
[0m[PHY]    pbch rx ok. rsrp:51 dB/RE, adjust_rxgain:-1 dB
[0m[NR_PHY] Cell Detected with GSCN: 0, SSB SC offset: 516, SSB Ref: 0.000000, PSS Corr peak: 96 dB, PSS Corr Average: 66
[0m[PHY]    [UE0] In synch, rx_offset 61440 samples
[0m[PHY]    [UE 0] Measured Carrier Frequency offset -10 Hz
[0m[32m[PHY]    Initial sync successful, PCI: 0
[0m[PHY]    HW: Configuring channel 0 (rf_chain 0): setting tx_freq 3619199990 Hz, rx_freq 3619199990 Hz, tune_offset 0
[0m[PHY]    Got synch: hw_slot_offset 4, carrier off -10 Hz
[0m[NR_RRC] [UE 0] BCCH update: phyCellID 0->0, arfcn_ssb 0->641280
[0m[32m[PHY]    UE synchronized! decoded_frame_rx=958 UE->init_sync_frame=0 trashed_frames=20
[0m[PHY]    Resynchronizing RX by 61440 samples
[0m[HW]     received write reorder clear context
[0m[PHY]    max_pos_acc = 0, shiftForNextFrame = 0
[0m[32m[NR_RRC] SIB1 decoded
[0m[NR_MAC] [UE 0] Initial cell selection: dl_frequency=3600120 kHz (from command-line, band=78, scs=1)
[0m[NR_MAC] Initial cell selection: uplink_frequency=3600120 kHz (from dl_frequency=3600120 kHz)
[0m[NR_MAC] TDD period index = 6, based on the sum of dl_UL_TransmissionPeriodicity from Pattern1 (5.000000 ms) and Pattern2 (0.000000 ms): Total = 5.000000 ms
[0m[NR_MAC] Set TDD configuration period to: 8 DL slots, 3 UL slots, 10 slots per period (NR_TDD_UL_DL_Pattern is 7 DL slots, 2 UL slots, 6 DL symbols, 4 UL symbols)
[0m[NR_MAC] Configured 1 TDD patterns (total slots: pattern1 = 10, pattern2 = 0)
[0m[PHY]    N_TA_offset changed from 0 to 800
[0m[MAC]    Initialization of 4-Step CBRA procedure
[0m[NR_MAC] [UE 0] selected PRACH occasion: start_symbol 4 fdm 0 slot 19 format 162
[0m[NR_MAC] PRACH scheduler: Selected RO Frame 981, Slot 19, Symbol 4, Fdm 0
[0m[PHY]    PRACH [UE 0] in frame.slot 981.19, placing PRACH in position 2828, Msg1/MsgA-Preamble frequency start 0 (k1 0), preamble_offset 4, first_nonzero_root_idx 0, preambleIndex = 17
[0m[PHY]    [UE 0] RAR-Msg2 decoded
[0m[NR_MAC] [UE 0][RAPROC][RA-RNTI 010f] Got BI RAR subPDU 5 ms
[0m[NR_MAC] [UE 0][RAPROC][RA-RNTI 010f] Got RAPID RAR subPDU
[0m[32m[NR_MAC] [UE 0][RAPROC][982.10] Found RAR with the intended RAPID 17
[0m[93m[MAC]    received TA command 31
[0m[32m[NR_MAC] [RAPROC][982.19] RA-Msg3 transmitted
[0m[32m[NR_MAC] [UE 0][983.10][RAPROC] 4-Step RA procedure succeeded. CBRA: Contention Resolution is successful.
[0m[NR_RRC] [UE0][RAPROC] Logical Channel DL-CCCH (SRB0), Received NR_RRCSetup
[0m[RLC]    Added srb 1 to UE 0
[0m[NR_RRC] State = NR_RRC_CONNECTED
[0m[NAS]    Generate Initial NAS Message: Registration Request
[0m[NAS]    [UE 0] Received NR_NAS_CONN_ESTABLISH_IND: asCause 0
[0m[NR_RRC] [UE 0][RAPROC] Logical Channel UL-DCCH (SRB1), Generating RRCSetupComplete (bytes33)
[0m[MAC]    [UE 0] Applying CellGroupConfig from gNodeB
[0m[NAS]    [UE 0] Received NAS_DOWNLINK_DATA_IND type FGS_AUTHENTICATION_REQUEST with length 42
[0m[NAS]    [UE 0] Received NAS_DOWNLINK_DATA_IND type FGS_SECURITY_MODE_COMMAND with length 21
[0m[NAS]    Generate Initial NAS Message: Registration Request
[0m[NR_RRC] Received securityModeCommand (gNB 0)
[0m[NR_RRC] Receiving from SRB1 (DL-DCCH), Processing securityModeCommand
[0m[NR_RRC] Security algorithm is set to nea0
[0m[NR_RRC] Integrity protection algorithm is set to nia2
[0m[NR_RRC] Receiving from SRB1 (DL-DCCH), encoding securityModeComplete, rrc_TransactionIdentifier: 0
[0m[NR_RRC] Received Capability Enquiry (gNB 0)
[0m[NR_RRC] Receiving from SRB1 (DL-DCCH), Processing UECapabilityEnquiry
[0m[CONFIG] function config_libconfig_init returned 0
AWGN: ricean_factor 0.000000
AWGN: ricean_factor 0.000000
AWGN: ricean_factor 0.000000
AWGN: ricean_factor 0.000000
AWGN: ricean_factor 0.000000
AWGN: ricean_factor 0.000000
Initializing random number generator, seed 1550875473969994521
TYPE <CTRL-C> TO TERMINATE
Entering ITTI signals handler
TYPE <CTRL-C> TO TERMINATE
kausf:54 a8 e7 74 63 d7 90 f1 1d 85 3d 39 6a b aa 80 ca b5 86 79 75 2c 3f 84 d1 3e 1b 2c 62 c6 33 4c 
kseaf:6e 7b b4 eb 54 5e e7 27 a4 ac 7d d6 c9 a9 e5 a f0 16 df 64 ef b3 ec ba ba 43 98 f8 91 73 4d 14 
kamf:22 3e dc 8a 48 9d 85 37 1e c8 dc 92 80 1a 6a 77 34 83 99 47 61 43 b3 38 97 ca a5 64 45 40 54 86 
knas_int: 7d 4f c7 3f 9e f2 11 a2 e6 ff 13 b1 77 35 76 7f 
knas_enc: 18 d1 84 26 4a 59 ee 7a 97 fd 5e 23 54 7d 29 24 
mac 9c c4 43 f1 
[NR_RRC] deriving kRRCenc, kRRCint from KgNB=a6 41 69 ea 99 b1 d8 ed c1 19 08 85 df 19 31 8d f9 91 8d 60 bd e5 5c ee bb 7a d8 45 75 a5 f8 dd [0m
[NR_RRC] securityModeComplete payload: 28 00 00 98 d9 73 00 00 a0 24 00 98 d9 73 00 00 [0m
<UE-NR-Capability>
    <accessStratumRelease><rel15/></accessStratumRelease>
    <pdcp-Parameters>
        <supportedROHC-Profiles>
            <profile0x0000><false/></profile0x0000>
            <profile0x0001><false/></profile0x0001>
            <profile0x0002><false/></profile0x0002>
            <profile0x0003><false/></profile0x0003>
            <profile0x0004><false/></profile0x0004>
            <profile0x0006><false/></profile0x0006>
            <profile0x0101><false/></profile0x0101>
            <profile0x0102><false/></profile0x0102>
            <profile0x0103><false/></profile0x0103>
            <profile0x0104><false/></profile0x0104>
        </supportedROHC-Profiles>
        <maxNumberROHC-ContextSessions><cs2/></maxNumberROHC-ContextSessions>
    </pdcp-Parameters>
    <phy-Parameters>
    </phy-Parameters>
    <rf-Parameters>
        <supportedBandListNR>
            <BandNR>
                <bandNR>1</bandNR>
            </BandNR>
        </supportedBandListNR>
    </rf-Parameters>
</UE-NR-Capability>
[PHY]    [RRC]UE NR Capability encoded, 10 bytes (86 bits)
[0m[NR_RRC] UECapabilityInformation Encoded 106 bits (14 bytes)
[0m[NAS]    [UE 0] Received NAS_DOWNLINK_DATA_IND type FGS_REGISTRATION_ACCEPT with length 53
[0m[NAS]    Received Registration Accept with result 3GPP
[0m[NAS]    SMS not allowed in 5GS Registration Result
[0m[NR_RRC] 5G-GUTI: AMF pointer 0, AMF Set ID 0, 5G-TMSI 857538467 
[0m[NAS]    Send NAS_UPLINK_DATA_REQ message(RegistrationComplete)
[0m[NAS]    requested PDU session ID 1 type 1 NSSAI 1.16777215 DNN nist-dnn
[0m[NAS]    Send NAS_UPLINK_DATA_REQ message(PduSessionEstablishRequest)
[0m[RLC]    Added srb 2 to UE 0
[0m[RLC]    Added drb 1 to UE 0
[0m[RLC]    Added DRB to UE 0
[0m[NR_RRC] RRCReconfiguration includes radio Bearer Configuration
[0m[MAC]    [UE 0] Applying CellGroupConfig from gNodeB
[0m[SDAP]   Default DRB for the created SDAP entity: DRB 1 
[0m[PDCP]   Added DRB 1 to UE ID 0
[0m[NR_RRC] State = NR_RRC_CONNECTED
[0m[NR_RRC] RRCReconfiguration includes Measurement Configuration
[0m[93m[NR_RRC] Measurement gaps not yet supported!
[0m[NAS]    [UE 0] Received NAS_CONN_ESTABLI_CNF: errCode 1, length 103
[0m[NR_RRC] rrcReconfigurationComplete Encoded 10 bits (2 bytes)
[0m[NR_RRC]  Logical Channel UL-DCCH (SRB1), Generating RRCReconfigurationComplete (bytes 2)
[0m[NAS]    Received PDU Session Establishment Accept, UE IPv4: 10.1.0.2
[0m[32m[OIP]    TUN Interface oaitun_ue1 successfully configured, IPv4 10.1.0.2, IPv6 (null)
[0m[UTIL]   threadCreate() for ue_tun_read_0_p1: creating thread with affinity ffffffff, priority 1
[0m[NR_MAC] UE 0 RNTI 2362 stats sfn: 0.8, cumulated bad DCI 0
    DL harq: 18/0
    UL harq: 46/0 avg code rate 0.1, avg bit/symbol 2.1, avg per TB: (nb RBs 25.0, nb symbols 4.1)
[0m[NR_MAC] UE 0 RNTI 2362 stats sfn: 128.8, cumulated bad DCI 0
    DL harq: 33/0
    UL harq: 92/0 avg code rate 0.1, avg bit/symbol 2.1, avg per TB: (nb RBs 16.9, nb symbols 4.5)
[0m[NR_MAC] UE 0 RNTI 2362 stats sfn: 256.8, cumulated bad DCI 0
    DL harq: 35/0
    UL harq: 110/0 avg code rate 0.1, avg bit/symbol 2.1, avg per TB: (nb RBs 16.8, nb symbols 5.5)
[0m[NR_MAC] UE 0 RNTI 2362 stats sfn: 384.8, cumulated bad DCI 0
    DL harq: 37/0
    UL harq: 123/0 avg code rate 0.1, avg bit/symbol 2.1, avg per TB: (nb RBs 15.5, nb symbols 6.3)
[0m[NR_MAC] UE 0 RNTI 2362 stats sfn: 512.8, cumulated bad DCI 0
    DL harq: 38/0
    UL harq: 136/0 avg code rate 0.1, avg bit/symbol 2.0, avg per TB: (nb RBs 14.5, nb symbols 6.9)
[0m[NR_MAC] UE 0 RNTI 2362 stats sfn: 640.8, cumulated bad DCI 0
    DL harq: 40/0
    UL harq: 154/0 avg code rate 0.1, avg bit/symbol 2.0, avg per TB: (nb RBs 14.7, nb symbols 7.3)
[0m[NR_MAC] UE 0 RNTI 2362 stats sfn: 768.8, cumulated bad DCI 0
    DL harq: 42/0
    UL harq: 167/0 avg code rate 0.1, avg bit/symbol 2.0, avg per TB: (nb RBs 14.0, nb symbols 7.7)
[0m[NR_MAC] UE 0 RNTI 2362 stats sfn: 896.8, cumulated bad DCI 0
    DL harq: 43/0
    UL harq: 180/0 avg code rate 0.1, avg bit/symbol 2.0, avg per TB: (nb RBs 13.3, nb symbols 8.1)
[0m[NR_MAC] UE 0 RNTI 2362 stats sfn: 0.8, cumulated bad DCI 0
    DL harq: 44/0
    UL harq: 193/0 avg code rate 0.1, avg bit/symbol 2.0, avg per TB: (nb RBs 12.8, nb symbols 8.4)
[0m[NR_MAC] UE 0 RNTI 2362 stats sfn: 128.8, cumulated bad DCI 0
    DL harq: 46/0
    UL harq: 211/0 avg code rate 0.1, avg bit/symbol 2.0, avg per TB: (nb RBs 13.0, nb symbols 8.6)
[0m[NR_MAC] UE 0 RNTI 2362 stats sfn: 256.8, cumulated bad DCI 0
    DL harq: 48/0
    UL harq: 224/0 avg code rate 0.1, avg bit/symbol 2.0, avg per TB: (nb RBs 12.6, nb symbols 8.9)
[0m[NR_MAC] UE 0 RNTI 2362 stats sfn: 384.8, cumulated bad DCI 0
    DL harq: 49/0
    UL harq: 236/0 avg code rate 0.1, avg bit/symbol 2.0, avg per TB: (nb RBs 12.2, nb symbols 9.1)
[0m[NR_MAC] UE 0 RNTI 2362 stats sfn: 512.8, cumulated bad DCI 0
    DL harq: 50/0
    UL harq: 249/0 avg code rate 0.1, avg bit/symbol 2.0, avg per TB: (nb RBs 11.8, nb symbols 9.3)
[0m[NR_MAC] UE 0 RNTI 2362 stats sfn: 640.8, cumulated bad DCI 0
    DL harq: 52/0
    UL harq: 262/0 avg code rate 0.1, avg bit/symbol 2.0, avg per TB: (nb RBs 11.5, nb symbols 9.5)
[0m[NR_MAC] UE 0 RNTI 2362 stats sfn: 768.8, cumulated bad DCI 0
    DL harq: 53/0
    UL harq: 275/0 avg code rate 0.1, avg bit/symbol 2.0, avg per TB: (nb RBs 11.2, nb symbols 9.6)
[0m[NR_MAC] UE 0 RNTI 2362 stats sfn: 896.8, cumulated bad DCI 0
    DL harq: 54/0
    UL harq: 288/0 avg code rate 0.1, avg bit/symbol 2.0, avg per TB: (nb RBs 10.9, nb symbols 9.8)
[0m[NR_MAC] UE 0 RNTI 2362 stats sfn: 0.8, cumulated bad DCI 0
    DL harq: 55/0
    UL harq: 300/0 avg code rate 0.1, avg bit/symbol 2.0, avg per TB: (nb RBs 10.7, nb symbols 9.9)
[0m[NR_MAC] UE 0 RNTI 2362 stats sfn: 128.8, cumulated bad DCI 0
    DL harq: 57/0
    UL harq: 313/0 avg code rate 0.1, avg bit/symbol 2.0, avg per TB: (nb RBs 10.4, nb symbols 10.0)
[0m[NR_MAC] UE 0 RNTI 2362 stats sfn: 256.8, cumulated bad DCI 0
    DL harq: 58/0
    UL harq: 326/0 avg code rate 0.1, avg bit/symbol 2.0, avg per TB: (nb RBs 10.2, nb symbols 10.2)
[0m[NR_MAC] UE 0 RNTI 2362 stats sfn: 384.8, cumulated bad DCI 0
    DL harq: 60/0
    UL harq: 344/0 avg code rate 0.1, avg bit/symbol 2.0, avg per TB: (nb RBs 10.5, nb symbols 10.2)
[0m[NR_MAC] UE 0 RNTI 2362 stats sfn: 512.8, cumulated bad DCI 0
    DL harq: 62/0
    UL harq: 357/0 avg code rate 0.1, avg bit/symbol 2.0, avg per TB: (nb RBs 10.3, nb symbols 10.3)
[0m[NR_MAC] UE 0 RNTI 2362 stats sfn: 640.8, cumulated bad DCI 0
    DL harq: 63/0
    UL harq: 370/0 avg code rate 0.1, avg bit/symbol 2.0, avg per TB: (nb RBs 10.1, nb symbols 10.4)
[0m[NR_MAC] UE 0 RNTI 2362 stats sfn: 768.8, cumulated bad DCI 0
    DL harq: 64/0
    UL harq: 383/0 avg code rate 0.1, avg bit/symbol 2.0, avg per TB: (nb RBs 10.0, nb symbols 10.4)
[0m[NR_MAC] UE 0 RNTI 2362 stats sfn: 896.8, cumulated bad DCI 0
    DL harq: 65/0
    UL harq: 395/0 avg code rate 0.1, avg bit/symbol 2.0, avg per TB: (nb RBs 9.8, nb symbols 10.5)
[0m[NR_MAC] UE 0 RNTI 2362 stats sfn: 0.8, cumulated bad DCI 0
    DL harq: 67/0
    UL harq: 408/0 avg code rate 0.1, avg bit/symbol 2.0, avg per TB: (nb RBs 9.7, nb symbols 10.6)
[0m[NR_MAC] UE 0 RNTI 2362 stats sfn: 128.8, cumulated bad DCI 0
    DL harq: 68/0
    UL harq: 421/0 avg code rate 0.1, avg bit/symbol 2.0, avg per TB: (nb RBs 9.5, nb symbols 10.7)
[0m[NR_MAC] UE 0 RNTI 2362 stats sfn: 256.8, cumulated bad DCI 0
    DL harq: 69/0
    UL harq: 434/0 avg code rate 0.1, avg bit/symbol 2.0, avg per TB: (nb RBs 9.4, nb symbols 10.7)
[0m[NR_MAC] UE 0 RNTI 2362 stats sfn: 384.8, cumulated bad DCI 0
    DL harq: 70/0
    UL harq: 447/0 avg code rate 0.1, avg bit/symbol 2.0, avg per TB: (nb RBs 9.3, nb symbols 10.8)
[0m[NR_MAC] UE 0 RNTI 2362 stats sfn: 512.8, cumulated bad DCI 0
    DL harq: 72/0
    UL harq: 459/0 avg code rate 0.1, avg bit/symbol 2.0, avg per TB: (nb RBs 9.1, nb symbols 10.8)
[0m[NR_MAC] UE 0 RNTI 2362 stats sfn: 640.8, cumulated bad DCI 0
    DL harq: 73/0
    UL harq: 472/0 avg code rate 0.1, avg bit/symbol 2.0, avg per TB: (nb RBs 9.0, nb symbols 10.9)
[0m[NR_MAC] UE 0 RNTI 2362 stats sfn: 768.8, cumulated bad DCI 0
    DL harq: 74/0
    UL harq: 485/0 avg code rate 0.1, avg bit/symbol 2.0, avg per TB: (nb RBs 8.9, nb symbols 10.9)
[0m[NR_MAC] UE 0 RNTI 2362 stats sfn: 896.8, cumulated bad DCI 0
    DL harq: 76/0
    UL harq: 498/0 avg code rate 0.1, avg bit/symbol 2.0, avg per TB: (nb RBs 8.8, nb symbols 11.0)
[0m[NR_MAC] UE 0 RNTI 2362 stats sfn: 0.8, cumulated bad DCI 0
    DL harq: 77/0
    UL harq: 511/0 avg code rate 0.1, avg bit/symbol 2.0, avg per TB: (nb RBs 8.7, nb symbols 11.0)
[0m[NR_MAC] UE 0 RNTI 2362 stats sfn: 128.8, cumulated bad DCI 0
    DL harq: 78/0
    UL harq: 523/0 avg code rate 0.1, avg bit/symbol 2.0, avg per TB: (nb RBs 8.6, nb symbols 11.1)
