{"seid": 4, "seq": 13497372, "cause": 1, "cause_text": "Request accepted", "ok": true, "sent_seq": 13497372, "action": "drop", "far_ids": [1, 2], "up_seid": 4, "rtt_ms": 0.387, "sent_at": 1790850088.849861, "peer": "172.30.24.20:8805"}
{"seid": 4, "seq": 12198798, "cause": 1, "cause_text": "Request accepted", "ok": true, "sent_seq": 12198798, "action": "forw", "far_ids": [1, 2], "up_seid": 4, "rtt_ms": 0.437, "sent_at": 1790850104.640621, "peer": "172.30.24.20:8805"}
{
 "drop_offset_s": 12.01,
 "forw_offset_s": 27.83,
 "ul": {
  "before": {
   "n": 12,
   "mean_kbps": 1050.4,
   "max_kbps": 1084.8
  },
  "blocked": {
   "n": 13,
   "mean_kbps": 0.0,
   "max_kbps": 0.0
  },
  "after": {
   "n": 16,
   "mean_kbps": 1046.9,
   "max_kbps": 1073.3
  },
  "series_kbps": [
   [
    0,
    1075
   ],
   [
    1,
    1085
   ],
   [
    2,
    1027
   ],
   [
    3,
    1046
   ],
   [
    4,
    1075
   ],
   [
    5,
    1046
   ],
   [
    6,
    1027
   ],
   [
    7,
    1056
   ],
   [
    8,
    1046
   ],
   [
    9,
    1066
   ],
   [
    10,
    1027
   ],
   [
    11,
    1027
   ],
   [
    12,
    0
   ],
   [
    13,
    0
   ],
   [
    14,
    0
   ],
   [
    15,
    0
   ],
   [
    16,
    0
   ],
   [
    17,
    0
   ],
   [
    18,
    0
   ],
   [
    19,
    0
   ],
   [
    20,
    0
   ],
   [
    21,
    0
   ],
   [
    22,
    0
   ],
   [
    23,
    0
   ],
   [
    24,
    0
   ],
   [
    25,
    0
   ],
   [
    26,
    0
   ],
   [
    27,
    278
   ],
   [
    28,
    1046
   ],
   [
    29,
    1056
   ],
   [
    30,
    1008
   ],
   [
    31,
    1056
   ],
   [
    32,
    1066
   ],
   [
    33,
    1008
   ],
   [
    34,
    1066
   ],
   [
    35,
    1046
   ],
   [
    36,
    1056
   ],
   [
    37,
    1056
   ],
   [
    38,
    1008
   ],
   [
    39,
    1066
   ],
   [
    40,
    1027
   ],
   [
    41,
    1056
   ],
   [
    42,
    1066
   ],
   [
    43,
    1037
   ],
   [
    44,
    1073
   ]
  ]
 },
 "dl": {
  "before": {
   "n": 12,
   "mean_kbps": 1050.4,
   "max_kbps": 1065.6
  },
  "blocked": {
   "n": 13,
   "mean_kbps": 0.0,
   "max_kbps": 0.0
  },
  "after": {
   "n": 16,
   "mean_kbps": 1045.8,
   "max_kbps": 1065.6
  },
  "series_kbps": [
   [
    0,
    1066
   ],
   [
    1,
    1046
   ],
   [
    2,
    1056
   ],
   [
    3,
    1046
   ],
   [
    4,
    1046
   ],
   [
    5,
    1046
   ],
   [
    6,
    1046
   ],
   [
    7,
    1056
   ],
   [
    8,
    1046
   ],
   [
    9,
    1046
   ],
   [
    10,
    1037
   ],
   [
    11,
    1066
   ],
   [
    12,
    19
   ],
   [
    13,
    0
   ],
   [
    14,
    0
   ],
   [
    15,
    0
   ],
   [
    16,
    0
   ],
   [
    17,
    0
   ],
   [
    18,
    0
   ],
   [
    19,
    0
   ],
   [
    20,
    0
   ],
   [
    21,
    0
   ],
   [
    22,
    0
   ],
   [
    23,
    0
   ],
   [
    24,
    0
   ],
   [
    25,
    0
   ],
   [
    26,
    0
   ],
   [
    27,
    202
   ],
   [
    28,
    1027
   ],
   [
    29,
    1066
   ],
   [
    30,
    1037
   ],
   [
    31,
    1046
   ],
   [
    32,
    998
   ],
   [
    33,
    1056
   ],
   [
    34,
    1046
   ],
   [
    35,
    1046
   ],
   [
    36,
    1046
   ],
   [
    37,
    1046
   ],
   [
    38,
    1056
   ],
   [
    39,
    1046
   ],
   [
    40,
    1037
   ],
   [
    41,
    1046
   ],
   [
    42,
    1046
   ],
   [
    43,
    1056
   ],
   [
    44,
    1056
   ]
  ]
 }
}
