Trying to read .yaml configuration file
LTTNG Tracing disabled at build-time!
[2026-09-27 17:31:51.136] [amf_app] [start] Options parsed!
[2026-09-27 17:31:51.136] [system ] [debug] Parsing the configuration file, file type YAML.
[2026-09-27 17:31:51.137] [config ] [info] Reading NF configuration from /config/config.yaml
[2026-09-27 17:31:51.148] [config ] [debug] Unknown NF udr in configuration. Ignored
[2026-09-27 17:31:51.148] [config ] [debug] Unknown NF upf in configuration. Ignored
[2026-09-27 17:31:51.149] [config ] [debug] Validating configuration of log_level
[2026-09-27 17:31:51.149] [config ] [debug] Validating configuration of register_nf
[2026-09-27 17:31:51.149] [config ] [debug] Validating configuration of http_version
[2026-09-27 17:31:51.149] [config ] [debug] Validating configuration of http_request_timeout
[2026-09-27 17:31:51.149] [config ] [debug] Validating configuration of NSSF
[2026-09-27 17:31:51.149] [config ] [debug] Validating configuration of NRF
[2026-09-27 17:31:51.150] [config ] [debug] Validating configuration of UDM
[2026-09-27 17:31:51.150] [config ] [debug] Validating configuration of AUSF
[2026-09-27 17:31:51.150] [config ] [debug] Validating configuration of SMF
[2026-09-27 17:31:51.150] [config ] [debug] Validating configuration of AMF
[2026-09-27 17:31:51.152] [config ] [debug] Validating configuration of database
[2026-09-27 17:31:51.153] [config] [info] ==== OAI-CN5G AMF vBranch: HEAD Abrev. Hash: 5ad2873c Date: Tue Dec 9 12:09:26 2025 +0000 ====
[2026-09-27 17:31:51.153] [config] [info] ======================    AMF   =====================
[2026-09-27 17:31:51.153] [config] [info] Configuration AMF:
[2026-09-27 17:31:51.153] [config] [info] - Instance ................: 1
[2026-09-27 17:31:51.153] [config] [info] - PID dir .................: /var/run
[2026-09-27 17:31:51.153] [config] [info] - AMF NAME.................: amf
[2026-09-27 17:31:51.153] [config] [info] - GUAMI (MCC, MNC, Region ID, AMF Set ID, AMF pointer): 
[2026-09-27 17:31:51.153] [config] [info]     (001, 01, 1, 0, 0)
[2026-09-27 17:31:51.153] [config] [info] - Served Guami List:
[2026-09-27 17:31:51.153] [config] [info]     (001, 01, 1 , 0, 0)
[2026-09-27 17:31:51.153] [config] [info] - Relative Capacity .......: 30
[2026-09-27 17:31:51.153] [config] [info] - PLMN Support: 
[2026-09-27 17:31:51.153] [config] [info]     MCC, MNC ..............: 001, 01
[2026-09-27 17:31:51.153] [config] [info]     TAC ...................: 7
[2026-09-27 17:31:51.153] [config] [info]     Slice Support .........:
[2026-09-27 17:31:51.153] [config] [info]         SST ...............: 1
[2026-09-27 17:31:51.153] [config] [info] - Default DNN.................: default
[2026-09-27 17:31:51.153] [config] [info] - Emergency Support .......: No
[2026-09-27 17:31:51.153] [config] [info] - N2 Networking:
[2026-09-27 17:31:51.153] [config] [info]     Iface .................: n2
[2026-09-27 17:31:51.153] [config] [info]     IP Addr ...............: 172.30.22.10
[2026-09-27 17:31:51.153] [config] [info]     Port ..................: 38412
[2026-09-27 17:31:51.153] [config] [info] - SBI Networking:
[2026-09-27 17:31:51.153] [config] [info]     Iface .................: eth0
[2026-09-27 17:31:51.153] [config] [info]     IP Addr ...............: 10.244.0.84
[2026-09-27 17:31:51.153] [config] [info]     Port ..................: 80
[2026-09-27 17:31:51.153] [config] [info]     API version............: v1
[2026-09-27 17:31:51.153] [config] [info] - NRF:
[2026-09-27 17:31:51.153] [config] [info]     URI root ...............: http://oai-nrf:80
[2026-09-27 17:31:51.153] [config] [info]     API version ...........: v1
[2026-09-27 17:31:51.153] [config] [info] - AUSF:
[2026-09-27 17:31:51.153] [config] [info]     URI root ...............: http://oai-ausf:80
[2026-09-27 17:31:51.153] [config] [info]     API version ...........: v1
[2026-09-27 17:31:51.153] [config] [info] - UDM:
[2026-09-27 17:31:51.153] [config] [info]     URI root ...............: http://oai-udm:80
[2026-09-27 17:31:51.153] [config] [info]     API version ...........: v1
[2026-09-27 17:31:51.153] [config] [info] - Supported Features:
[2026-09-27 17:31:51.153] [config] [info]     NF Registration .......: Yes
[2026-09-27 17:31:51.153] [config] [info]     SMF Selection .........: Yes
[2026-09-27 17:31:51.153] [config] [info]     External AUSF .........: Yes
[2026-09-27 17:31:51.153] [config] [info]     External UDM ..........: Yes
[2026-09-27 17:31:51.153] [config] [info]     External NSSF .........: No
[2026-09-27 17:31:51.153] [config] [info]     External LMF ..........: No
[2026-09-27 17:31:51.153] [config] [info]     HTTP version...........: 1
[2026-09-27 17:31:51.153] [config] [info] - Log Level ...............: debug
[2026-09-27 17:31:51.153] [config] [info] - Supported NAS Algorithm: 
[2026-09-27 17:31:51.153] [config] [info]     Ordered Integrity Algorithm: 5G_IA1 5G_IA2 
[2026-09-27 17:31:51.153] [config] [info]     Ordered Ciphering Algorithm: 5G_EA0 5G_EA1 5G_EA2 
[2026-09-27 17:31:51.153] [itti] [start] Starting...
[2026-09-27 17:31:51.153] [itti] [start] Started
[2026-09-27 17:31:51.153] [amf_sbi] [info] HTTP Client successfully initiated on interface eth0 with timeout 3000 ms, HTTP version 1
[2026-09-27 17:31:51.153] [itti] [info] Starting timer_manager_task
[2026-09-27 17:31:51.153] [amf_app] [start] Creating AMF application functionality layer
[2026-09-27 17:31:51.153] [itti] [warning] Could not set schedparam to ITTI task 0, err=1
[2026-09-27 17:31:51.156] [amf_n1] [start] amf_n1 started
[2026-09-27 17:31:51.156] [sctp] [debug] Creating socket!
[2026-09-27 17:31:51.156] [sctp] [debug] Getaddrinfo on 172.30.22.10 was OK
[2026-09-27 17:31:51.156] [sctp] [info] Created socket (3)
[2026-09-27 17:31:51.157] [ngap] [info] Set N2 AMF IPv4 Addr 172.30.22.10, port 38412
[2026-09-27 17:31:51.157] [sctp] [info] Create pthread to receive SCTP message
[2026-09-27 17:31:51.158] [amf_n2] [start] amf_n2 started
[2026-09-27 17:31:51.159] [amf_sbi] [start] amf_sbi started
[2026-09-27 17:31:51.159] [amf_app] [debug] NF instance info
[2026-09-27 17:31:51.159] [amf_app] [debug] 	Instance ID: bc18ca65-7ff3-4203-a2e2-5decd7d7a755
[2026-09-27 17:31:51.159] [amf_app] [debug] 	Instance name: amf
[2026-09-27 17:31:51.159] [amf_app] [debug] 	Instance type: AMF
[2026-09-27 17:31:51.159] [amf_app] [debug] 	Status: REGISTERED
[2026-09-27 17:31:51.159] [amf_app] [debug] 	HeartBeat timer: 50
[2026-09-27 17:31:51.159] [amf_app] [debug] 	Priority: 1
[2026-09-27 17:31:51.159] [amf_app] [debug] 	Capacity: 100
[2026-09-27 17:31:51.159] [amf_app] [debug] 	SNSSAI:
[2026-09-27 17:31:51.159] [amf_app] [debug] 		 SST, SD: 1, FFFFFF
[2026-09-27 17:31:51.159] [amf_app] [debug] 	IPv4 Addr:
[2026-09-27 17:31:51.159] [amf_app] [debug] 		 10.244.0.84
[2026-09-27 17:31:51.159] [amf_app] [debug] 	NF Service
[2026-09-27 17:31:51.159] [amf_app] [debug] 		Service Instance ID: bc18ca65-7ff3-4203-a2e2-5decd7d7a755, Service name: namf-comm, Version (apiVersionInUri: v1, apiFullVersion: 1.0.0 ), Scheme: http, Service status: REGISTERED,  IpEndPoints: Ipv4 Address: 10.244.0.84, TransportProtocol: TCP, Port: 80
[2026-09-27 17:31:51.159] [amf_app] [debug] 		Service Instance ID: namf-evts, Service name: namf-evts, Version (apiVersionInUri: v1, apiFullVersion: 1.0.0 ), Scheme: http, Service status: REGISTERED,  IpEndPoints: Ipv4 Address: 10.244.0.84, TransportProtocol: TCP, Port: 80
[2026-09-27 17:31:51.159] [amf_app] [debug] 	NF Service List
[2026-09-27 17:31:51.159] [amf_app] [debug] 		bc18ca65-7ff3-4203-a2e2-5decd7d7a755
[2026-09-27 17:31:51.159] [amf_app] [debug] 			Service Instance ID: bc18ca65-7ff3-4203-a2e2-5decd7d7a755, Service name: namf-comm, Version (apiVersionInUri: v1, apiFullVersion: 1.0.0 ), Scheme: http, Service status: REGISTERED,  IpEndPoints: Ipv4 Address: 10.244.0.84, TransportProtocol: TCP, Port: 80
[2026-09-27 17:31:51.159] [amf_app] [debug] 	AMF Info
[2026-09-27 17:31:51.159] [amf_app] [debug] 		AMF Set ID: 000, AMF Region ID: 01
[2026-09-27 17:31:51.159] [amf_app] [debug] 		AMF GUAMI List, AMF_ID: 010000
[2026-09-27 17:31:51.159] [amf_app] [debug] 		AMF GUAMI List, PLMN (MCC: 001, MNC: 01)
[2026-09-27 17:31:51.159] [amf_app] [start] Started timer (1)
[2026-09-27 17:31:51.159] [amf_app] [debug] Send ITTI msg to SBI task to trigger the registration request towards all appropriate NRFs
[2026-09-27 17:31:51.159] [amf_app] [debug] Initiating AMF server endpoints
[2026-09-27 17:31:51.159] [amf_sbi] [info] Receive Register NF Instance Request, handling ...
[2026-09-27 17:31:51.159] [amf_sbi] [debug] Send NF Instance Registration to NRF
[2026-09-27 17:31:51.159] [amf_app] [debug] AMF profile to json:
 {"amfInfo":{"amfRegionId":"01","amfSetId":"000","guamiList":[{"amfId":"010000","plmnId":{"mcc":"001","mnc":"01"}}]},"capacity":100,"custom_info":null,"heartBeatTimer":50,"ipv4Addresses":["10.244.0.84"],"nfInstanceId":"bc18ca65-7ff3-4203-a2e2-5decd7d7a755","nfInstanceName":"amf","nfServiceList":{"bc18ca65-7ff3-4203-a2e2-5decd7d7a755":{"ipEndPoints":[{"ipv4Address":"10.244.0.84","port":80,"transport":"TCP"}],"nfServiceStatus":"REGISTERED","scheme":"http","serviceInstanceId":"bc18ca65-7ff3-4203-a2e2-5decd7d7a755","serviceName":"namf-comm","versions":[{"apiFullVersion":"1.0.0","apiVersionInUri":"v1"}]}},"nfServices":[{"ipEndPoints":[{"ipv4Address":"10.244.0.84","port":80,"transport":"TCP"}],"nfServiceStatus":"REGISTERED","scheme":"http","serviceInstanceId":"bc18ca65-7ff3-4203-a2e2-5decd7d7a755","serviceName":"namf-comm","versions":[{"apiFullVersion":"1.0.0","apiVersionInUri":"v1"}]},{"ipEndPoints":[{"ipv4Address":"10.244.0.84","port":80,"transport":"TCP"}],"nfServiceStatus":"REGISTERED","scheme":"http","serviceInstanceId":"namf-evts","serviceName":"namf-evts","versions":[{"apiFullVersion":"1.0.0","apiVersionInUri":"v1"}]}],"nfStatus":"REGISTERED","nfType":"AMF","priority":1,"sNssais":[{"sd":"FFFFFF","sst":1}]}
[2026-09-27 17:31:51.160] [amf_sbi] [info] Send HTTP message to http://oai-nrf:80/nnrf-nfm/v1/nf-instances/bc18ca65-7ff3-4203-a2e2-5decd7d7a755
[2026-09-27 17:31:51.160] [amf_sbi] [info] HTTP message Body: {"amfInfo":{"amfRegionId":"01","amfSetId":"000","guamiList":[{"amfId":"010000","plmnId":{"mcc":"001","mnc":"01"}}]},"capacity":100,"custom_info":null,"heartBeatTimer":50,"ipv4Addresses":["10.244.0.84"],"nfInstanceId":"bc18ca65-7ff3-4203-a2e2-5decd7d7a755","nfInstanceName":"amf","nfServiceList":{"bc18ca65-7ff3-4203-a2e2-5decd7d7a755":{"ipEndPoints":[{"ipv4Address":"10.244.0.84","port":80,"transport":"TCP"}],"nfServiceStatus":"REGISTERED","scheme":"http","serviceInstanceId":"bc18ca65-7ff3-4203-a2e2-5decd7d7a755","serviceName":"namf-comm","versions":[{"apiFullVersion":"1.0.0","apiVersionInUri":"v1"}]}},"nfServices":[{"ipEndPoints":[{"ipv4Address":"10.244.0.84","port":80,"transport":"TCP"}],"nfServiceStatus":"REGISTERED","scheme":"http","serviceInstanceId":"bc18ca65-7ff3-4203-a2e2-5decd7d7a755","serviceName":"namf-comm","versions":[{"apiFullVersion":"1.0.0","apiVersionInUri":"v1"}]},{"ipEndPoints":[{"ipv4Address":"10.244.0.84","port":80,"transport":"TCP"}],"nfServiceStatus":"REGISTERED","scheme":"http","serviceInstanceId":"namf-evts","serviceName":"namf-evts","versions":[{"apiFullVersion":"1.0.0","apiVersionInUri":"v1"}]}],"nfStatus":"REGISTERED","nfType":"AMF","priority":1,"sNssais":[{"sd":"FFFFFF","sst":1}]}
[2026-09-27 17:31:51.160] [amf_sbi] [debug] Send a simple HTTP request
[2026-09-27 17:31:51.160] [amf_server] [debug] Initiate AMF Server Endpoints done!
[2026-09-27 17:31:51.160] [amf_server] [debug] AMF handler for AMFConfigurationApiImpl
[2026-09-27 17:31:51.161] [amf_server] [debug] AMF handler for IndividualSubscriptionDocumentApiImpl
[2026-09-27 17:31:51.161] [amf_server] [debug] AMF handler for IndividualSubscriptionDocumentApiImpl
[2026-09-27 17:31:51.161] [amf_server] [debug] AMF handler for IndividualUeContextDocumentApiImpl
[2026-09-27 17:31:51.161] [amf_server] [debug] AMF handler for N1N2IndividualSubscriptionDocumentApiImpl
[2026-09-27 17:31:51.161] [amf_server] [debug] AMF handler for N1N2MessageCollectionDocumentApiImpl
[2026-09-27 17:31:51.161] [amf_server] [debug] AMF handler for N1N2SubscriptionsCollectionForIndividualUEContextsDocumentApiImpl
[2026-09-27 17:31:51.161] [amf_server] [debug] AMF handler for NonUEN2MessageNotificationIndividualSubscriptionDocumentApiImpl
[2026-09-27 17:31:51.161] [amf_server] [debug] AMF handler for NonUEN2MessagesCollectionDocumentApiImpl
[2026-09-27 17:31:51.161] [amf_server] [debug] AMF handler for NonUEN2MessagesSubscriptionsCollectionDocumentApiImpl
[2026-09-27 17:31:51.161] [amf_server] [debug] AMF handler for SubscriptionsCollectionDocumentApiImpl
[2026-09-27 17:31:51.161] [amf_server] [debug] AMF handler for SubscriptionsCollectionDocumentApiImplEventExposure
[2026-09-27 17:31:51.161] [amf_server] [debug] AMF handler for N1MessageNotifyApiImpl
[2026-09-27 17:31:51.161] [amf_server] [debug] AMF handler for StatusNotifyApiImpl
[2026-09-27 17:31:51.161] [amf_app] [debug] Initiation Done!
[2026-09-27 17:31:51.167] [amf_sbi] [info] Get response with HTTP code (201)
[2026-09-27 17:31:51.167] [amf_sbi] [debug] NFRegistration, got successful response from NRF
[2026-09-27 17:31:51.167] [amf_sbi] [debug] Registered AMF profile (from NRF)
[2026-09-27 17:31:51.167] [amf_app] [debug] NF instance info
[2026-09-27 17:31:51.167] [amf_app] [debug] 	Instance ID: bc18ca65-7ff3-4203-a2e2-5decd7d7a755
[2026-09-27 17:31:51.167] [amf_app] [debug] 	Instance name: amf
[2026-09-27 17:31:51.167] [amf_app] [debug] 	Instance type: AMF
[2026-09-27 17:31:51.167] [amf_app] [debug] 	Status: REGISTERED
[2026-09-27 17:31:51.167] [amf_app] [debug] 	HeartBeat timer: 10
[2026-09-27 17:31:51.167] [amf_app] [debug] 	Priority: 1
[2026-09-27 17:31:51.167] [amf_app] [debug] 	Capacity: 100
[2026-09-27 17:31:51.167] [amf_app] [debug] 	SNSSAI:
[2026-09-27 17:31:51.167] [amf_app] [debug] 		 SST, SD: 1, FFFFFF
[2026-09-27 17:31:51.167] [amf_app] [debug] 	IPv4 Addr:
[2026-09-27 17:31:51.167] [amf_app] [debug] 		 10.244.0.84
[2026-09-27 17:31:51.167] [amf_app] [debug] 	AMF Info
[2026-09-27 17:31:51.167] [amf_app] [debug] 		AMF Set ID: 000, AMF Region ID: 01
[2026-09-27 17:31:51.167] [amf_app] [debug] 		AMF GUAMI List, AMF_ID: 010000
[2026-09-27 17:31:51.167] [amf_app] [debug] 		AMF GUAMI List, PLMN (MCC: 001, MNC: 01)
[2026-09-27 17:31:51.167] [amf_app] [debug] Delete AMF Profile instance...
[2026-09-27 17:31:51.167] [amf_app] [debug] Received SBI_REGISTER_NF_INSTANCE_RESPONSE
[2026-09-27 17:31:51.167] [amf_app] [debug] Handle NF Instance Registration response
[2026-09-27 17:31:51.167] [amf_app] [debug] AMF has successfully registered to NRF.
[2026-09-27 17:31:51.167] [amf_app] [debug] Set value of NRF Heartbeat timer to 10
[2026-09-27 17:31:51.168] [amf_app] [debug] Delete AMF Profile instance...
[2026-09-27 17:32:01.168] [amf_app] [debug] Send ITTI msg to SBI task to trigger NRF Heartbeat
[2026-09-27 17:32:01.168] [amf_sbi] [info] Receive Update NF Instance Request, handling ...
[2026-09-27 17:32:01.168] [amf_sbi] [debug] Send NF Update to NRF
[2026-09-27 17:32:01.168] [amf_sbi] [info] Send HTTP message to http://oai-nrf:80/nnrf-nfm/v1/nf-instances/bc18ca65-7ff3-4203-a2e2-5decd7d7a755
[2026-09-27 17:32:01.168] [amf_sbi] [info] HTTP message Body: [{"op":"replace","path":"/nfStatus","value":"REGISTERED"}]
[2026-09-27 17:32:01.168] [amf_sbi] [debug] Send a simple HTTP request
[2026-09-27 17:32:01.222] [amf_sbi] [info] Get response with HTTP code (204)
[2026-09-27 17:32:01.242] [amf_sbi] [info] Could not get JSON content from the response
[2026-09-27 17:32:01.242] [amf_app] [debug] Received SBI_UPDATE_NF_INSTANCE_RESPONSE
[2026-09-27 17:32:01.242] [amf_app] [debug] Handle NF Update response
[2026-09-27 17:32:01.242] [amf_app] [debug] Set a timer to the next Heart-beat (10)
[2026-09-27 17:32:11.159] [amf_app] [info] 
   |------------------------------------------------------------------------------------------------------------------------------------------------------------|
   |----------------------------------------------------------------------gNBs' Information---------------------------------------------------------------------|
   |  Index |               Status               |              Global Id             |              gNB Name              |                PLMN                |
   |    -   |                  -                 |                  -                 |                  -                 |                  -                 |
   |------------------------------------------------------------------------------------------------------------------------------------------------------------|

   |-----------------------------------------------------------------------------------------------------------------------------------------------------------|
   |---------------------------------------------------------------------UEs' Information----------------------------------------------------------------------|
   |  Index |     5GMM State     |        IMSI        |        GUTI        |   RAN UE NGAP ID   |   AMF UE NGAP ID   |        PLMN        |       Cell Id      |
   |    -   |          -         |          -         |          -         |          -         |          -         |          -         |          -         |
   |-----------------------------------------------------------------------------------------------------------------------------------------------------------|

[2026-09-27 17:32:11.242] [amf_app] [debug] Send ITTI msg to SBI task to trigger NRF Heartbeat
[2026-09-27 17:32:11.242] [amf_sbi] [info] Receive Update NF Instance Request, handling ...
[2026-09-27 17:32:11.242] [amf_sbi] [debug] Send NF Update to NRF
[2026-09-27 17:32:11.242] [amf_sbi] [info] Send HTTP message to http://oai-nrf:80/nnrf-nfm/v1/nf-instances/bc18ca65-7ff3-4203-a2e2-5decd7d7a755
[2026-09-27 17:32:11.242] [amf_sbi] [info] HTTP message Body: [{"op":"replace","path":"/nfStatus","value":"REGISTERED"}]
[2026-09-27 17:32:11.242] [amf_sbi] [debug] Send a simple HTTP request
[2026-09-27 17:32:11.245] [amf_sbi] [info] Get response with HTTP code (204)
[2026-09-27 17:32:11.245] [amf_sbi] [info] Could not get JSON content from the response
[2026-09-27 17:32:11.245] [amf_app] [debug] Received SBI_UPDATE_NF_INSTANCE_RESPONSE
[2026-09-27 17:32:11.245] [amf_app] [debug] Handle NF Update response
[2026-09-27 17:32:11.245] [amf_app] [debug] Set a timer to the next Heart-beat (10)
[2026-09-27 17:32:21.245] [amf_app] [debug] Send ITTI msg to SBI task to trigger NRF Heartbeat
[2026-09-27 17:32:21.245] [amf_sbi] [info] Receive Update NF Instance Request, handling ...
[2026-09-27 17:32:21.245] [amf_sbi] [debug] Send NF Update to NRF
[2026-09-27 17:32:21.245] [amf_sbi] [info] Send HTTP message to http://oai-nrf:80/nnrf-nfm/v1/nf-instances/bc18ca65-7ff3-4203-a2e2-5decd7d7a755
[2026-09-27 17:32:21.245] [amf_sbi] [info] HTTP message Body: [{"op":"replace","path":"/nfStatus","value":"REGISTERED"}]
[2026-09-27 17:32:21.245] [amf_sbi] [debug] Send a simple HTTP request
[2026-09-27 17:32:21.247] [amf_sbi] [info] Get response with HTTP code (204)
[2026-09-27 17:32:21.247] [amf_sbi] [info] Could not get JSON content from the response
[2026-09-27 17:32:21.247] [amf_app] [debug] Received SBI_UPDATE_NF_INSTANCE_RESPONSE
[2026-09-27 17:32:21.247] [amf_app] [debug] Handle NF Update response
[2026-09-27 17:32:21.247] [amf_app] [debug] Set a timer to the next Heart-beat (10)
[2026-09-27 17:32:31.159] [amf_app] [info] 
   |------------------------------------------------------------------------------------------------------------------------------------------------------------|
   |----------------------------------------------------------------------gNBs' Information---------------------------------------------------------------------|
   |  Index |               Status               |              Global Id             |              gNB Name              |                PLMN                |
   |    -   |                  -                 |                  -                 |                  -                 |                  -                 |
   |------------------------------------------------------------------------------------------------------------------------------------------------------------|

   |-----------------------------------------------------------------------------------------------------------------------------------------------------------|
   |---------------------------------------------------------------------UEs' Information----------------------------------------------------------------------|
   |  Index |     5GMM State     |        IMSI        |        GUTI        |   RAN UE NGAP ID   |   AMF UE NGAP ID   |        PLMN        |       Cell Id      |
   |    -   |          -         |          -         |          -         |          -         |          -         |          -         |          -         |
   |-----------------------------------------------------------------------------------------------------------------------------------------------------------|

[2026-09-27 17:32:31.247] [amf_app] [debug] Send ITTI msg to SBI task to trigger NRF Heartbeat
[2026-09-27 17:32:31.248] [amf_sbi] [info] Receive Update NF Instance Request, handling ...
[2026-09-27 17:32:31.248] [amf_sbi] [debug] Send NF Update to NRF
[2026-09-27 17:32:31.248] [amf_sbi] [info] Send HTTP message to http://oai-nrf:80/nnrf-nfm/v1/nf-instances/bc18ca65-7ff3-4203-a2e2-5decd7d7a755
[2026-09-27 17:32:31.248] [amf_sbi] [info] HTTP message Body: [{"op":"replace","path":"/nfStatus","value":"REGISTERED"}]
[2026-09-27 17:32:31.248] [amf_sbi] [debug] Send a simple HTTP request
[2026-09-27 17:32:31.251] [amf_sbi] [info] Get response with HTTP code (204)
[2026-09-27 17:32:31.251] [amf_sbi] [info] Could not get JSON content from the response
[2026-09-27 17:32:31.251] [amf_app] [debug] Received SBI_UPDATE_NF_INSTANCE_RESPONSE
[2026-09-27 17:32:31.251] [amf_app] [debug] Handle NF Update response
[2026-09-27 17:32:31.251] [amf_app] [debug] Set a timer to the next Heart-beat (10)
